Archive member included to satisfy reference by file (symbol)

C:/ST/STM32CubeCLT/GNU-tools-for-STM32/bin/../lib/gcc/arm-none-eabi/11.3.1/../../../../arm-none-eabi/lib/thumb/v7-m/nofp\libc_nano.a(libc_a-exit.o)
                              C:/ST/STM32CubeCLT/GNU-tools-for-STM32/bin/../lib/gcc/arm-none-eabi/11.3.1/../../../../arm-none-eabi/lib/thumb/v7-m/nofp/crt0.o (exit)
C:/ST/STM32CubeCLT/GNU-tools-for-STM32/bin/../lib/gcc/arm-none-eabi/11.3.1/../../../../arm-none-eabi/lib/thumb/v7-m/nofp\libc_nano.a(libc_a-fflush.o)
                              ./Core/Src/freertos.o (fflush)
C:/ST/STM32CubeCLT/GNU-tools-for-STM32/bin/../lib/gcc/arm-none-eabi/11.3.1/../../../../arm-none-eabi/lib/thumb/v7-m/nofp\libc_nano.a(libc_a-findfp.o)
                              C:/ST/STM32CubeCLT/GNU-tools-for-STM32/bin/../lib/gcc/arm-none-eabi/11.3.1/../../../../arm-none-eabi/lib/thumb/v7-m/nofp\libc_nano.a(libc_a-fflush.o) (__sinit)
C:/ST/STM32CubeCLT/GNU-tools-for-STM32/bin/../lib/gcc/arm-none-eabi/11.3.1/../../../../arm-none-eabi/lib/thumb/v7-m/nofp\libc_nano.a(libc_a-fwalk.o)
                              C:/ST/STM32CubeCLT/GNU-tools-for-STM32/bin/../lib/gcc/arm-none-eabi/11.3.1/../../../../arm-none-eabi/lib/thumb/v7-m/nofp\libc_nano.a(libc_a-fflush.o) (_fwalk_sglue)
C:/ST/STM32CubeCLT/GNU-tools-for-STM32/bin/../lib/gcc/arm-none-eabi/11.3.1/../../../../arm-none-eabi/lib/thumb/v7-m/nofp\libc_nano.a(libc_a-printf.o)
                              ./Core/Src/components/platform/sdio.o (printf)
C:/ST/STM32CubeCLT/GNU-tools-for-STM32/bin/../lib/gcc/arm-none-eabi/11.3.1/../../../../arm-none-eabi/lib/thumb/v7-m/nofp\libc_nano.a(libc_a-puts.o)
                              ./Core/Src/components/platform/sdio.o (puts)
C:/ST/STM32CubeCLT/GNU-tools-for-STM32/bin/../lib/gcc/arm-none-eabi/11.3.1/../../../../arm-none-eabi/lib/thumb/v7-m/nofp\libc_nano.a(libc_a-stdio.o)
                              C:/ST/STM32CubeCLT/GNU-tools-for-STM32/bin/../lib/gcc/arm-none-eabi/11.3.1/../../../../arm-none-eabi/lib/thumb/v7-m/nofp\libc_nano.a(libc_a-findfp.o) (__sread)
C:/ST/STM32CubeCLT/GNU-tools-for-STM32/bin/../lib/gcc/arm-none-eabi/11.3.1/../../../../arm-none-eabi/lib/thumb/v7-m/nofp\libc_nano.a(libc_a-wbuf.o)
                              C:/ST/STM32CubeCLT/GNU-tools-for-STM32/bin/../lib/gcc/arm-none-eabi/11.3.1/../../../../arm-none-eabi/lib/thumb/v7-m/nofp\libc_nano.a(libc_a-puts.o) (__swbuf_r)
C:/ST/STM32CubeCLT/GNU-tools-for-STM32/bin/../lib/gcc/arm-none-eabi/11.3.1/../../../../arm-none-eabi/lib/thumb/v7-m/nofp\libc_nano.a(libc_a-wsetup.o)
                              C:/ST/STM32CubeCLT/GNU-tools-for-STM32/bin/../lib/gcc/arm-none-eabi/11.3.1/../../../../arm-none-eabi/lib/thumb/v7-m/nofp\libc_nano.a(libc_a-puts.o) (__swsetup_r)
C:/ST/STM32CubeCLT/GNU-tools-for-STM32/bin/../lib/gcc/arm-none-eabi/11.3.1/../../../../arm-none-eabi/lib/thumb/v7-m/nofp\libc_nano.a(libc_a-memset.o)
                              C:/ST/STM32CubeCLT/GNU-tools-for-STM32/bin/../lib/gcc/arm-none-eabi/11.3.1/../../../../arm-none-eabi/lib/thumb/v7-m/nofp/crt0.o (memset)
C:/ST/STM32CubeCLT/GNU-tools-for-STM32/bin/../lib/gcc/arm-none-eabi/11.3.1/../../../../arm-none-eabi/lib/thumb/v7-m/nofp\libc_nano.a(libc_a-closer.o)
                              C:/ST/STM32CubeCLT/GNU-tools-for-STM32/bin/../lib/gcc/arm-none-eabi/11.3.1/../../../../arm-none-eabi/lib/thumb/v7-m/nofp\libc_nano.a(libc_a-stdio.o) (_close_r)
C:/ST/STM32CubeCLT/GNU-tools-for-STM32/bin/../lib/gcc/arm-none-eabi/11.3.1/../../../../arm-none-eabi/lib/thumb/v7-m/nofp\libc_nano.a(libc_a-reent.o)
                              ./Middlewares/Third_Party/FreeRTOS/Source/tasks.o (_reclaim_reent)
C:/ST/STM32CubeCLT/GNU-tools-for-STM32/bin/../lib/gcc/arm-none-eabi/11.3.1/../../../../arm-none-eabi/lib/thumb/v7-m/nofp\libc_nano.a(libc_a-impure.o)
                              ./Core/Src/freertos.o (_impure_ptr)
C:/ST/STM32CubeCLT/GNU-tools-for-STM32/bin/../lib/gcc/arm-none-eabi/11.3.1/../../../../arm-none-eabi/lib/thumb/v7-m/nofp\libc_nano.a(libc_a-lseekr.o)
                              C:/ST/STM32CubeCLT/GNU-tools-for-STM32/bin/../lib/gcc/arm-none-eabi/11.3.1/../../../../arm-none-eabi/lib/thumb/v7-m/nofp\libc_nano.a(libc_a-stdio.o) (_lseek_r)
C:/ST/STM32CubeCLT/GNU-tools-for-STM32/bin/../lib/gcc/arm-none-eabi/11.3.1/../../../../arm-none-eabi/lib/thumb/v7-m/nofp\libc_nano.a(libc_a-readr.o)
                              C:/ST/STM32CubeCLT/GNU-tools-for-STM32/bin/../lib/gcc/arm-none-eabi/11.3.1/../../../../arm-none-eabi/lib/thumb/v7-m/nofp\libc_nano.a(libc_a-stdio.o) (_read_r)
C:/ST/STM32CubeCLT/GNU-tools-for-STM32/bin/../lib/gcc/arm-none-eabi/11.3.1/../../../../arm-none-eabi/lib/thumb/v7-m/nofp\libc_nano.a(libc_a-writer.o)
                              C:/ST/STM32CubeCLT/GNU-tools-for-STM32/bin/../lib/gcc/arm-none-eabi/11.3.1/../../../../arm-none-eabi/lib/thumb/v7-m/nofp\libc_nano.a(libc_a-stdio.o) (_write_r)
[...]
Memory Configuration

Name             Origin             Length             Attributes
RAM              0x0000000020000000 0x0000000000010000 xrw
FLASH            0x0000000008000000 0x0000000000080000 xr
*default*        0x0000000000000000 0xffffffffffffffff

Linker script and memory map

LOAD C:/ST/STM32CubeCLT/GNU-tools-for-STM32/bin/../lib/gcc/arm-none-eabi/11.3.1/thumb/v7-m/nofp/crti.o
LOAD C:/ST/STM32CubeCLT/GNU-tools-for-STM32/bin/../lib/gcc/arm-none-eabi/11.3.1/thumb/v7-m/nofp/crtbegin.o
LOAD C:/ST/STM32CubeCLT/GNU-tools-for-STM32/bin/../lib/gcc/arm-none-eabi/11.3.1/../../../../arm-none-eabi/lib/thumb/v7-m/nofp/crt0.o
LOAD ./Core/Src/components/platform/platform_os.o
LOAD ./Core/Src/components/platform/sdio.o
LOAD ./Core/Src/components/platform/sdio_driver_port.o
LOAD ./Core/Src/components/sdio_host/sdio_host_transport.o
LOAD ./Core/Src/dma.o
LOAD ./Core/Src/freertos.o
LOAD ./Core/Src/gpio.o
LOAD ./Core/Src/main.o
LOAD ./Core/Src/rtc.o
LOAD ./Core/Src/sdio.o
LOAD ./Core/Src/stm32f1xx_hal_msp.o
LOAD ./Core/Src/stm32f1xx_hal_timebase_tim.o
LOAD ./Core/Src/stm32f1xx_it.o
LOAD ./Core/Src/syscalls.o
LOAD ./Core/Src/sysmem.o
LOAD ./Core/Src/system_stm32f1xx.o
LOAD ./Core/Src/usart.o
LOAD ./Core/Startup/startup_stm32f103zetx.o
LOAD ./Drivers/STM32F1xx_HAL_Driver/Src/stm32f1xx_hal.o
LOAD ./Drivers/STM32F1xx_HAL_Driver/Src/stm32f1xx_hal_cortex.o
LOAD ./Drivers/STM32F1xx_HAL_Driver/Src/stm32f1xx_hal_dma.o
LOAD ./Drivers/STM32F1xx_HAL_Driver/Src/stm32f1xx_hal_exti.o
LOAD ./Drivers/STM32F1xx_HAL_Driver/Src/stm32f1xx_hal_flash.o
LOAD ./Drivers/STM32F1xx_HAL_Driver/Src/stm32f1xx_hal_flash_ex.o
LOAD ./Drivers/STM32F1xx_HAL_Driver/Src/stm32f1xx_hal_gpio.o
LOAD ./Drivers/STM32F1xx_HAL_Driver/Src/stm32f1xx_hal_gpio_ex.o
LOAD ./Drivers/STM32F1xx_HAL_Driver/Src/stm32f1xx_hal_pwr.o
LOAD ./Drivers/STM32F1xx_HAL_Driver/Src/stm32f1xx_hal_rcc.o
LOAD ./Drivers/STM32F1xx_HAL_Driver/Src/stm32f1xx_hal_rcc_ex.o
LOAD ./Drivers/STM32F1xx_HAL_Driver/Src/stm32f1xx_hal_rtc.o
LOAD ./Drivers/STM32F1xx_HAL_Driver/Src/stm32f1xx_hal_rtc_ex.o
LOAD ./Drivers/STM32F1xx_HAL_Driver/Src/stm32f1xx_hal_sd.o
LOAD ./Drivers/STM32F1xx_HAL_Driver/Src/stm32f1xx_hal_tim.o
LOAD ./Drivers/STM32F1xx_HAL_Driver/Src/stm32f1xx_hal_tim_ex.o
LOAD ./Drivers/STM32F1xx_HAL_Driver/Src/stm32f1xx_hal_uart.o
LOAD ./Drivers/STM32F1xx_HAL_Driver/Src/stm32f1xx_ll_dma.o
LOAD ./Drivers/STM32F1xx_HAL_Driver/Src/stm32f1xx_ll_exti.o
LOAD ./Drivers/STM32F1xx_HAL_Driver/Src/stm32f1xx_ll_gpio.o
LOAD ./Drivers/STM32F1xx_HAL_Driver/Src/stm32f1xx_ll_rcc.o
LOAD ./Drivers/STM32F1xx_HAL_Driver/Src/stm32f1xx_ll_sdmmc.o
LOAD ./Drivers/STM32F1xx_HAL_Driver/Src/stm32f1xx_ll_utils.o
LOAD ./Middlewares/Third_Party/FreeRTOS/Source/CMSIS_RTOS/cmsis_os.o
LOAD ./Middlewares/Third_Party/FreeRTOS/Source/croutine.o
LOAD ./Middlewares/Third_Party/FreeRTOS/Source/event_groups.o
LOAD ./Middlewares/Third_Party/FreeRTOS/Source/list.o
LOAD ./Middlewares/Third_Party/FreeRTOS/Source/queue.o
LOAD ./Middlewares/Third_Party/FreeRTOS/Source/stream_buffer.o
LOAD ./Middlewares/Third_Party/FreeRTOS/Source/tasks.o
LOAD ./Middlewares/Third_Party/FreeRTOS/Source/timers.o
LOAD ./Middlewares/Third_Party/FreeRTOS/Source/portable/GCC/ARM_CM3/port.o
LOAD ./Middlewares/Third_Party/FreeRTOS/Source/portable/MemMang/heap_4.o
START GROUP
LOAD C:/ST/STM32CubeCLT/GNU-tools-for-STM32/bin/../lib/gcc/arm-none-eabi/11.3.1/../../../../arm-none-eabi/lib/thumb/v7-m/nofp\libc_nano.a
LOAD C:/ST/STM32CubeCLT/GNU-tools-for-STM32/bin/../lib/gcc/arm-none-eabi/11.3.1/../../../../arm-none-eabi/lib/thumb/v7-m/nofp\libm.a
END GROUP
START GROUP
LOAD C:/ST/STM32CubeCLT/GNU-tools-for-STM32/bin/../lib/gcc/arm-none-eabi/11.3.1/thumb/v7-m/nofp\libgcc.a
LOAD C:/ST/STM32CubeCLT/GNU-tools-for-STM32/bin/../lib/gcc/arm-none-eabi/11.3.1/../../../../arm-none-eabi/lib/thumb/v7-m/nofp\libc_nano.a
END GROUP
START GROUP
LOAD C:/ST/STM32CubeCLT/GNU-tools-for-STM32/bin/../lib/gcc/arm-none-eabi/11.3.1/thumb/v7-m/nofp\libgcc.a
LOAD C:/ST/STM32CubeCLT/GNU-tools-for-STM32/bin/../lib/gcc/arm-none-eabi/11.3.1/../../../../arm-none-eabi/lib/thumb/v7-m/nofp\libc_nano.a
LOAD C:/ST/STM32CubeCLT/GNU-tools-for-STM32/bin/../lib/gcc/arm-none-eabi/11.3.1/../../../../arm-none-eabi/lib/thumb/v7-m/nofp\libnosys.a
END GROUP
START GROUP
LOAD C:/ST/STM32CubeCLT/GNU-tools-for-STM32/bin/../lib/gcc/arm-none-eabi/11.3.1/thumb/v7-m/nofp\libgcc.a
LOAD C:/ST/STM32CubeCLT/GNU-tools-for-STM32/bin/../lib/gcc/arm-none-eabi/11.3.1/../../../../arm-none-eabi/lib/thumb/v7-m/nofp\libc_nano.a
LOAD C:/ST/STM32CubeCLT/GNU-tools-for-STM32/bin/../lib/gcc/arm-none-eabi/11.3.1/../../../../arm-none-eabi/lib/thumb/v7-m/nofp\libnosys.a
END GROUP
LOAD C:/ST/STM32CubeCLT/GNU-tools-for-STM32/bin/../lib/gcc/arm-none-eabi/11.3.1/thumb/v7-m/nofp/crtend.o
LOAD C:/ST/STM32CubeCLT/GNU-tools-for-STM32/bin/../lib/gcc/arm-none-eabi/11.3.1/thumb/v7-m/nofp/crtn.o
                0x0000000020010000                _estack = (ORIGIN (RAM) + LENGTH (RAM))
                0x0000000000000200                _Min_Heap_Size = 0x200
                0x0000000000000400                _Min_Stack_Size = 0x400

.isr_vector     0x0000000008000000      0x1e4
                0x0000000008000000                . = ALIGN (0x4)
 *(.isr_vector)
 .isr_vector    0x0000000008000000      0x1e4 ./Core/Startup/startup_stm32f103zetx.o
                0x0000000008000000                g_pfnVectors
                0x00000000080001e4                . = ALIGN (0x4)

.text           0x00000000080001f0     0x9180
                0x00000000080001f0                . = ALIGN (0x4)
 *(.text)
 .text          0x00000000080001f0       0x40 C:/ST/STM32CubeCLT/GNU-tools-for-STM32/bin/../lib/gcc/arm-none-eabi/11.3.1/thumb/v7-m/nofp/crtbegin.o
 .text          0x0000000008000230      0x378 C:/ST/STM32CubeCLT/GNU-tools-for-STM32/bin/../lib/gcc/arm-none-eabi/11.3.1/thumb/v7-m/nofp\libgcc.a(_arm_addsubdf3.o)
                0x0000000008000230                __aeabi_drsub
                0x0000000008000238                __aeabi_dsub
                0x0000000008000238                __subdf3
                0x000000000800023c                __aeabi_dadd
                0x000000000800023c                __adddf3
                0x00000000080004b4                __floatunsidf
                0x00000000080004b4                __aeabi_ui2d
                0x00000000080004d4                __floatsidf
                0x00000000080004d4                __aeabi_i2d
                0x00000000080004f8                __aeabi_f2d
                0x00000000080004f8                __extendsfdf2
                0x000000000800053c                __floatundidf
                0x000000000800053c                __aeabi_ul2d
                0x000000000800054c                __floatdidf
                0x000000000800054c                __aeabi_l2d
 .text          0x00000000080005a8      0x21c C:/ST/STM32CubeCLT/GNU-tools-for-STM32/bin/../lib/gcc/arm-none-eabi/11.3.1/thumb/v7-m/nofp\libgcc.a(_arm_addsubsf3.o)
                0x00000000080005a8                __aeabi_frsub
                0x00000000080005b0                __subsf3
                0x00000000080005b0                __aeabi_fsub
                0x00000000080005b4                __aeabi_fadd
                0x00000000080005b4                __addsf3
                0x0000000008000714                __aeabi_ui2f
                0x0000000008000714                __floatunsisf
                0x000000000800071c                __aeabi_i2f
                0x000000000800071c                __floatsisf
                0x0000000008000738                __aeabi_ul2f
                0x0000000008000738                __floatundisf
                0x0000000008000748                __aeabi_l2f
                0x0000000008000748                __floatdisf
 .text          0x00000000080007c4      0x2a0 C:/ST/STM32CubeCLT/GNU-tools-for-STM32/bin/../lib/gcc/arm-none-eabi/11.3.1/thumb/v7-m/nofp\libgcc.a(_arm_muldivsf3.o)
                0x00000000080007c4                __mulsf3
                0x00000000080007c4                __aeabi_fmul
                0x000000000800092c                __aeabi_fdiv
                0x000000000800092c                __divsf3
 *(.text*)
 .text.platform_os_delay
                0x0000000008000a64       0x16 ./Core/Src/components/platform/platform_os.o
                0x0000000008000a64                platform_os_delay
 *fill*         0x0000000008000a7a        0x2 
 .text.LL_DMA_EnableChannel
                0x0000000008000a7c       0x3c ./Core/Src/components/platform/sdio.o
 .text.LL_DMA_DisableChannel
                0x0000000008000ab8       0x3c ./Core/Src/components/platform/sdio.o
 .text.LL_DMA_IsActiveFlag_TE4
                0x0000000008000af4       0x26 ./Core/Src/components/platform/sdio.o
 .text.LL_DMA_ClearFlag_GI4
                0x0000000008000b1a       0x1a ./Core/Src/components/platform/sdio.o
 .text.LL_DMA_ClearFlag_TE4
                0x0000000008000b34       0x1a ./Core/Src/components/platform/sdio.o
 *fill*         0x0000000008000b4e        0x2 
 .text.CalcClockDivider
                0x0000000008000b50       0xf0 ./Core/Src/components/platform/sdio.o
 .text.GetITStatus
                0x0000000008000c40       0x58 ./Core/Src/components/platform/sdio.o
                0x0000000008000c40                GetITStatus
 .text.SdioGpioInit
                0x0000000008000c98       0x8c ./Core/Src/components/platform/sdio.o
 .text.CheckError
                0x0000000008000d24      0x220 ./Core/Src/components/platform/sdio.o
 .text.WaitForResponse
                0x0000000008000f44       0x60 ./Core/Src/components/platform/sdio.o
 .text.SDMMC_GetCmdError
                0x0000000008000fa4       0x50 ./Core/Src/components/platform/sdio.o
 .text.SdioDriverInit
                0x0000000008000ff4      0x318 ./Core/Src/components/platform/sdio.o
                0x0000000008000ff4                SdioDriverInit
 .text.SendCMD52
                0x000000000800130c       0x5c ./Core/Src/components/platform/sdio.o
 .text.SendCMD53
                0x0000000008001368       0x60 ./Core/Src/components/platform/sdio.o
 .text.GetBlockNum
                0x00000000080013c8       0x84 ./Core/Src/components/platform/sdio.o
 .text.STM32WriteData
                0x000000000800144c      0x278 ./Core/Src/components/platform/sdio.o
                0x000000000800144c                STM32WriteData
 .text.STM32WriteReg
                0x00000000080016c4       0x40 ./Core/Src/components/platform/sdio.o
                0x00000000080016c4                STM32WriteReg
 .text.STM32ReadReg
                0x0000000008001704       0x3c ./Core/Src/components/platform/sdio.o
                0x0000000008001704                STM32ReadReg
 .text.STM32ReadData
                0x0000000008001740      0x314 ./Core/Src/components/platform/sdio.o
                0x0000000008001740                STM32ReadData
 .text.STM32SdioInit
                0x0000000008001a54       0xb8 ./Core/Src/components/platform/sdio.o
                0x0000000008001a54                STM32SdioInit
 .text.STM32WaitIntr
                0x0000000008001b0c       0xb8 ./Core/Src/components/platform/sdio.o
                0x0000000008001b0c                STM32WaitIntr
 .text.SDIO_IRQHandler
                0x0000000008001bc4       0x88 ./Core/Src/components/platform/sdio.o
                0x0000000008001bc4                SDIO_IRQHandler
 .text.sdio_driver_init
                0x0000000008001c4c       0x3c ./Core/Src/components/platform/sdio_driver_port.o
                0x0000000008001c4c                sdio_driver_init
 .text.sdio_driver_read_bytes
                0x0000000008001c88       0x40 ./Core/Src/components/platform/sdio_driver_port.o
                0x0000000008001c88                sdio_driver_read_bytes
 .text.sdio_driver_write_bytes
                0x0000000008001cc8       0x40 ./Core/Src/components/platform/sdio_driver_port.o
                0x0000000008001cc8                sdio_driver_write_bytes
 .text.sdio_driver_write_blocks
                0x0000000008001d08       0x24 ./Core/Src/components/platform/sdio_driver_port.o
                0x0000000008001d08                sdio_driver_write_blocks
 .text.sdio_driver_read_blocks
                0x0000000008001d2c       0x24 ./Core/Src/components/platform/sdio_driver_port.o
                0x0000000008001d2c                sdio_driver_read_blocks
 .text.sdio_driver_read_byte
                0x0000000008001d50       0x3a ./Core/Src/components/platform/sdio_driver_port.o
                0x0000000008001d50                sdio_driver_read_byte
 .text.sdio_driver_write_byte
                0x0000000008001d8a       0x40 ./Core/Src/components/platform/sdio_driver_port.o
                0x0000000008001d8a                sdio_driver_write_byte
 .text.sdio_driver_wait_int
                0x0000000008001dca       0x28 ./Core/Src/components/platform/sdio_driver_port.o
                0x0000000008001dca                sdio_driver_wait_int
 *fill*         0x0000000008001df2        0x2 
 .text.esp_slave_init_io
                0x0000000008001df4      0x38c ./Core/Src/components/sdio_host/sdio_host_transport.o
 .text.sdio_host_init
                0x0000000008002180       0x98 ./Core/Src/components/sdio_host/sdio_host_transport.o
                0x0000000008002180                sdio_host_init
 .text.esp_sdio_slave_get_rx_data_size
                0x0000000008002218       0x54 ./Core/Src/components/sdio_host/sdio_host_transport.o
 .text.sdio_host_get_packet
                0x000000000800226c      0x1b4 ./Core/Src/components/sdio_host/sdio_host_transport.o
                0x000000000800226c                sdio_host_get_packet
 .text.sdio_host_clear_intr
                0x0000000008002420       0x54 ./Core/Src/components/sdio_host/sdio_host_transport.o
                0x0000000008002420                sdio_host_clear_intr
 .text.sdio_host_get_intr
                0x0000000008002474       0xa0 ./Core/Src/components/sdio_host/sdio_host_transport.o
                0x0000000008002474                sdio_host_get_intr
 .text.sdio_host_wait_int
                0x0000000008002514       0x18 ./Core/Src/components/sdio_host/sdio_host_transport.o
                0x0000000008002514                sdio_host_wait_int
 .text.esp_sdio_host_get_buffer_size
                0x000000000800252c       0xa8 ./Core/Src/components/sdio_host/sdio_host_transport.o
 .text.sdio_host_send_packet
                0x00000000080025d4      0x180 ./Core/Src/components/sdio_host/sdio_host_transport.o
                0x00000000080025d4                sdio_host_send_packet
 .text.LL_AHB1_GRP1_EnableClock
                0x0000000008002754       0x30 ./Core/Src/dma.o
 .text.MX_DMA_Init
                0x0000000008002784       0x1e ./Core/Src/dma.o
                0x0000000008002784                MX_DMA_Init
 *fill*         0x00000000080027a2        0x2 
 .text.vApplicationGetIdleTaskMemory
                0x00000000080027a4       0x30 ./Core/Src/freertos.o
                0x00000000080027a4                vApplicationGetIdleTaskMemory
 .text.MX_FREERTOS_Init
                0x00000000080027d4       0x38 ./Core/Src/freertos.o
                0x00000000080027d4                MX_FREERTOS_Init
 .text.StartDefaultTask
                0x000000000800280c      0x174 ./Core/Src/freertos.o
                0x000000000800280c                StartDefaultTask
 .text.sdio_recv_task
                0x0000000008002980      0x1fc ./Core/Src/freertos.o
                0x0000000008002980                sdio_recv_task
 .text.HAL_UART_RxCpltCallback
                0x0000000008002b7c      0x100 ./Core/Src/freertos.o
                0x0000000008002b7c                HAL_UART_RxCpltCallback
 .text.MX_GPIO_Init
                0x0000000008002c7c       0x5c ./Core/Src/gpio.o
                0x0000000008002c7c                MX_GPIO_Init
 .text.main     0x0000000008002cd8       0x26 ./Core/Src/main.o
                0x0000000008002cd8                main
 .text.SystemClock_Config
                0x0000000008002cfe       0xbc ./Core/Src/main.o
                0x0000000008002cfe                SystemClock_Config
 .text.HAL_TIM_PeriodElapsedCallback
                0x0000000008002dba       0x1e ./Core/Src/main.o
                0x0000000008002dba                HAL_TIM_PeriodElapsedCallback
 .text.Error_Handler
                0x0000000008002dd8        0xa ./Core/Src/main.o
                0x0000000008002dd8                Error_Handler
 *fill*         0x0000000008002de2        0x2 
 .text.MX_RTC_Init
                0x0000000008002de4       0x38 ./Core/Src/rtc.o
                0x0000000008002de4                MX_RTC_Init
 .text.HAL_RTC_MspInit
                0x0000000008002e1c       0x48 ./Core/Src/rtc.o
                0x0000000008002e1c                HAL_RTC_MspInit
 .text.HAL_MspInit
                0x0000000008002e64       0x70 ./Core/Src/stm32f1xx_hal_msp.o
                0x0000000008002e64                HAL_MspInit
 .text.HAL_InitTick
                0x0000000008002ed4       0xf8 ./Core/Src/stm32f1xx_hal_timebase_tim.o
                0x0000000008002ed4                HAL_InitTick
 .text.NMI_Handler
                0x0000000008002fcc        0x6 ./Core/Src/stm32f1xx_it.o
                0x0000000008002fcc                NMI_Handler
 .text.HardFault_Handler
                0x0000000008002fd2        0x6 ./Core/Src/stm32f1xx_it.o
                0x0000000008002fd2                HardFault_Handler
 .text.MemManage_Handler
                0x0000000008002fd8        0x6 ./Core/Src/stm32f1xx_it.o
                0x0000000008002fd8                MemManage_Handler
 .text.BusFault_Handler
                0x0000000008002fde        0x6 ./Core/Src/stm32f1xx_it.o
                0x0000000008002fde                BusFault_Handler
 .text.UsageFault_Handler
                0x0000000008002fe4        0x6 ./Core/Src/stm32f1xx_it.o
                0x0000000008002fe4                UsageFault_Handler
 .text.DebugMon_Handler
                0x0000000008002fea        0xc ./Core/Src/stm32f1xx_it.o
                0x0000000008002fea                DebugMon_Handler
 *fill*         0x0000000008002ff6        0x2 
 .text.TIM2_IRQHandler
                0x0000000008002ff8       0x14 ./Core/Src/stm32f1xx_it.o
                0x0000000008002ff8                TIM2_IRQHandler
 .text.USART1_IRQHandler
                0x000000000800300c       0x14 ./Core/Src/stm32f1xx_it.o
                0x000000000800300c                USART1_IRQHandler
 .text.DMA2_Channel4_5_IRQHandler
                0x0000000008003020       0x14 ./Core/Src/stm32f1xx_it.o
                0x0000000008003020                DMA2_Channel4_5_IRQHandler
 .text._read    0x0000000008003034       0x3a ./Core/Src/syscalls.o
                0x0000000008003034                _read
 .text._write   0x000000000800306e       0x38 ./Core/Src/syscalls.o
                0x000000000800306e                _write
 .text._close   0x00000000080030a6       0x16 ./Core/Src/syscalls.o
                0x00000000080030a6                _close
 .text._fstat   0x00000000080030bc       0x1e ./Core/Src/syscalls.o
                0x00000000080030bc                _fstat
 .text._isatty  0x00000000080030da       0x14 ./Core/Src/syscalls.o
                0x00000000080030da                _isatty
 .text._lseek   0x00000000080030ee       0x18 ./Core/Src/syscalls.o
                0x00000000080030ee                _lseek
 *fill*         0x0000000008003106        0x2 
 .text._sbrk    0x0000000008003108       0x6c ./Core/Src/sysmem.o
                0x0000000008003108                _sbrk
 .text.SystemInit
                0x0000000008003174        0xc ./Core/Src/system_stm32f1xx.o
                0x0000000008003174                SystemInit
 .text.MX_USART1_UART_Init
                0x0000000008003180       0x54 ./Core/Src/usart.o
                0x0000000008003180                MX_USART1_UART_Init
 .text.HAL_UART_MspInit
                0x00000000080031d4       0xa8 ./Core/Src/usart.o
                0x00000000080031d4                HAL_UART_MspInit
 .text.Reset_Handler
                0x000000000800327c       0x48 ./Core/Startup/startup_stm32f103zetx.o
                0x000000000800327c                Reset_Handler
 .text.Default_Handler
                0x00000000080032c4        0x2 ./Core/Startup/startup_stm32f103zetx.o
                0x00000000080032c4                RTC_Alarm_IRQHandler
                0x00000000080032c4                EXTI2_IRQHandler
                0x00000000080032c4                TIM8_TRG_COM_IRQHandler
                0x00000000080032c4                TIM8_CC_IRQHandler
                0x00000000080032c4                TIM1_CC_IRQHandler
                0x00000000080032c4                TIM6_IRQHandler
                0x00000000080032c4                PVD_IRQHandler
                0x00000000080032c4                EXTI3_IRQHandler
                0x00000000080032c4                EXTI0_IRQHandler
                0x00000000080032c4                I2C2_EV_IRQHandler
                0x00000000080032c4                ADC1_2_IRQHandler
                0x00000000080032c4                SPI1_IRQHandler
                0x00000000080032c4                TAMPER_IRQHandler
                0x00000000080032c4                TIM8_UP_IRQHandler
                0x00000000080032c4                DMA2_Channel2_IRQHandler
                0x00000000080032c4                DMA1_Channel4_IRQHandler
                0x00000000080032c4                USART3_IRQHandler
                0x00000000080032c4                RTC_IRQHandler
                0x00000000080032c4                DMA1_Channel7_IRQHandler
                0x00000000080032c4                CAN1_RX1_IRQHandler
                0x00000000080032c4                UART5_IRQHandler
                0x00000000080032c4                ADC3_IRQHandler
                0x00000000080032c4                TIM4_IRQHandler
                0x00000000080032c4                DMA2_Channel1_IRQHandler
                0x00000000080032c4                I2C1_EV_IRQHandler
                0x00000000080032c4                DMA1_Channel6_IRQHandler
                0x00000000080032c4                UART4_IRQHandler
                0x00000000080032c4                TIM3_IRQHandler
                0x00000000080032c4                RCC_IRQHandler
                0x00000000080032c4                TIM1_TRG_COM_IRQHandler
                0x00000000080032c4                DMA1_Channel1_IRQHandler
                0x00000000080032c4                Default_Handler
                0x00000000080032c4                EXTI15_10_IRQHandler
                0x00000000080032c4                TIM7_IRQHandler
                0x00000000080032c4                TIM5_IRQHandler
                0x00000000080032c4                EXTI9_5_IRQHandler
                0x00000000080032c4                SPI2_IRQHandler
                0x00000000080032c4                DMA1_Channel5_IRQHandler
                0x00000000080032c4                EXTI4_IRQHandler
                0x00000000080032c4                USB_LP_CAN1_RX0_IRQHandler
                0x00000000080032c4                USB_HP_CAN1_TX_IRQHandler
                0x00000000080032c4                DMA1_Channel3_IRQHandler
                0x00000000080032c4                FSMC_IRQHandler
                0x00000000080032c4                TIM1_UP_IRQHandler
                0x00000000080032c4                WWDG_IRQHandler
                0x00000000080032c4                TIM1_BRK_IRQHandler
                0x00000000080032c4                EXTI1_IRQHandler
                0x00000000080032c4                USART2_IRQHandler
                0x00000000080032c4                I2C2_ER_IRQHandler
                0x00000000080032c4                DMA1_Channel2_IRQHandler
                0x00000000080032c4                TIM8_BRK_IRQHandler
                0x00000000080032c4                CAN1_SCE_IRQHandler
                0x00000000080032c4                FLASH_IRQHandler
                0x00000000080032c4                SPI3_IRQHandler
                0x00000000080032c4                I2C1_ER_IRQHandler
                0x00000000080032c4                USBWakeUp_IRQHandler
                0x00000000080032c4                DMA2_Channel3_IRQHandler
 *fill*         0x00000000080032c6        0x2 
 .text.HAL_Init
                0x00000000080032c8       0x2c ./Drivers/STM32F1xx_HAL_Driver/Src/stm32f1xx_hal.o
                0x00000000080032c8                HAL_Init
 .text.HAL_IncTick
                0x00000000080032f4       0x24 ./Drivers/STM32F1xx_HAL_Driver/Src/stm32f1xx_hal.o
                0x00000000080032f4                HAL_IncTick
 .text.HAL_GetTick
                0x0000000008003318       0x14 ./Drivers/STM32F1xx_HAL_Driver/Src/stm32f1xx_hal.o
                0x0000000008003318                HAL_GetTick
 .text.HAL_Delay
                0x000000000800332c       0x48 ./Drivers/STM32F1xx_HAL_Driver/Src/stm32f1xx_hal.o
                0x000000000800332c                HAL_Delay
 .text.__NVIC_SetPriorityGrouping
                0x0000000008003374       0x48 ./Drivers/STM32F1xx_HAL_Driver/Src/stm32f1xx_hal_cortex.o
 .text.__NVIC_GetPriorityGrouping
                0x00000000080033bc       0x1c ./Drivers/STM32F1xx_HAL_Driver/Src/stm32f1xx_hal_cortex.o
 .text.__NVIC_EnableIRQ
                0x00000000080033d8       0x38 ./Drivers/STM32F1xx_HAL_Driver/Src/stm32f1xx_hal_cortex.o
 .text.__NVIC_SetPriority
                0x0000000008003410       0x54 ./Drivers/STM32F1xx_HAL_Driver/Src/stm32f1xx_hal_cortex.o
 .text.NVIC_EncodePriority
                0x0000000008003464       0x64 ./Drivers/STM32F1xx_HAL_Driver/Src/stm32f1xx_hal_cortex.o
 .text.HAL_NVIC_SetPriorityGrouping
                0x00000000080034c8       0x16 ./Drivers/STM32F1xx_HAL_Driver/Src/stm32f1xx_hal_cortex.o
                0x00000000080034c8                HAL_NVIC_SetPriorityGrouping
 .text.HAL_NVIC_SetPriority
                0x00000000080034de       0x38 ./Drivers/STM32F1xx_HAL_Driver/Src/stm32f1xx_hal_cortex.o
                0x00000000080034de                HAL_NVIC_SetPriority
 .text.HAL_NVIC_EnableIRQ
                0x0000000008003516       0x1c ./Drivers/STM32F1xx_HAL_Driver/Src/stm32f1xx_hal_cortex.o
                0x0000000008003516                HAL_NVIC_EnableIRQ
 .text.HAL_DMA_Abort
                0x0000000008003532       0x76 ./Drivers/STM32F1xx_HAL_Driver/Src/stm32f1xx_hal_dma.o
                0x0000000008003532                HAL_DMA_Abort
 .text.HAL_DMA_Abort_IT
                0x00000000080035a8      0x210 ./Drivers/STM32F1xx_HAL_Driver/Src/stm32f1xx_hal_dma.o
                0x00000000080035a8                HAL_DMA_Abort_IT
 .text.HAL_DMA_IRQHandler
                0x00000000080037b8      0x478 ./Drivers/STM32F1xx_HAL_Driver/Src/stm32f1xx_hal_dma.o
                0x00000000080037b8                HAL_DMA_IRQHandler
 .text.HAL_GPIO_Init
                0x0000000008003c30      0x328 ./Drivers/STM32F1xx_HAL_Driver/Src/stm32f1xx_hal_gpio.o
                0x0000000008003c30                HAL_GPIO_Init
 .text.HAL_GPIO_ReadPin
                0x0000000008003f58       0x2e ./Drivers/STM32F1xx_HAL_Driver/Src/stm32f1xx_hal_gpio.o
                0x0000000008003f58                HAL_GPIO_ReadPin
 .text.HAL_GPIO_WritePin
                0x0000000008003f86       0x30 ./Drivers/STM32F1xx_HAL_Driver/Src/stm32f1xx_hal_gpio.o
                0x0000000008003f86                HAL_GPIO_WritePin
 *fill*         0x0000000008003fb6        0x2 
 .text.HAL_PWR_EnableBkUpAccess
                0x0000000008003fb8       0x18 ./Drivers/STM32F1xx_HAL_Driver/Src/stm32f1xx_hal_pwr.o
                0x0000000008003fb8                HAL_PWR_EnableBkUpAccess
 .text.HAL_RCC_OscConfig
                0x0000000008003fd0      0x504 ./Drivers/STM32F1xx_HAL_Driver/Src/stm32f1xx_hal_rcc.o
                0x0000000008003fd0                HAL_RCC_OscConfig
 .text.HAL_RCC_ClockConfig
                0x00000000080044d4      0x1d4 ./Drivers/STM32F1xx_HAL_Driver/Src/stm32f1xx_hal_rcc.o
                0x00000000080044d4                HAL_RCC_ClockConfig
 .text.HAL_RCC_GetSysClockFreq
                0x00000000080046a8       0xa8 ./Drivers/STM32F1xx_HAL_Driver/Src/stm32f1xx_hal_rcc.o
                0x00000000080046a8                HAL_RCC_GetSysClockFreq
 .text.HAL_RCC_GetHCLKFreq
                0x0000000008004750       0x14 ./Drivers/STM32F1xx_HAL_Driver/Src/stm32f1xx_hal_rcc.o
                0x0000000008004750                HAL_RCC_GetHCLKFreq
 .text.HAL_RCC_GetPCLK1Freq
                0x0000000008004764       0x28 ./Drivers/STM32F1xx_HAL_Driver/Src/stm32f1xx_hal_rcc.o
                0x0000000008004764                HAL_RCC_GetPCLK1Freq
 .text.HAL_RCC_GetPCLK2Freq
                0x000000000800478c       0x28 ./Drivers/STM32F1xx_HAL_Driver/Src/stm32f1xx_hal_rcc.o
                0x000000000800478c                HAL_RCC_GetPCLK2Freq
 .text.HAL_RCC_GetClockConfig
                0x00000000080047b4       0x60 ./Drivers/STM32F1xx_HAL_Driver/Src/stm32f1xx_hal_rcc.o
                0x00000000080047b4                HAL_RCC_GetClockConfig
 .text.RCC_Delay
                0x0000000008004814       0x3c ./Drivers/STM32F1xx_HAL_Driver/Src/stm32f1xx_hal_rcc.o
 .text.HAL_RCCEx_PeriphCLKConfig
                0x0000000008004850      0x16c ./Drivers/STM32F1xx_HAL_Driver/Src/stm32f1xx_hal_rcc_ex.o
                0x0000000008004850                HAL_RCCEx_PeriphCLKConfig
 .text.HAL_RCCEx_GetPeriphCLKFreq
                0x00000000080049bc      0x1b0 ./Drivers/STM32F1xx_HAL_Driver/Src/stm32f1xx_hal_rcc_ex.o
                0x00000000080049bc                HAL_RCCEx_GetPeriphCLKFreq
 .text.HAL_RTC_Init
                0x0000000008004b6c      0x118 ./Drivers/STM32F1xx_HAL_Driver/Src/stm32f1xx_hal_rtc.o
                0x0000000008004b6c                HAL_RTC_Init
 .text.HAL_RTC_WaitForSynchro
                0x0000000008004c84       0x5a ./Drivers/STM32F1xx_HAL_Driver/Src/stm32f1xx_hal_rtc.o
                0x0000000008004c84                HAL_RTC_WaitForSynchro
 .text.RTC_EnterInitMode
                0x0000000008004cde       0x50 ./Drivers/STM32F1xx_HAL_Driver/Src/stm32f1xx_hal_rtc.o
 .text.RTC_ExitInitMode
                0x0000000008004d2e       0x50 ./Drivers/STM32F1xx_HAL_Driver/Src/stm32f1xx_hal_rtc.o
 .text.HAL_TIM_Base_Init
                0x0000000008004d7e       0x9e ./Drivers/STM32F1xx_HAL_Driver/Src/stm32f1xx_hal_tim.o
                0x0000000008004d7e                HAL_TIM_Base_Init
 .text.HAL_TIM_Base_MspInit
                0x0000000008004e1c       0x12 ./Drivers/STM32F1xx_HAL_Driver/Src/stm32f1xx_hal_tim.o
                0x0000000008004e1c                HAL_TIM_Base_MspInit
 *fill*         0x0000000008004e2e        0x2 
 .text.HAL_TIM_Base_Start_IT
                0x0000000008004e30       0xc0 ./Drivers/STM32F1xx_HAL_Driver/Src/stm32f1xx_hal_tim.o
                0x0000000008004e30                HAL_TIM_Base_Start_IT
 .text.HAL_TIM_IRQHandler
                0x0000000008004ef0      0x210 ./Drivers/STM32F1xx_HAL_Driver/Src/stm32f1xx_hal_tim.o
                0x0000000008004ef0                HAL_TIM_IRQHandler
 .text.HAL_TIM_OC_DelayElapsedCallback
                0x0000000008005100       0x12 ./Drivers/STM32F1xx_HAL_Driver/Src/stm32f1xx_hal_tim.o
                0x0000000008005100                HAL_TIM_OC_DelayElapsedCallback
 .text.HAL_TIM_IC_CaptureCallback
                0x0000000008005112       0x12 ./Drivers/STM32F1xx_HAL_Driver/Src/stm32f1xx_hal_tim.o
                0x0000000008005112                HAL_TIM_IC_CaptureCallback
 .text.HAL_TIM_PWM_PulseFinishedCallback
                0x0000000008005124       0x12 ./Drivers/STM32F1xx_HAL_Driver/Src/stm32f1xx_hal_tim.o
                0x0000000008005124                HAL_TIM_PWM_PulseFinishedCallback
 .text.HAL_TIM_TriggerCallback
                0x0000000008005136       0x12 ./Drivers/STM32F1xx_HAL_Driver/Src/stm32f1xx_hal_tim.o
                0x0000000008005136                HAL_TIM_TriggerCallback
 .text.TIM_Base_SetConfig
                0x0000000008005148       0xf4 ./Drivers/STM32F1xx_HAL_Driver/Src/stm32f1xx_hal_tim.o
                0x0000000008005148                TIM_Base_SetConfig
 .text.HAL_TIMEx_CommutCallback
                0x000000000800523c       0x12 ./Drivers/STM32F1xx_HAL_Driver/Src/stm32f1xx_hal_tim_ex.o
                0x000000000800523c                HAL_TIMEx_CommutCallback
 .text.HAL_TIMEx_BreakCallback
                0x000000000800524e       0x12 ./Drivers/STM32F1xx_HAL_Driver/Src/stm32f1xx_hal_tim_ex.o
                0x000000000800524e                HAL_TIMEx_BreakCallback
 .text.HAL_UART_Init
                0x0000000008005260       0xa0 ./Drivers/STM32F1xx_HAL_Driver/Src/stm32f1xx_hal_uart.o
                0x0000000008005260                HAL_UART_Init
 .text.HAL_UART_Receive_IT
                0x0000000008005300       0x4a ./Drivers/STM32F1xx_HAL_Driver/Src/stm32f1xx_hal_uart.o
                0x0000000008005300                HAL_UART_Receive_IT
 *fill*         0x000000000800534a        0x2 
 .text.HAL_UART_IRQHandler
                0x000000000800534c      0x524 ./Drivers/STM32F1xx_HAL_Driver/Src/stm32f1xx_hal_uart.o
                0x000000000800534c                HAL_UART_IRQHandler
 .text.HAL_UART_TxCpltCallback
                0x0000000008005870       0x12 ./Drivers/STM32F1xx_HAL_Driver/Src/stm32f1xx_hal_uart.o
                0x0000000008005870                HAL_UART_TxCpltCallback
 .text.HAL_UART_ErrorCallback
                0x0000000008005882       0x12 ./Drivers/STM32F1xx_HAL_Driver/Src/stm32f1xx_hal_uart.o
                0x0000000008005882                HAL_UART_ErrorCallback
 .text.HAL_UARTEx_RxEventCallback
                0x0000000008005894       0x16 ./Drivers/STM32F1xx_HAL_Driver/Src/stm32f1xx_hal_uart.o
                0x0000000008005894                HAL_UARTEx_RxEventCallback
 .text.UART_Start_Receive_IT
                0x00000000080058aa       0x72 ./Drivers/STM32F1xx_HAL_Driver/Src/stm32f1xx_hal_uart.o
                0x00000000080058aa                UART_Start_Receive_IT
 .text.UART_EndRxTransfer
                0x000000000800591c       0xc4 ./Drivers/STM32F1xx_HAL_Driver/Src/stm32f1xx_hal_uart.o
 .text.UART_DMAAbortOnError
                0x00000000080059e0       0x28 ./Drivers/STM32F1xx_HAL_Driver/Src/stm32f1xx_hal_uart.o
 .text.UART_Transmit_IT
                0x0000000008005a08       0x9e ./Drivers/STM32F1xx_HAL_Driver/Src/stm32f1xx_hal_uart.o
 .text.UART_EndTransmit_IT
                0x0000000008005aa6       0x30 ./Drivers/STM32F1xx_HAL_Driver/Src/stm32f1xx_hal_uart.o
 .text.UART_Receive_IT
                0x0000000008005ad6      0x17c ./Drivers/STM32F1xx_HAL_Driver/Src/stm32f1xx_hal_uart.o
 *fill*         0x0000000008005c52        0x2 
 .text.UART_SetConfig
                0x0000000008005c54      0x11c ./Drivers/STM32F1xx_HAL_Driver/Src/stm32f1xx_hal_uart.o
 .text.LL_DMA_ConfigTransfer
                0x0000000008005d70       0x48 ./Drivers/STM32F1xx_HAL_Driver/Src/stm32f1xx_ll_dma.o
 .text.LL_DMA_SetDataLength
                0x0000000008005db8       0x44 ./Drivers/STM32F1xx_HAL_Driver/Src/stm32f1xx_ll_dma.o
 .text.LL_DMA_SetMemoryAddress
                0x0000000008005dfc       0x30 ./Drivers/STM32F1xx_HAL_Driver/Src/stm32f1xx_ll_dma.o
 .text.LL_DMA_SetPeriphAddress
                0x0000000008005e2c       0x30 ./Drivers/STM32F1xx_HAL_Driver/Src/stm32f1xx_ll_dma.o
 .text.LL_DMA_Init
                0x0000000008005e5c       0x72 ./Drivers/STM32F1xx_HAL_Driver/Src/stm32f1xx_ll_dma.o
                0x0000000008005e5c                LL_DMA_Init
 .text.SDIO_Init
                0x0000000008005ece       0x54 ./Drivers/STM32F1xx_HAL_Driver/Src/stm32f1xx_ll_sdmmc.o
                0x0000000008005ece                SDIO_Init
 .text.SDIO_PowerState_ON
                0x0000000008005f22       0x1a ./Drivers/STM32F1xx_HAL_Driver/Src/stm32f1xx_ll_sdmmc.o
                0x0000000008005f22                SDIO_PowerState_ON
 .text.SDIO_SendCommand
                0x0000000008005f3c       0x52 ./Drivers/STM32F1xx_HAL_Driver/Src/stm32f1xx_ll_sdmmc.o
                0x0000000008005f3c                SDIO_SendCommand
 .text.SDIO_GetResponse
                0x0000000008005f8e       0x24 ./Drivers/STM32F1xx_HAL_Driver/Src/stm32f1xx_ll_sdmmc.o
                0x0000000008005f8e                SDIO_GetResponse
 .text.SDIO_ConfigData
                0x0000000008005fb2       0x56 ./Drivers/STM32F1xx_HAL_Driver/Src/stm32f1xx_ll_sdmmc.o
                0x0000000008005fb2                SDIO_ConfigData
 .text.makeFreeRtosPriority
                0x0000000008006008       0x2e ./Middlewares/Third_Party/FreeRTOS/Source/CMSIS_RTOS/cmsis_os.o
 .text.osKernelStart
                0x0000000008006036        0xe ./Middlewares/Third_Party/FreeRTOS/Source/CMSIS_RTOS/cmsis_os.o
                0x0000000008006036                osKernelStart
 .text.osThreadCreate
                0x0000000008006044       0x98 ./Middlewares/Third_Party/FreeRTOS/Source/CMSIS_RTOS/cmsis_os.o
                0x0000000008006044                osThreadCreate
 .text.vListInitialise
                0x00000000080060dc       0x3e ./Middlewares/Third_Party/FreeRTOS/Source/list.o
                0x00000000080060dc                vListInitialise
 .text.vListInitialiseItem
                0x000000000800611a       0x18 ./Middlewares/Third_Party/FreeRTOS/Source/list.o
                0x000000000800611a                vListInitialiseItem
 .text.vListInsertEnd
                0x0000000008006132       0x46 ./Middlewares/Third_Party/FreeRTOS/Source/list.o
                0x0000000008006132                vListInsertEnd
 .text.vListInsert
                0x0000000008006178       0x70 ./Middlewares/Third_Party/FreeRTOS/Source/list.o
                0x0000000008006178                vListInsert
 .text.uxListRemove
                0x00000000080061e8       0x52 ./Middlewares/Third_Party/FreeRTOS/Source/list.o
                0x00000000080061e8                uxListRemove
 *fill*         0x000000000800623a        0x2 
 .text.xQueueGenericReset
                0x000000000800623c       0xd0 ./Middlewares/Third_Party/FreeRTOS/Source/queue.o
                0x000000000800623c                xQueueGenericReset
 .text.xQueueGenericCreate
                0x000000000800630c       0x7c ./Middlewares/Third_Party/FreeRTOS/Source/queue.o
                0x000000000800630c                xQueueGenericCreate
 .text.prvInitialiseNewQueue
                0x0000000008006388       0x3e ./Middlewares/Third_Party/FreeRTOS/Source/queue.o
 .text.prvInitialiseMutex
                0x00000000080063c6       0x34 ./Middlewares/Third_Party/FreeRTOS/Source/queue.o
 .text.xQueueCreateMutex
                0x00000000080063fa       0x30 ./Middlewares/Third_Party/FreeRTOS/Source/queue.o
                0x00000000080063fa                xQueueCreateMutex
 *fill*         0x000000000800642a        0x2 
 .text.xQueueGenericSend
                0x000000000800642c      0x1fc ./Middlewares/Third_Party/FreeRTOS/Source/queue.o
                0x000000000800642c                xQueueGenericSend
 .text.xQueueGiveFromISR
                0x0000000008006628      0x11a ./Middlewares/Third_Party/FreeRTOS/Source/queue.o
                0x0000000008006628                xQueueGiveFromISR
 *fill*         0x0000000008006742        0x2 
 .text.xQueueSemaphoreTake
                0x0000000008006744      0x218 ./Middlewares/Third_Party/FreeRTOS/Source/queue.o
                0x0000000008006744                xQueueSemaphoreTake
 .text.prvGetDisinheritPriorityAfterTimeout
                0x000000000800695c       0x2e ./Middlewares/Third_Party/FreeRTOS/Source/queue.o
 .text.prvCopyDataToQueue
                0x000000000800698a       0xd4 ./Middlewares/Third_Party/FreeRTOS/Source/queue.o
 .text.prvUnlockQueue
                0x0000000008006a5e       0xa4 ./Middlewares/Third_Party/FreeRTOS/Source/queue.o
 .text.prvIsQueueEmpty
                0x0000000008006b02       0x2c ./Middlewares/Third_Party/FreeRTOS/Source/queue.o
 .text.prvIsQueueFull
                0x0000000008006b2e       0x30 ./Middlewares/Third_Party/FreeRTOS/Source/queue.o
 .text.xTaskCreateStatic
                0x0000000008006b5e       0xb8 ./Middlewares/Third_Party/FreeRTOS/Source/tasks.o
                0x0000000008006b5e                xTaskCreateStatic
 .text.xTaskCreate
                0x0000000008006c16       0x8a ./Middlewares/Third_Party/FreeRTOS/Source/tasks.o
                0x0000000008006c16                xTaskCreate
 .text.prvInitialiseNewTask
                0x0000000008006ca0      0x12c ./Middlewares/Third_Party/FreeRTOS/Source/tasks.o
 .text.prvAddNewTaskToReadyList
                0x0000000008006dcc       0xd4 ./Middlewares/Third_Party/FreeRTOS/Source/tasks.o
 .text.vTaskDelay
                0x0000000008006ea0       0x68 ./Middlewares/Third_Party/FreeRTOS/Source/tasks.o
                0x0000000008006ea0                vTaskDelay
 .text.vTaskStartScheduler
                0x0000000008006f08       0xd4 ./Middlewares/Third_Party/FreeRTOS/Source/tasks.o
                0x0000000008006f08                vTaskStartScheduler
 .text.vTaskSuspendAll
                0x0000000008006fdc       0x1c ./Middlewares/Third_Party/FreeRTOS/Source/tasks.o
                0x0000000008006fdc                vTaskSuspendAll
 .text.xTaskResumeAll
                0x0000000008006ff8      0x138 ./Middlewares/Third_Party/FreeRTOS/Source/tasks.o
                0x0000000008006ff8                xTaskResumeAll
 .text.xTaskIncrementTick
                0x0000000008007130      0x17c ./Middlewares/Third_Party/FreeRTOS/Source/tasks.o
                0x0000000008007130                xTaskIncrementTick
 .text.vTaskSwitchContext
                0x00000000080072ac       0xc4 ./Middlewares/Third_Party/FreeRTOS/Source/tasks.o
                0x00000000080072ac                vTaskSwitchContext
 .text.vTaskPlaceOnEventList
                0x0000000008007370       0x48 ./Middlewares/Third_Party/FreeRTOS/Source/tasks.o
                0x0000000008007370                vTaskPlaceOnEventList
 .text.xTaskRemoveFromEventList
                0x00000000080073b8       0xc4 ./Middlewares/Third_Party/FreeRTOS/Source/tasks.o
                0x00000000080073b8                xTaskRemoveFromEventList
 .text.vTaskInternalSetTimeOutState
                0x000000000800747c       0x2c ./Middlewares/Third_Party/FreeRTOS/Source/tasks.o
                0x000000000800747c                vTaskInternalSetTimeOutState
 .text.xTaskCheckForTimeOut
                0x00000000080074a8       0xc4 ./Middlewares/Third_Party/FreeRTOS/Source/tasks.o
                0x00000000080074a8                xTaskCheckForTimeOut
 .text.vTaskMissedYield
                0x000000000800756c       0x18 ./Middlewares/Third_Party/FreeRTOS/Source/tasks.o
                0x000000000800756c                vTaskMissedYield
 .text.prvIdleTask
                0x0000000008007584       0x30 ./Middlewares/Third_Party/FreeRTOS/Source/tasks.o
 .text.prvInitialiseTaskLists
                0x00000000080075b4       0x80 ./Middlewares/Third_Party/FreeRTOS/Source/tasks.o
 .text.prvCheckTasksWaitingTermination
                0x0000000008007634       0x5c ./Middlewares/Third_Party/FreeRTOS/Source/tasks.o
 .text.prvDeleteTCB
                0x0000000008007690       0x68 ./Middlewares/Third_Party/FreeRTOS/Source/tasks.o
 .text.prvResetNextTaskUnblockTime
                0x00000000080076f8       0x48 ./Middlewares/Third_Party/FreeRTOS/Source/tasks.o
 .text.xTaskGetSchedulerState
                0x0000000008007740       0x3c ./Middlewares/Third_Party/FreeRTOS/Source/tasks.o
                0x0000000008007740                xTaskGetSchedulerState
 .text.xTaskPriorityInherit
                0x000000000800777c      0x10c ./Middlewares/Third_Party/FreeRTOS/Source/tasks.o
                0x000000000800777c                xTaskPriorityInherit
 .text.xTaskPriorityDisinherit
                0x0000000008007888      0x10c ./Middlewares/Third_Party/FreeRTOS/Source/tasks.o
                0x0000000008007888                xTaskPriorityDisinherit
 .text.vTaskPriorityDisinheritAfterTimeout
                0x0000000008007994      0x140 ./Middlewares/Third_Party/FreeRTOS/Source/tasks.o
                0x0000000008007994                vTaskPriorityDisinheritAfterTimeout
 .text.pvTaskIncrementMutexHeldCount
                0x0000000008007ad4       0x28 ./Middlewares/Third_Party/FreeRTOS/Source/tasks.o
                0x0000000008007ad4                pvTaskIncrementMutexHeldCount
 .text.prvAddCurrentTaskToDelayedList
                0x0000000008007afc       0xcc ./Middlewares/Third_Party/FreeRTOS/Source/tasks.o
 .text.pxPortInitialiseStack
                0x0000000008007bc8       0x58 ./Middlewares/Third_Party/FreeRTOS/Source/portable/GCC/ARM_CM3/port.o
                0x0000000008007bc8                pxPortInitialiseStack
 .text.prvTaskExitError
                0x0000000008007c20       0x58 ./Middlewares/Third_Party/FreeRTOS/Source/portable/GCC/ARM_CM3/port.o
 *fill*         0x0000000008007c78        0x8 
 .text.SVC_Handler
                0x0000000008007c80       0x28 ./Middlewares/Third_Party/FreeRTOS/Source/portable/GCC/ARM_CM3/port.o
                0x0000000008007c80                SVC_Handler
 .text.prvPortStartFirstTask
                0x0000000008007ca8       0x20 ./Middlewares/Third_Party/FreeRTOS/Source/portable/GCC/ARM_CM3/port.o
 .text.xPortStartScheduler
                0x0000000008007cc8       0xe4 ./Middlewares/Third_Party/FreeRTOS/Source/portable/GCC/ARM_CM3/port.o
                0x0000000008007cc8                xPortStartScheduler
 .text.vPortEnterCritical
                0x0000000008007dac       0x60 ./Middlewares/Third_Party/FreeRTOS/Source/portable/GCC/ARM_CM3/port.o
                0x0000000008007dac                vPortEnterCritical
 .text.vPortExitCritical
                0x0000000008007e0c       0x50 ./Middlewares/Third_Party/FreeRTOS/Source/portable/GCC/ARM_CM3/port.o
                0x0000000008007e0c                vPortExitCritical
 *fill*         0x0000000008007e5c        0x4 
 .text.PendSV_Handler
                0x0000000008007e60       0x48 ./Middlewares/Third_Party/FreeRTOS/Source/portable/GCC/ARM_CM3/port.o
                0x0000000008007e60                PendSV_Handler
 .text.SysTick_Handler
                0x0000000008007ea8       0x44 ./Middlewares/Third_Party/FreeRTOS/Source/portable/GCC/ARM_CM3/port.o
                0x0000000008007ea8                SysTick_Handler
 .text.vPortSetupTimerInterrupt
                0x0000000008007eec       0x44 ./Middlewares/Third_Party/FreeRTOS/Source/portable/GCC/ARM_CM3/port.o
                0x0000000008007eec                vPortSetupTimerInterrupt
 .text.vPortValidateInterruptPriority
                0x0000000008007f30       0x7c ./Middlewares/Third_Party/FreeRTOS/Source/portable/GCC/ARM_CM3/port.o
                0x0000000008007f30                vPortValidateInterruptPriority
 .text.pvPortMalloc
                0x0000000008007fac      0x188 ./Middlewares/Third_Party/FreeRTOS/Source/portable/MemMang/heap_4.o
                0x0000000008007fac                pvPortMalloc
 .text.vPortFree
                0x0000000008008134       0xb4 ./Middlewares/Third_Party/FreeRTOS/Source/portable/MemMang/heap_4.o
                0x0000000008008134                vPortFree
 .text.prvHeapInit
                0x00000000080081e8       0xc4 ./Middlewares/Third_Party/FreeRTOS/Source/portable/MemMang/heap_4.o
 .text.prvInsertBlockIntoFreeList
                0x00000000080082ac       0xb0 ./Middlewares/Third_Party/FreeRTOS/Source/portable/MemMang/heap_4.o
 .text.__sflush_r
                0x000000000800835c      0x104 C:/ST/STM32CubeCLT/GNU-tools-for-STM32/bin/../lib/gcc/arm-none-eabi/11.3.1/../../../../arm-none-eabi/lib/thumb/v7-m/nofp\libc_nano.a(libc_a-fflush.o)
                0x000000000800835c                __sflush_r
 .text._fflush_r
                0x0000000008008460       0x50 C:/ST/STM32CubeCLT/GNU-tools-for-STM32/bin/../lib/gcc/arm-none-eabi/11.3.1/../../../../arm-none-eabi/lib/thumb/v7-m/nofp\libc_nano.a(libc_a-fflush.o)
                0x0000000008008460                _fflush_r
 .text.fflush   0x00000000080084b0       0x28 C:/ST/STM32CubeCLT/GNU-tools-for-STM32/bin/../lib/gcc/arm-none-eabi/11.3.1/../../../../arm-none-eabi/lib/thumb/v7-m/nofp\libc_nano.a(libc_a-fflush.o)
                0x00000000080084b0                fflush
 .text.std      0x00000000080084d8       0x48 C:/ST/STM32CubeCLT/GNU-tools-for-STM32/bin/../lib/gcc/arm-none-eabi/11.3.1/../../../../arm-none-eabi/lib/thumb/v7-m/nofp\libc_nano.a(libc_a-findfp.o)
 .text.stdio_exit_handler
                0x0000000008008520       0x18 C:/ST/STM32CubeCLT/GNU-tools-for-STM32/bin/../lib/gcc/arm-none-eabi/11.3.1/../../../../arm-none-eabi/lib/thumb/v7-m/nofp\libc_nano.a(libc_a-findfp.o)
 .text.cleanup_stdio
                0x0000000008008538       0x40 C:/ST/STM32CubeCLT/GNU-tools-for-STM32/bin/../lib/gcc/arm-none-eabi/11.3.1/../../../../arm-none-eabi/lib/thumb/v7-m/nofp\libc_nano.a(libc_a-findfp.o)
 .text.global_stdio_init.part.0
                0x0000000008008578       0x3c C:/ST/STM32CubeCLT/GNU-tools-for-STM32/bin/../lib/gcc/arm-none-eabi/11.3.1/../../../../arm-none-eabi/lib/thumb/v7-m/nofp\libc_nano.a(libc_a-findfp.o)
 .text.__sfp_lock_acquire
                0x00000000080085b4        0xc C:/ST/STM32CubeCLT/GNU-tools-for-STM32/bin/../lib/gcc/arm-none-eabi/11.3.1/../../../../arm-none-eabi/lib/thumb/v7-m/nofp\libc_nano.a(libc_a-findfp.o)
                0x00000000080085b4                __sfp_lock_acquire
 .text.__sfp_lock_release
                0x00000000080085c0        0xc C:/ST/STM32CubeCLT/GNU-tools-for-STM32/bin/../lib/gcc/arm-none-eabi/11.3.1/../../../../arm-none-eabi/lib/thumb/v7-m/nofp\libc_nano.a(libc_a-findfp.o)
                0x00000000080085c0                __sfp_lock_release
 .text.__sinit  0x00000000080085cc       0x30 C:/ST/STM32CubeCLT/GNU-tools-for-STM32/bin/../lib/gcc/arm-none-eabi/11.3.1/../../../../arm-none-eabi/lib/thumb/v7-m/nofp\libc_nano.a(libc_a-findfp.o)
                0x00000000080085cc                __sinit
 .text._fwalk_sglue
                0x00000000080085fc       0x3c C:/ST/STM32CubeCLT/GNU-tools-for-STM32/bin/../lib/gcc/arm-none-eabi/11.3.1/../../../../arm-none-eabi/lib/thumb/v7-m/nofp\libc_nano.a(libc_a-fwalk.o)
                0x00000000080085fc                _fwalk_sglue
 .text.printf   0x0000000008008638       0x24 C:/ST/STM32CubeCLT/GNU-tools-for-STM32/bin/../lib/gcc/arm-none-eabi/11.3.1/../../../../arm-none-eabi/lib/thumb/v7-m/nofp\libc_nano.a(libc_a-printf.o)
                0x0000000008008638                iprintf
                0x0000000008008638                printf
 .text._puts_r  0x000000000800865c       0xa8 C:/ST/STM32CubeCLT/GNU-tools-for-STM32/bin/../lib/gcc/arm-none-eabi/11.3.1/../../../../arm-none-eabi/lib/thumb/v7-m/nofp\libc_nano.a(libc_a-puts.o)
                0x000000000800865c                _puts_r
 .text.puts     0x0000000008008704       0x10 C:/ST/STM32CubeCLT/GNU-tools-for-STM32/bin/../lib/gcc/arm-none-eabi/11.3.1/../../../../arm-none-eabi/lib/thumb/v7-m/nofp\libc_nano.a(libc_a-puts.o)
                0x0000000008008704                puts
 .text.__sread  0x0000000008008714       0x22 C:/ST/STM32CubeCLT/GNU-tools-for-STM32/bin/../lib/gcc/arm-none-eabi/11.3.1/../../../../arm-none-eabi/lib/thumb/v7-m/nofp\libc_nano.a(libc_a-stdio.o)
                0x0000000008008714                __sread
 .text.__swrite
                0x0000000008008736       0x38 C:/ST/STM32CubeCLT/GNU-tools-for-STM32/bin/../lib/gcc/arm-none-eabi/11.3.1/../../../../arm-none-eabi/lib/thumb/v7-m/nofp\libc_nano.a(libc_a-stdio.o)
                0x0000000008008736                __swrite
 .text.__sseek  0x000000000800876e       0x24 C:/ST/STM32CubeCLT/GNU-tools-for-STM32/bin/../lib/gcc/arm-none-eabi/11.3.1/../../../../arm-none-eabi/lib/thumb/v7-m/nofp\libc_nano.a(libc_a-stdio.o)
                0x000000000800876e                __sseek
 .text.__sclose
                0x0000000008008792        0x8 C:/ST/STM32CubeCLT/GNU-tools-for-STM32/bin/../lib/gcc/arm-none-eabi/11.3.1/../../../../arm-none-eabi/lib/thumb/v7-m/nofp\libc_nano.a(libc_a-stdio.o)
                0x0000000008008792                __sclose
 .text.__swbuf_r
                0x000000000800879a       0x7a C:/ST/STM32CubeCLT/GNU-tools-for-STM32/bin/../lib/gcc/arm-none-eabi/11.3.1/../../../../arm-none-eabi/lib/thumb/v7-m/nofp\libc_nano.a(libc_a-wbuf.o)
                0x000000000800879a                __swbuf_r
 .text.__swsetup_r
                0x0000000008008814       0xb0 C:/ST/STM32CubeCLT/GNU-tools-for-STM32/bin/../lib/gcc/arm-none-eabi/11.3.1/../../../../arm-none-eabi/lib/thumb/v7-m/nofp\libc_nano.a(libc_a-wsetup.o)
                0x0000000008008814                __swsetup_r
 .text.memset   0x00000000080088c4       0x10 C:/ST/STM32CubeCLT/GNU-tools-for-STM32/bin/../lib/gcc/arm-none-eabi/11.3.1/../../../../arm-none-eabi/lib/thumb/v7-m/nofp\libc_nano.a(libc_a-memset.o)
                0x00000000080088c4                memset
 .text._close_r
                0x00000000080088d4       0x20 C:/ST/STM32CubeCLT/GNU-tools-for-STM32/bin/../lib/gcc/arm-none-eabi/11.3.1/../../../../arm-none-eabi/lib/thumb/v7-m/nofp\libc_nano.a(libc_a-closer.o)
                0x00000000080088d4                _close_r
 .text._reclaim_reent
                0x00000000080088f4       0xac C:/ST/STM32CubeCLT/GNU-tools-for-STM32/bin/../lib/gcc/arm-none-eabi/11.3.1/../../../../arm-none-eabi/lib/thumb/v7-m/nofp\libc_nano.a(libc_a-reent.o)
                0x00000000080088f4                _reclaim_reent
 .text._lseek_r
                0x00000000080089a0       0x24 C:/ST/STM32CubeCLT/GNU-tools-for-STM32/bin/../lib/gcc/arm-none-eabi/11.3.1/../../../../arm-none-eabi/lib/thumb/v7-m/nofp\libc_nano.a(libc_a-lseekr.o)
                0x00000000080089a0                _lseek_r
 .text._read_r  0x00000000080089c4       0x24 C:/ST/STM32CubeCLT/GNU-tools-for-STM32/bin/../lib/gcc/arm-none-eabi/11.3.1/../../../../arm-none-eabi/lib/thumb/v7-m/nofp\libc_nano.a(libc_a-readr.o)
                0x00000000080089c4                _read_r
 .text._write_r
                0x00000000080089e8       0x24 C:/ST/STM32CubeCLT/GNU-tools-for-STM32/bin/../lib/gcc/arm-none-eabi/11.3.1/../../../../arm-none-eabi/lib/thumb/v7-m/nofp\libc_nano.a(libc_a-writer.o)
                0x00000000080089e8                _write_r
 .text.__errno  0x0000000008008a0c        0xc C:/ST/STM32CubeCLT/GNU-tools-for-STM32/bin/../lib/gcc/arm-none-eabi/11.3.1/../../../../arm-none-eabi/lib/thumb/v7-m/nofp\libc_nano.a(libc_a-errno.o)
                0x0000000008008a0c                __errno
 .text.__libc_init_array
                0x0000000008008a18       0x48 C:/ST/STM32CubeCLT/GNU-tools-for-STM32/bin/../lib/gcc/arm-none-eabi/11.3.1/../../../../arm-none-eabi/lib/thumb/v7-m/nofp\libc_nano.a(libc_a-init.o)
                0x0000000008008a18                __libc_init_array
 .text.__retarget_lock_acquire_recursive
                0x0000000008008a60        0x2 C:/ST/STM32CubeCLT/GNU-tools-for-STM32/bin/../lib/gcc/arm-none-eabi/11.3.1/../../../../arm-none-eabi/lib/thumb/v7-m/nofp\libc_nano.a(libc_a-lock.o)
                0x0000000008008a60                __retarget_lock_acquire_recursive
 .text.__retarget_lock_release_recursive
                0x0000000008008a62        0x2 C:/ST/STM32CubeCLT/GNU-tools-for-STM32/bin/../lib/gcc/arm-none-eabi/11.3.1/../../../../arm-none-eabi/lib/thumb/v7-m/nofp\libc_nano.a(libc_a-lock.o)
                0x0000000008008a62                __retarget_lock_release_recursive
 .text.memcpy   0x0000000008008a64       0x1c C:/ST/STM32CubeCLT/GNU-tools-for-STM32/bin/../lib/gcc/arm-none-eabi/11.3.1/../../../../arm-none-eabi/lib/thumb/v7-m/nofp\libc_nano.a(libc_a-memcpy-stub.o)
                0x0000000008008a64                memcpy
 .text._free_r  0x0000000008008a80       0x90 C:/ST/STM32CubeCLT/GNU-tools-for-STM32/bin/../lib/gcc/arm-none-eabi/11.3.1/../../../../arm-none-eabi/lib/thumb/v7-m/nofp\libc_nano.a(libc_a-freer.o)
                0x0000000008008a80                _free_r
 .text.sbrk_aligned
                0x0000000008008b10       0x40 C:/ST/STM32CubeCLT/GNU-tools-for-STM32/bin/../lib/gcc/arm-none-eabi/11.3.1/../../../../arm-none-eabi/lib/thumb/v7-m/nofp\libc_nano.a(libc_a-mallocr.o)
 .text._malloc_r
                0x0000000008008b50      0x100 C:/ST/STM32CubeCLT/GNU-tools-for-STM32/bin/../lib/gcc/arm-none-eabi/11.3.1/../../../../arm-none-eabi/lib/thumb/v7-m/nofp\libc_nano.a(libc_a-mallocr.o)
                0x0000000008008b50                _malloc_r
 .text.__malloc_lock
                0x0000000008008c50        0xc C:/ST/STM32CubeCLT/GNU-tools-for-STM32/bin/../lib/gcc/arm-none-eabi/11.3.1/../../../../arm-none-eabi/lib/thumb/v7-m/nofp\libc_nano.a(libc_a-mlock.o)
                0x0000000008008c50                __malloc_lock
 .text.__malloc_unlock
                0x0000000008008c5c        0xc C:/ST/STM32CubeCLT/GNU-tools-for-STM32/bin/../lib/gcc/arm-none-eabi/11.3.1/../../../../arm-none-eabi/lib/thumb/v7-m/nofp\libc_nano.a(libc_a-mlock.o)
                0x0000000008008c5c                __malloc_unlock
 .text.__sfputc_r
                0x0000000008008c68       0x2a C:/ST/STM32CubeCLT/GNU-tools-for-STM32/bin/../lib/gcc/arm-none-eabi/11.3.1/../../../../arm-none-eabi/lib/thumb/v7-m/nofp\libc_nano.a(libc_a-nano-vfprintf.o)
 .text.__sfputs_r
                0x0000000008008c92       0x24 C:/ST/STM32CubeCLT/GNU-tools-for-STM32/bin/../lib/gcc/arm-none-eabi/11.3.1/../../../../arm-none-eabi/lib/thumb/v7-m/nofp\libc_nano.a(libc_a-nano-vfprintf.o)
                0x0000000008008c92                __sfputs_r
 *fill*         0x0000000008008cb6        0x2 
 .text._vfprintf_r
                0x0000000008008cb8      0x234 C:/ST/STM32CubeCLT/GNU-tools-for-STM32/bin/../lib/gcc/arm-none-eabi/11.3.1/../../../../arm-none-eabi/lib/thumb/v7-m/nofp\libc_nano.a(libc_a-nano-vfprintf.o)
                0x0000000008008cb8                _vfprintf_r
                0x0000000008008cb8                _vfiprintf_r
 .text._printf_common
                0x0000000008008eec       0xe4 C:/ST/STM32CubeCLT/GNU-tools-for-STM32/bin/../lib/gcc/arm-none-eabi/11.3.1/../../../../arm-none-eabi/lib/thumb/v7-m/nofp\libc_nano.a(libc_a-nano-vfprintf_i.o)
                0x0000000008008eec                _printf_common
 .text._printf_i
                0x0000000008008fd0      0x244 C:/ST/STM32CubeCLT/GNU-tools-for-STM32/bin/../lib/gcc/arm-none-eabi/11.3.1/../../../../arm-none-eabi/lib/thumb/v7-m/nofp\libc_nano.a(libc_a-nano-vfprintf_i.o)
                0x0000000008008fd0                _printf_i
 .text.__swhatbuf_r
                0x0000000008009214       0x4a C:/ST/STM32CubeCLT/GNU-tools-for-STM32/bin/../lib/gcc/arm-none-eabi/11.3.1/../../../../arm-none-eabi/lib/thumb/v7-m/nofp\libc_nano.a(libc_a-makebuf.o)
                0x0000000008009214                __swhatbuf_r
 .text.__smakebuf_r
                0x000000000800925e       0x78 C:/ST/STM32CubeCLT/GNU-tools-for-STM32/bin/../lib/gcc/arm-none-eabi/11.3.1/../../../../arm-none-eabi/lib/thumb/v7-m/nofp\libc_nano.a(libc_a-makebuf.o)
                0x000000000800925e                __smakebuf_r
 *fill*         0x00000000080092d6        0x2 
 .text._fstat_r
                0x00000000080092d8       0x24 C:/ST/STM32CubeCLT/GNU-tools-for-STM32/bin/../lib/gcc/arm-none-eabi/11.3.1/../../../../arm-none-eabi/lib/thumb/v7-m/nofp\libc_nano.a(libc_a-fstatr.o)
                0x00000000080092d8                _fstat_r
 .text._isatty_r
                0x00000000080092fc       0x20 C:/ST/STM32CubeCLT/GNU-tools-for-STM32/bin/../lib/gcc/arm-none-eabi/11.3.1/../../../../arm-none-eabi/lib/thumb/v7-m/nofp\libc_nano.a(libc_a-isattyr.o)
                0x00000000080092fc                _isatty_r
 .text._sbrk_r  0x000000000800931c       0x20 C:/ST/STM32CubeCLT/GNU-tools-for-STM32/bin/../lib/gcc/arm-none-eabi/11.3.1/../../../../arm-none-eabi/lib/thumb/v7-m/nofp\libc_nano.a(libc_a-sbrkr.o)
                0x000000000800931c                _sbrk_r
 .text.memchr   0x000000000800933c       0x1c C:/ST/STM32CubeCLT/GNU-tools-for-STM32/bin/../lib/gcc/arm-none-eabi/11.3.1/../../../../arm-none-eabi/lib/thumb/v7-m/nofp\libc_nano.a(libc_a-memchr-stub.o)
                0x000000000800933c                memchr
 *(.glue_7)
 .glue_7        0x0000000008009358        0x0 linker stubs
 *(.glue_7t)
 .glue_7t       0x0000000008009358        0x0 linker stubs
 *(.eh_frame)
 .eh_frame      0x0000000008009358        0x0 C:/ST/STM32CubeCLT/GNU-tools-for-STM32/bin/../lib/gcc/arm-none-eabi/11.3.1/thumb/v7-m/nofp/crtbegin.o
 *(.init)
 .init          0x0000000008009358        0x4 C:/ST/STM32CubeCLT/GNU-tools-for-STM32/bin/../lib/gcc/arm-none-eabi/11.3.1/thumb/v7-m/nofp/crti.o
                0x0000000008009358                _init
 .init          0x000000000800935c        0x8 C:/ST/STM32CubeCLT/GNU-tools-for-STM32/bin/../lib/gcc/arm-none-eabi/11.3.1/thumb/v7-m/nofp/crtn.o
 *(.fini)
 .fini          0x0000000008009364        0x4 C:/ST/STM32CubeCLT/GNU-tools-for-STM32/bin/../lib/gcc/arm-none-eabi/11.3.1/thumb/v7-m/nofp/crti.o
                0x0000000008009364                _fini
 .fini          0x0000000008009368        0x8 C:/ST/STM32CubeCLT/GNU-tools-for-STM32/bin/../lib/gcc/arm-none-eabi/11.3.1/thumb/v7-m/nofp/crtn.o
                0x0000000008009370                . = ALIGN (0x4)
                0x0000000008009370                _etext = .

.vfp11_veneer   0x0000000008009370        0x0
 .vfp11_veneer  0x0000000008009370        0x0 linker stubs

.v4_bx          0x0000000008009370        0x0
 .v4_bx         0x0000000008009370        0x0 linker stubs

.iplt           0x0000000008009370        0x0
 .iplt          0x0000000008009370        0x0 C:/ST/STM32CubeCLT/GNU-tools-for-STM32/bin/../lib/gcc/arm-none-eabi/11.3.1/thumb/v7-m/nofp/crtbegin.o

.rodata         0x0000000008009370      0x7a8
                0x0000000008009370                . = ALIGN (0x4)
 *(.rodata)
 .rodata        0x0000000008009370      0x28f ./Core/Src/components/platform/sdio.o
 *fill*         0x00000000080095ff        0x1 
 .rodata        0x0000000008009600       0x3f ./Core/Src/components/platform/sdio_driver_port.o
 *fill*         0x000000000800963f        0x1 
 .rodata        0x0000000008009640      0x24c ./Core/Src/components/sdio_host/sdio_host_transport.o
 .rodata        0x000000000800988c      0x182 ./Core/Src/freertos.o
 *fill*         0x0000000008009a0e        0x2 
 .rodata        0x0000000008009a10        0x5 ./Middlewares/Third_Party/FreeRTOS/Source/tasks.o
 *(.rodata*)
 *fill*         0x0000000008009a15        0x3 
 .rodata.CHANNEL_OFFSET_TAB
                0x0000000008009a18        0x7 ./Core/Src/components/platform/sdio.o
 *fill*         0x0000000008009a1f        0x1 
 .rodata.TAG    0x0000000008009a20        0xb ./Core/Src/components/platform/sdio.o
 *fill*         0x0000000008009a2b        0x1 
 .rodata.__FUNCTION__.4
                0x0000000008009a2c        0xf ./Core/Src/components/platform/sdio.o
 *fill*         0x0000000008009a3b        0x1 
 .rodata.__FUNCTION__.3
                0x0000000008009a3c        0xf ./Core/Src/components/platform/sdio.o
 *fill*         0x0000000008009a4b        0x1 
 .rodata.__FUNCTION__.2
                0x0000000008009a4c        0xe ./Core/Src/components/platform/sdio.o
 *fill*         0x0000000008009a5a        0x2 
 .rodata.__FUNCTION__.1
                0x0000000008009a5c        0xd ./Core/Src/components/platform/sdio.o
 *fill*         0x0000000008009a69        0x3 
 .rodata.__FUNCTION__.0
                0x0000000008009a6c        0xe ./Core/Src/components/platform/sdio.o
 *fill*         0x0000000008009a7a        0x2 
 .rodata.TAG    0x0000000008009a7c        0xf ./Core/Src/components/sdio_host/sdio_host_transport.o
 *fill*         0x0000000008009a8b        0x1 
 .rodata.__FUNCTION__.0
                0x0000000008009a8c        0xf ./Core/Src/freertos.o
 *fill*         0x0000000008009a9b        0x1 
 .rodata.AHBPrescTable
                0x0000000008009a9c       0x10 ./Core/Src/system_stm32f1xx.o
                0x0000000008009a9c                AHBPrescTable
 .rodata.APBPrescTable
                0x0000000008009aac        0x8 ./Core/Src/system_stm32f1xx.o
                0x0000000008009aac                APBPrescTable
 .rodata.aPLLMULFactorTable.1
                0x0000000008009ab4       0x10 ./Drivers/STM32F1xx_HAL_Driver/Src/stm32f1xx_hal_rcc.o
 .rodata.aPredivFactorTable.0
                0x0000000008009ac4        0x2 ./Drivers/STM32F1xx_HAL_Driver/Src/stm32f1xx_hal_rcc.o
 *fill*         0x0000000008009ac6        0x2 
 .rodata.aPLLMULFactorTable.1
                0x0000000008009ac8       0x10 ./Drivers/STM32F1xx_HAL_Driver/Src/stm32f1xx_hal_rcc_ex.o
 .rodata.aPredivFactorTable.0
                0x0000000008009ad8        0x2 ./Drivers/STM32F1xx_HAL_Driver/Src/stm32f1xx_hal_rcc_ex.o
 *fill*         0x0000000008009ada        0x2 
 .rodata.CHANNEL_OFFSET_TAB
                0x0000000008009adc        0x7 ./Drivers/STM32F1xx_HAL_Driver/Src/stm32f1xx_ll_dma.o
 .rodata._vfprintf_r.str1.1
                0x0000000008009ae3       0x11 C:/ST/STM32CubeCLT/GNU-tools-for-STM32/bin/../lib/gcc/arm-none-eabi/11.3.1/../../../../arm-none-eabi/lib/thumb/v7-m/nofp\libc_nano.a(libc_a-nano-vfprintf.o)
 .rodata._printf_i.str1.1
                0x0000000008009af4       0x22 C:/ST/STM32CubeCLT/GNU-tools-for-STM32/bin/../lib/gcc/arm-none-eabi/11.3.1/../../../../arm-none-eabi/lib/thumb/v7-m/nofp\libc_nano.a(libc_a-nano-vfprintf_i.o)
                0x0000000008009b18                . = ALIGN (0x4)
 *fill*         0x0000000008009b16        0x2 

.rel.dyn        0x0000000008009b18        0x0
 .rel.iplt      0x0000000008009b18        0x0 C:/ST/STM32CubeCLT/GNU-tools-for-STM32/bin/../lib/gcc/arm-none-eabi/11.3.1/thumb/v7-m/nofp/crtbegin.o

.ARM.extab      0x0000000008009b18        0x0
                0x0000000008009b18                . = ALIGN (0x4)
 *(.ARM.extab* .gnu.linkonce.armextab.*)
                0x0000000008009b18                . = ALIGN (0x4)

.ARM            0x0000000008009b18        0x0
                0x0000000008009b18                . = ALIGN (0x4)
                0x0000000008009b18                __exidx_start = .
 *(.ARM.exidx*)
                0x0000000008009b18                __exidx_end = .
                0x0000000008009b18                . = ALIGN (0x4)

.preinit_array  0x0000000008009b18        0x0
                0x0000000008009b18                . = ALIGN (0x4)
                0x0000000008009b18                PROVIDE (__preinit_array_start = .)
 *(.preinit_array*)
                0x0000000008009b18                PROVIDE (__preinit_array_end = .)
                0x0000000008009b18                . = ALIGN (0x4)

.init_array     0x0000000008009b18        0x4
                0x0000000008009b18                . = ALIGN (0x4)
                0x0000000008009b18                PROVIDE (__init_array_start = .)
 *(SORT_BY_NAME(.init_array.*))
 *(.init_array*)
 .init_array    0x0000000008009b18        0x4 C:/ST/STM32CubeCLT/GNU-tools-for-STM32/bin/../lib/gcc/arm-none-eabi/11.3.1/thumb/v7-m/nofp/crtbegin.o
                0x0000000008009b1c                PROVIDE (__init_array_end = .)
                0x0000000008009b1c                . = ALIGN (0x4)

.fini_array     0x0000000008009b1c        0x4
                0x0000000008009b1c                . = ALIGN (0x4)
                [!provide]                        PROVIDE (__fini_array_start = .)
 *(SORT_BY_NAME(.fini_array.*))
 *(.fini_array*)
 .fini_array    0x0000000008009b1c        0x4 C:/ST/STM32CubeCLT/GNU-tools-for-STM32/bin/../lib/gcc/arm-none-eabi/11.3.1/thumb/v7-m/nofp/crtbegin.o
                [!provide]                        PROVIDE (__fini_array_end = .)
                0x0000000008009b20                . = ALIGN (0x4)
                0x0000000008009b20                _sidata = LOADADDR (.data)

.data           0x0000000020000000       0x74 load address 0x0000000008009b20
                0x0000000020000000                . = ALIGN (0x4)
                0x0000000020000000                _sdata = .
 *(.data)
 *(.data*)
 .data.TAG      0x0000000020000000        0x4 ./Core/Src/freertos.o
 .data.sdio_debugLevel
                0x0000000020000004        0x4 ./Core/Src/freertos.o
                0x0000000020000004                sdio_debugLevel
 .data.SystemCoreClock
                0x0000000020000008        0x4 ./Core/Src/system_stm32f1xx.o
                0x0000000020000008                SystemCoreClock
 .data.uwTickPrio
                0x000000002000000c        0x4 ./Drivers/STM32F1xx_HAL_Driver/Src/stm32f1xx_hal.o
                0x000000002000000c                uwTickPrio
 .data.uwTickFreq
                0x0000000020000010        0x1 ./Drivers/STM32F1xx_HAL_Driver/Src/stm32f1xx_hal.o
                0x0000000020000010                uwTickFreq
 *fill*         0x0000000020000011        0x3 
 .data.uxCriticalNesting
                0x0000000020000014        0x4 ./Middlewares/Third_Party/FreeRTOS/Source/portable/GCC/ARM_CM3/port.o
 .data.__sglue  0x0000000020000018        0xc C:/ST/STM32CubeCLT/GNU-tools-for-STM32/bin/../lib/gcc/arm-none-eabi/11.3.1/../../../../arm-none-eabi/lib/thumb/v7-m/nofp\libc_nano.a(libc_a-findfp.o)
                0x0000000020000018                __sglue
 .data._impure_data
                0x0000000020000024       0x4c C:/ST/STM32CubeCLT/GNU-tools-for-STM32/bin/../lib/gcc/arm-none-eabi/11.3.1/../../../../arm-none-eabi/lib/thumb/v7-m/nofp\libc_nano.a(libc_a-impure.o)
                0x0000000020000024                _impure_data
 .data._impure_ptr
                0x0000000020000070        0x4 C:/ST/STM32CubeCLT/GNU-tools-for-STM32/bin/../lib/gcc/arm-none-eabi/11.3.1/../../../../arm-none-eabi/lib/thumb/v7-m/nofp\libc_nano.a(libc_a-impure.o)
                0x0000000020000070                _impure_ptr
 *(.RamFunc)
 *(.RamFunc*)
                0x0000000020000074                . = ALIGN (0x4)
                0x0000000020000074                _edata = .

.igot.plt       0x0000000020000074        0x0 load address 0x0000000008009b94
 .igot.plt      0x0000000020000074        0x0 C:/ST/STM32CubeCLT/GNU-tools-for-STM32/bin/../lib/gcc/arm-none-eabi/11.3.1/thumb/v7-m/nofp/crtbegin.o
                0x0000000020000074                . = ALIGN (0x4)

.bss            0x0000000020000074     0x2494 load address 0x0000000008009b94
                0x0000000020000074                _sbss = .
                0x0000000020000074                __bss_start__ = _sbss
 *(.bss)
 .bss           0x0000000020000074       0x1c C:/ST/STM32CubeCLT/GNU-tools-for-STM32/bin/../lib/gcc/arm-none-eabi/11.3.1/thumb/v7-m/nofp/crtbegin.o
 *(.bss*)
 .bss.sdio_cmd  0x0000000020000090       0x14 ./Core/Src/components/platform/sdio.o
 .bss.sdio_data
                0x00000000200000a4       0x18 ./Core/Src/components/platform/sdio.o
 .bss.semahandle
                0x00000000200000bc        0x4 ./Core/Src/components/platform/sdio.o
 .bss.sdio_recv_SemHandle
                0x00000000200000c0        0x4 ./Core/Src/components/platform/sdio_driver_port.o
                0x00000000200000c0                sdio_recv_SemHandle
 .bss.tx_sent_buffers
                0x00000000200000c4        0x4 ./Core/Src/components/sdio_host/sdio_host_transport.o
 .bss.rx_got_bytes
                0x00000000200000c8        0x4 ./Core/Src/components/sdio_host/sdio_host_transport.o
 .bss.RxBuffer  0x00000000200000cc      0x100 ./Core/Src/freertos.o
                0x00000000200000cc                RxBuffer
 .bss.RxBufferBackup
                0x00000000200001cc      0x100 ./Core/Src/freertos.o
                0x00000000200001cc                RxBufferBackup
 .bss.aRxBuffer
                0x00000000200002cc        0x1 ./Core/Src/freertos.o
                0x00000000200002cc                aRxBuffer
 *fill*         0x00000000200002cd        0x3 
 .bss.Uart1_Rx_Cnt
                0x00000000200002d0        0x4 ./Core/Src/freertos.o
                0x00000000200002d0                Uart1_Rx_Cnt
 .bss.Uart1_Rx_Cnt_Backup
                0x00000000200002d4        0x4 ./Core/Src/freertos.o
                0x00000000200002d4                Uart1_Rx_Cnt_Backup
 .bss.UartBinarySemHandle
                0x00000000200002d8        0x4 ./Core/Src/freertos.o
 .bss.rcv_buffer
                0x00000000200002dc     0x1000 ./Core/Src/freertos.o
                0x00000000200002dc                rcv_buffer
 .bss.defaultTaskHandle
                0x00000000200012dc        0x4 ./Core/Src/freertos.o
                0x00000000200012dc                defaultTaskHandle
 .bss.xIdleTaskTCBBuffer
                0x00000000200012e0       0xa0 ./Core/Src/freertos.o
 .bss.xIdleStack
                0x0000000020001380      0x200 ./Core/Src/freertos.o
 .bss.hrtc      0x0000000020001580       0x14 ./Core/Src/rtc.o
                0x0000000020001580                hrtc
 .bss.hdma_sdio
                0x0000000020001594       0x44 ./Core/Src/sdio.o
                0x0000000020001594                hdma_sdio
 .bss.htim2     0x00000000200015d8       0x48 ./Core/Src/stm32f1xx_hal_timebase_tim.o
                0x00000000200015d8                htim2
 .bss.__sbrk_heap_end
                0x0000000020001620        0x4 ./Core/Src/sysmem.o
 .bss.huart1    0x0000000020001624       0x48 ./Core/Src/usart.o
                0x0000000020001624                huart1
 .bss.uwTick    0x000000002000166c        0x4 ./Drivers/STM32F1xx_HAL_Driver/Src/stm32f1xx_hal.o
                0x000000002000166c                uwTick
 .bss.pxCurrentTCB
                0x0000000020001670        0x4 ./Middlewares/Third_Party/FreeRTOS/Source/tasks.o
                0x0000000020001670                pxCurrentTCB
 .bss.pxReadyTasksLists
                0x0000000020001674       0x8c ./Middlewares/Third_Party/FreeRTOS/Source/tasks.o
 .bss.xDelayedTaskList1
                0x0000000020001700       0x14 ./Middlewares/Third_Party/FreeRTOS/Source/tasks.o
 .bss.xDelayedTaskList2
                0x0000000020001714       0x14 ./Middlewares/Third_Party/FreeRTOS/Source/tasks.o
 .bss.pxDelayedTaskList
                0x0000000020001728        0x4 ./Middlewares/Third_Party/FreeRTOS/Source/tasks.o
 .bss.pxOverflowDelayedTaskList
                0x000000002000172c        0x4 ./Middlewares/Third_Party/FreeRTOS/Source/tasks.o
 .bss.xPendingReadyList
                0x0000000020001730       0x14 ./Middlewares/Third_Party/FreeRTOS/Source/tasks.o
 .bss.xTasksWaitingTermination
                0x0000000020001744       0x14 ./Middlewares/Third_Party/FreeRTOS/Source/tasks.o
 .bss.uxDeletedTasksWaitingCleanUp
                0x0000000020001758        0x4 ./Middlewares/Third_Party/FreeRTOS/Source/tasks.o
 .bss.xSuspendedTaskList
                0x000000002000175c       0x14 ./Middlewares/Third_Party/FreeRTOS/Source/tasks.o
 .bss.uxCurrentNumberOfTasks
                0x0000000020001770        0x4 ./Middlewares/Third_Party/FreeRTOS/Source/tasks.o
 .bss.xTickCount
                0x0000000020001774        0x4 ./Middlewares/Third_Party/FreeRTOS/Source/tasks.o
 .bss.uxTopReadyPriority
                0x0000000020001778        0x4 ./Middlewares/Third_Party/FreeRTOS/Source/tasks.o
 .bss.xSchedulerRunning
                0x000000002000177c        0x4 ./Middlewares/Third_Party/FreeRTOS/Source/tasks.o
 .bss.uxPendedTicks
                0x0000000020001780        0x4 ./Middlewares/Third_Party/FreeRTOS/Source/tasks.o
 .bss.xYieldPending
                0x0000000020001784        0x4 ./Middlewares/Third_Party/FreeRTOS/Source/tasks.o
 .bss.xNumOfOverflows
                0x0000000020001788        0x4 ./Middlewares/Third_Party/FreeRTOS/Source/tasks.o
 .bss.uxTaskNumber
                0x000000002000178c        0x4 ./Middlewares/Third_Party/FreeRTOS/Source/tasks.o
 .bss.xNextTaskUnblockTime
                0x0000000020001790        0x4 ./Middlewares/Third_Party/FreeRTOS/Source/tasks.o
 .bss.xIdleTaskHandle
                0x0000000020001794        0x4 ./Middlewares/Third_Party/FreeRTOS/Source/tasks.o
 .bss.uxSchedulerSuspended
                0x0000000020001798        0x4 ./Middlewares/Third_Party/FreeRTOS/Source/tasks.o
 .bss.ucMaxSysCallPriority
                0x000000002000179c        0x1 ./Middlewares/Third_Party/FreeRTOS/Source/portable/GCC/ARM_CM3/port.o
 *fill*         0x000000002000179d        0x3 
 .bss.ulMaxPRIGROUPValue
                0x00000000200017a0        0x4 ./Middlewares/Third_Party/FreeRTOS/Source/portable/GCC/ARM_CM3/port.o
 .bss.ucHeap    0x00000000200017a4      0xc00 ./Middlewares/Third_Party/FreeRTOS/Source/portable/MemMang/heap_4.o
 .bss.xStart    0x00000000200023a4        0x8 ./Middlewares/Third_Party/FreeRTOS/Source/portable/MemMang/heap_4.o
 .bss.pxEnd     0x00000000200023ac        0x4 ./Middlewares/Third_Party/FreeRTOS/Source/portable/MemMang/heap_4.o
 .bss.xFreeBytesRemaining
                0x00000000200023b0        0x4 ./Middlewares/Third_Party/FreeRTOS/Source/portable/MemMang/heap_4.o
 .bss.xMinimumEverFreeBytesRemaining
                0x00000000200023b4        0x4 ./Middlewares/Third_Party/FreeRTOS/Source/portable/MemMang/heap_4.o
 .bss.xBlockAllocatedBit
                0x00000000200023b8        0x4 ./Middlewares/Third_Party/FreeRTOS/Source/portable/MemMang/heap_4.o
 .bss.__sf      0x00000000200023bc      0x138 C:/ST/STM32CubeCLT/GNU-tools-for-STM32/bin/../lib/gcc/arm-none-eabi/11.3.1/../../../../arm-none-eabi/lib/thumb/v7-m/nofp\libc_nano.a(libc_a-findfp.o)
                0x00000000200023bc                __sf
 .bss.__stdio_exit_handler
                0x00000000200024f4        0x4 C:/ST/STM32CubeCLT/GNU-tools-for-STM32/bin/../lib/gcc/arm-none-eabi/11.3.1/../../../../arm-none-eabi/lib/thumb/v7-m/nofp\libc_nano.a(libc_a-findfp.o)
                0x00000000200024f4                __stdio_exit_handler
 .bss.errno     0x00000000200024f8        0x4 C:/ST/STM32CubeCLT/GNU-tools-for-STM32/bin/../lib/gcc/arm-none-eabi/11.3.1/../../../../arm-none-eabi/lib/thumb/v7-m/nofp\libc_nano.a(libc_a-reent.o)
                0x00000000200024f8                errno
 .bss.__lock___malloc_recursive_mutex
                0x00000000200024fc        0x1 C:/ST/STM32CubeCLT/GNU-tools-for-STM32/bin/../lib/gcc/arm-none-eabi/11.3.1/../../../../arm-none-eabi/lib/thumb/v7-m/nofp\libc_nano.a(libc_a-lock.o)
                0x00000000200024fc                __lock___malloc_recursive_mutex
 .bss.__lock___sfp_recursive_mutex
                0x00000000200024fd        0x1 C:/ST/STM32CubeCLT/GNU-tools-for-STM32/bin/../lib/gcc/arm-none-eabi/11.3.1/../../../../arm-none-eabi/lib/thumb/v7-m/nofp\libc_nano.a(libc_a-lock.o)
                0x00000000200024fd                __lock___sfp_recursive_mutex
 *fill*         0x00000000200024fe        0x2 
 .bss.__malloc_free_list
                0x0000000020002500        0x4 C:/ST/STM32CubeCLT/GNU-tools-for-STM32/bin/../lib/gcc/arm-none-eabi/11.3.1/../../../../arm-none-eabi/lib/thumb/v7-m/nofp\libc_nano.a(libc_a-mallocr.o)
                0x0000000020002500                __malloc_free_list
 .bss.__malloc_sbrk_start
                0x0000000020002504        0x4 C:/ST/STM32CubeCLT/GNU-tools-for-STM32/bin/../lib/gcc/arm-none-eabi/11.3.1/../../../../arm-none-eabi/lib/thumb/v7-m/nofp\libc_nano.a(libc_a-mallocr.o)
                0x0000000020002504                __malloc_sbrk_start
 *(COMMON)
                0x0000000020002508                . = ALIGN (0x4)
                0x0000000020002508                _ebss = .
                0x0000000020002508                __bss_end__ = _ebss

._user_heap_stack
                0x0000000020002508      0x600 load address 0x0000000008009b94
                0x0000000020002508                . = ALIGN (0x8)
                [!provide]                        PROVIDE (end = .)
                0x0000000020002508                PROVIDE (_end = .)
                0x0000000020002708                . = (. + _Min_Heap_Size)
 *fill*         0x0000000020002508      0x200 
                0x0000000020002b08                . = (. + _Min_Stack_Size)
 *fill*         0x0000000020002708      0x400 
                0x0000000020002b08                . = ALIGN (0x8)

/DISCARD/
 libc.a(*)
 libm.a(*)
 libgcc.a(*)

.ARM.attributes
                0x0000000000000000       0x29
 *(.ARM.attributes)
 .ARM.attributes
                0x0000000000000000       0x1d C:/ST/STM32CubeCLT/GNU-tools-for-STM32/bin/../lib/gcc/arm-none-eabi/11.3.1/thumb/v7-m/nofp/crti.o
 .ARM.attributes
                0x000000000000001d       0x2d C:/ST/STM32CubeCLT/GNU-tools-for-STM32/bin/../lib/gcc/arm-none-eabi/11.3.1/thumb/v7-m/nofp/crtbegin.o
 .ARM.attributes
                0x000000000000004a       0x2d ./Core/Src/components/platform/platform_os.o
 .ARM.attributes
                0x0000000000000077       0x2d ./Core/Src/components/platform/sdio.o
 .ARM.attributes
                0x00000000000000a4       0x2d ./Core/Src/components/platform/sdio_driver_port.o
 .ARM.attributes
                0x00000000000000d1       0x2d ./Core/Src/components/sdio_host/sdio_host_transport.o
 .ARM.attributes
                0x00000000000000fe       0x2d ./Core/Src/dma.o
 .ARM.attributes
                0x000000000000012b       0x2d ./Core/Src/freertos.o
 .ARM.attributes
                0x0000000000000158       0x2d ./Core/Src/gpio.o
 .ARM.attributes
                0x0000000000000185       0x2d ./Core/Src/main.o
 .ARM.attributes
                0x00000000000001b2       0x2d ./Core/Src/rtc.o
 .ARM.attributes
                0x00000000000001df       0x2d ./Core/Src/sdio.o
 .ARM.attributes
                0x000000000000020c       0x2d ./Core/Src/stm32f1xx_hal_msp.o
 .ARM.attributes
                0x0000000000000239       0x2d ./Core/Src/stm32f1xx_hal_timebase_tim.o
 .ARM.attributes
                0x0000000000000266       0x2d ./Core/Src/stm32f1xx_it.o
 .ARM.attributes
                0x0000000000000293       0x2d ./Core/Src/syscalls.o
 .ARM.attributes
                0x00000000000002c0       0x2d ./Core/Src/sysmem.o
 .ARM.attributes
                0x00000000000002ed       0x2d ./Core/Src/system_stm32f1xx.o
 .ARM.attributes
                0x000000000000031a       0x2d ./Core/Src/usart.o
 .ARM.attributes
                0x0000000000000347       0x21 ./Core/Startup/startup_stm32f103zetx.o
 .ARM.attributes
                0x0000000000000368       0x2d ./Drivers/STM32F1xx_HAL_Driver/Src/stm32f1xx_hal.o
 .ARM.attributes
                0x0000000000000395       0x2d ./Drivers/STM32F1xx_HAL_Driver/Src/stm32f1xx_hal_cortex.o
 .ARM.attributes
                0x00000000000003c2       0x2d ./Drivers/STM32F1xx_HAL_Driver/Src/stm32f1xx_hal_dma.o
 .ARM.attributes
                0x00000000000003ef       0x2d ./Drivers/STM32F1xx_HAL_Driver/Src/stm32f1xx_hal_gpio.o
 .ARM.attributes
                0x000000000000041c       0x2d ./Drivers/STM32F1xx_HAL_Driver/Src/stm32f1xx_hal_pwr.o
 .ARM.attributes
                0x0000000000000449       0x2d ./Drivers/STM32F1xx_HAL_Driver/Src/stm32f1xx_hal_rcc.o
 .ARM.attributes
                0x0000000000000476       0x2d ./Drivers/STM32F1xx_HAL_Driver/Src/stm32f1xx_hal_rcc_ex.o
 .ARM.attributes
                0x00000000000004a3       0x2d ./Drivers/STM32F1xx_HAL_Driver/Src/stm32f1xx_hal_rtc.o
 .ARM.attributes
                0x00000000000004d0       0x2d ./Drivers/STM32F1xx_HAL_Driver/Src/stm32f1xx_hal_tim.o
 .ARM.attributes
                0x00000000000004fd       0x2d ./Drivers/STM32F1xx_HAL_Driver/Src/stm32f1xx_hal_tim_ex.o
 .ARM.attributes
                0x000000000000052a       0x2d ./Drivers/STM32F1xx_HAL_Driver/Src/stm32f1xx_hal_uart.o
 .ARM.attributes
                0x0000000000000557       0x2d ./Drivers/STM32F1xx_HAL_Driver/Src/stm32f1xx_ll_dma.o
 .ARM.attributes
                0x0000000000000584       0x2d ./Drivers/STM32F1xx_HAL_Driver/Src/stm32f1xx_ll_sdmmc.o
 .ARM.attributes
                0x00000000000005b1       0x2d ./Middlewares/Third_Party/FreeRTOS/Source/CMSIS_RTOS/cmsis_os.o
 .ARM.attributes
                0x00000000000005de       0x2d ./Middlewares/Third_Party/FreeRTOS/Source/list.o
 .ARM.attributes
                0x000000000000060b       0x2d ./Middlewares/Third_Party/FreeRTOS/Source/queue.o
 .ARM.attributes
                0x0000000000000638       0x2d ./Middlewares/Third_Party/FreeRTOS/Source/tasks.o
 .ARM.attributes
                0x0000000000000665       0x2d ./Middlewares/Third_Party/FreeRTOS/Source/portable/GCC/ARM_CM3/port.o
 .ARM.attributes
                0x0000000000000692       0x2d ./Middlewares/Third_Party/FreeRTOS/Source/portable/MemMang/heap_4.o
 .ARM.attributes
                0x00000000000006bf       0x2d C:/ST/STM32CubeCLT/GNU-tools-for-STM32/bin/../lib/gcc/arm-none-eabi/11.3.1/../../../../arm-none-eabi/lib/thumb/v7-m/nofp\libc_nano.a(libc_a-fflush.o)
 .ARM.attributes
                0x00000000000006ec       0x2d C:/ST/STM32CubeCLT/GNU-tools-for-STM32/bin/../lib/gcc/arm-none-eabi/11.3.1/../../../../arm-none-eabi/lib/thumb/v7-m/nofp\libc_nano.a(libc_a-findfp.o)
 .ARM.attributes
                0x0000000000000719       0x2d C:/ST/STM32CubeCLT/GNU-tools-for-STM32/bin/../lib/gcc/arm-none-eabi/11.3.1/../../../../arm-none-eabi/lib/thumb/v7-m/nofp\libc_nano.a(libc_a-fwalk.o)
 .ARM.attributes
                0x0000000000000746       0x2d C:/ST/STM32CubeCLT/GNU-tools-for-STM32/bin/../lib/gcc/arm-none-eabi/11.3.1/../../../../arm-none-eabi/lib/thumb/v7-m/nofp\libc_nano.a(libc_a-printf.o)
 .ARM.attributes
                0x0000000000000773       0x2d C:/ST/STM32CubeCLT/GNU-tools-for-STM32/bin/../lib/gcc/arm-none-eabi/11.3.1/../../../../arm-none-eabi/lib/thumb/v7-m/nofp\libc_nano.a(libc_a-puts.o)
 .ARM.attributes
                0x00000000000007a0       0x2d C:/ST/STM32CubeCLT/GNU-tools-for-STM32/bin/../lib/gcc/arm-none-eabi/11.3.1/../../../../arm-none-eabi/lib/thumb/v7-m/nofp\libc_nano.a(libc_a-stdio.o)
 .ARM.attributes
                0x00000000000007cd       0x2d C:/ST/STM32CubeCLT/GNU-tools-for-STM32/bin/../lib/gcc/arm-none-eabi/11.3.1/../../../../arm-none-eabi/lib/thumb/v7-m/nofp\libc_nano.a(libc_a-wbuf.o)
 .ARM.attributes
                0x00000000000007fa       0x2d C:/ST/STM32CubeCLT/GNU-tools-for-STM32/bin/../lib/gcc/arm-none-eabi/11.3.1/../../../../arm-none-eabi/lib/thumb/v7-m/nofp\libc_nano.a(libc_a-wsetup.o)
 .ARM.attributes
                0x0000000000000827       0x2d C:/ST/STM32CubeCLT/GNU-tools-for-STM32/bin/../lib/gcc/arm-none-eabi/11.3.1/../../../../arm-none-eabi/lib/thumb/v7-m/nofp\libc_nano.a(libc_a-memset.o)
 .ARM.attributes
                0x0000000000000854       0x2d C:/ST/STM32CubeCLT/GNU-tools-for-STM32/bin/../lib/gcc/arm-none-eabi/11.3.1/../../../../arm-none-eabi/lib/thumb/v7-m/nofp\libc_nano.a(libc_a-closer.o)
 .ARM.attributes
                0x0000000000000881       0x2d C:/ST/STM32CubeCLT/GNU-tools-for-STM32/bin/../lib/gcc/arm-none-eabi/11.3.1/../../../../arm-none-eabi/lib/thumb/v7-m/nofp\libc_nano.a(libc_a-reent.o)
 .ARM.attributes
                0x00000000000008ae       0x2d C:/ST/STM32CubeCLT/GNU-tools-for-STM32/bin/../lib/gcc/arm-none-eabi/11.3.1/../../../../arm-none-eabi/lib/thumb/v7-m/nofp\libc_nano.a(libc_a-impure.o)
 .ARM.attributes
                0x00000000000008db       0x2d C:/ST/STM32CubeCLT/GNU-tools-for-STM32/bin/../lib/gcc/arm-none-eabi/11.3.1/../../../../arm-none-eabi/lib/thumb/v7-m/nofp\libc_nano.a(libc_a-lseekr.o)
 .ARM.attributes
                0x0000000000000908       0x2d C:/ST/STM32CubeCLT/GNU-tools-for-STM32/bin/../lib/gcc/arm-none-eabi/11.3.1/../../../../arm-none-eabi/lib/thumb/v7-m/nofp\libc_nano.a(libc_a-readr.o)
 .ARM.attributes
                0x0000000000000935       0x2d C:/ST/STM32CubeCLT/GNU-tools-for-STM32/bin/../lib/gcc/arm-none-eabi/11.3.1/../../../../arm-none-eabi/lib/thumb/v7-m/nofp\libc_nano.a(libc_a-writer.o)
 .ARM.attributes
                0x0000000000000962       0x2d C:/ST/STM32CubeCLT/GNU-tools-for-STM32/bin/../lib/gcc/arm-none-eabi/11.3.1/../../../../arm-none-eabi/lib/thumb/v7-m/nofp\libc_nano.a(libc_a-errno.o)
 .ARM.attributes
                0x000000000000098f       0x2d C:/ST/STM32CubeCLT/GNU-tools-for-STM32/bin/../lib/gcc/arm-none-eabi/11.3.1/../../../../arm-none-eabi/lib/thumb/v7-m/nofp\libc_nano.a(libc_a-init.o)
 .ARM.attributes
                0x00000000000009bc       0x2d C:/ST/STM32CubeCLT/GNU-tools-for-STM32/bin/../lib/gcc/arm-none-eabi/11.3.1/../../../../arm-none-eabi/lib/thumb/v7-m/nofp\libc_nano.a(libc_a-lock.o)
 .ARM.attributes
                0x00000000000009e9       0x2d C:/ST/STM32CubeCLT/GNU-tools-for-STM32/bin/../lib/gcc/arm-none-eabi/11.3.1/../../../../arm-none-eabi/lib/thumb/v7-m/nofp\libc_nano.a(libc_a-memcpy-stub.o)
 .ARM.attributes
                0x0000000000000a16       0x2d C:/ST/STM32CubeCLT/GNU-tools-for-STM32/bin/../lib/gcc/arm-none-eabi/11.3.1/../../../../arm-none-eabi/lib/thumb/v7-m/nofp\libc_nano.a(libc_a-freer.o)
 .ARM.attributes
                0x0000000000000a43       0x2d C:/ST/STM32CubeCLT/GNU-tools-for-STM32/bin/../lib/gcc/arm-none-eabi/11.3.1/../../../../arm-none-eabi/lib/thumb/v7-m/nofp\libc_nano.a(libc_a-mallocr.o)
 .ARM.attributes
                0x0000000000000a70       0x2d C:/ST/STM32CubeCLT/GNU-tools-for-STM32/bin/../lib/gcc/arm-none-eabi/11.3.1/../../../../arm-none-eabi/lib/thumb/v7-m/nofp\libc_nano.a(libc_a-mlock.o)
 .ARM.attributes
                0x0000000000000a9d       0x2d C:/ST/STM32CubeCLT/GNU-tools-for-STM32/bin/../lib/gcc/arm-none-eabi/11.3.1/../../../../arm-none-eabi/lib/thumb/v7-m/nofp\libc_nano.a(libc_a-nano-vfprintf.o)
 .ARM.attributes
                0x0000000000000aca       0x2d C:/ST/STM32CubeCLT/GNU-tools-for-STM32/bin/../lib/gcc/arm-none-eabi/11.3.1/../../../../arm-none-eabi/lib/thumb/v7-m/nofp\libc_nano.a(libc_a-nano-vfprintf_i.o)
 .ARM.attributes
                0x0000000000000af7       0x2d C:/ST/STM32CubeCLT/GNU-tools-for-STM32/bin/../lib/gcc/arm-none-eabi/11.3.1/../../../../arm-none-eabi/lib/thumb/v7-m/nofp\libc_nano.a(libc_a-makebuf.o)
 .ARM.attributes
                0x0000000000000b24       0x2d C:/ST/STM32CubeCLT/GNU-tools-for-STM32/bin/../lib/gcc/arm-none-eabi/11.3.1/../../../../arm-none-eabi/lib/thumb/v7-m/nofp\libc_nano.a(libc_a-fstatr.o)
 .ARM.attributes
                0x0000000000000b51       0x2d C:/ST/STM32CubeCLT/GNU-tools-for-STM32/bin/../lib/gcc/arm-none-eabi/11.3.1/../../../../arm-none-eabi/lib/thumb/v7-m/nofp\libc_nano.a(libc_a-isattyr.o)
 .ARM.attributes
                0x0000000000000b7e       0x2d C:/ST/STM32CubeCLT/GNU-tools-for-STM32/bin/../lib/gcc/arm-none-eabi/11.3.1/../../../../arm-none-eabi/lib/thumb/v7-m/nofp\libc_nano.a(libc_a-sbrkr.o)
 .ARM.attributes
                0x0000000000000bab       0x2d C:/ST/STM32CubeCLT/GNU-tools-for-STM32/bin/../lib/gcc/arm-none-eabi/11.3.1/../../../../arm-none-eabi/lib/thumb/v7-m/nofp\libc_nano.a(libc_a-memchr-stub.o)
 .ARM.attributes
                0x0000000000000bd8       0x1d C:/ST/STM32CubeCLT/GNU-tools-for-STM32/bin/../lib/gcc/arm-none-eabi/11.3.1/thumb/v7-m/nofp\libgcc.a(_arm_addsubdf3.o)
 .ARM.attributes
                0x0000000000000bf5       0x1d C:/ST/STM32CubeCLT/GNU-tools-for-STM32/bin/../lib/gcc/arm-none-eabi/11.3.1/thumb/v7-m/nofp\libgcc.a(_arm_addsubsf3.o)
 .ARM.attributes
                0x0000000000000c12       0x1d C:/ST/STM32CubeCLT/GNU-tools-for-STM32/bin/../lib/gcc/arm-none-eabi/11.3.1/thumb/v7-m/nofp\libgcc.a(_arm_muldivsf3.o)
 .ARM.attributes
                0x0000000000000c2f       0x1d C:/ST/STM32CubeCLT/GNU-tools-for-STM32/bin/../lib/gcc/arm-none-eabi/11.3.1/thumb/v7-m/nofp/crtn.o
OUTPUT(vectrx2020_F103_esp32_sdio.elf elf32-littlearm)
LOAD linker stubs
LOAD C:/ST/STM32CubeCLT/GNU-tools-for-STM32/bin/../lib/gcc/arm-none-eabi/11.3.1/../../../../arm-none-eabi/lib/thumb/v7-m/nofp\libc.a
LOAD C:/ST/STM32CubeCLT/GNU-tools-for-STM32/bin/../lib/gcc/arm-none-eabi/11.3.1/../../../../arm-none-eabi/lib/thumb/v7-m/nofp\libm.a
LOAD C:/ST/STM32CubeCLT/GNU-tools-for-STM32/bin/../lib/gcc/arm-none-eabi/11.3.1/thumb/v7-m/nofp\libgcc.a

.comment        0x0000000000000000       0x43
 .comment       0x0000000000000000       0x43 C:/ST/STM32CubeCLT/GNU-tools-for-STM32/bin/../lib/gcc/arm-none-eabi/11.3.1/thumb/v7-m/nofp/crtbegin.o
                                         0x44 (size before relaxing)
 .comment       0x0000000000000043       0x44 ./Core/Src/components/platform/platform_os.o
 .comment       0x0000000000000043       0x44 ./Core/Src/components/platform/sdio.o
 .comment       0x0000000000000043       0x44 ./Core/Src/components/platform/sdio_driver_port.o
 .comment       0x0000000000000043       0x44 ./Core/Src/components/sdio_host/sdio_host_transport.o
 .comment       0x0000000000000043       0x44 ./Core/Src/dma.o
 .comment       0x0000000000000043       0x44 ./Core/Src/freertos.o
 .comment       0x0000000000000043       0x44 ./Core/Src/gpio.o
 .comment       0x0000000000000043       0x44 ./Core/Src/main.o
 .comment       0x0000000000000043       0x44 ./Core/Src/rtc.o
 .comment       0x0000000000000043       0x44 ./Core/Src/sdio.o
 .comment       0x0000000000000043       0x44 ./Core/Src/stm32f1xx_hal_msp.o
 .comment       0x0000000000000043       0x44 ./Core/Src/stm32f1xx_hal_timebase_tim.o
 .comment       0x0000000000000043       0x44 ./Core/Src/stm32f1xx_it.o
 .comment       0x0000000000000043       0x44 ./Core/Src/syscalls.o
 .comment       0x0000000000000043       0x44 ./Core/Src/sysmem.o
 .comment       0x0000000000000043       0x44 ./Core/Src/system_stm32f1xx.o
 .comment       0x0000000000000043       0x44 ./Core/Src/usart.o
 .comment       0x0000000000000043       0x44 ./Drivers/STM32F1xx_HAL_Driver/Src/stm32f1xx_hal.o
 .comment       0x0000000000000043       0x44 ./Drivers/STM32F1xx_HAL_Driver/Src/stm32f1xx_hal_cortex.o