Archive member included to satisfy reference by file (symbol)

C:/ST/STM32CubeIDE_1.11.0/STM32CubeIDE/plugins/com.st.stm32cube.ide.mcu.externaltools.gnu-tools-for-stm32.11.3.rel1.win32_1.1.0.202305231506/tools/bin/../lib/gcc/arm-none-eabi/11.3.1/../../../../arm-none-eabi/lib/thumb/v7-m/nofp\libc_nano.a(libc_a-exit.o)
                              C:/ST/STM32CubeIDE_1.11.0/STM32CubeIDE/plugins/com.st.stm32cube.ide.mcu.externaltools.gnu-tools-for-stm32.11.3.rel1.win32_1.1.0.202305231506/tools/bin/../lib/gcc/arm-none-eabi/11.3.1/../../../../arm-none-eabi/lib/thumb/v7-m/nofp/crt0.o (exit)
C:/ST/STM32CubeIDE_1.11.0/STM32CubeIDE/plugins/com.st.stm32cube.ide.mcu.externaltools.gnu-tools-for-stm32.11.3.rel1.win32_1.1.0.202305231506/tools/bin/../lib/gcc/arm-none-eabi/11.3.1/../../../../arm-none-eabi/lib/thumb/v7-m/nofp\libc_nano.a(libc_a-fflush.o)
                              ./Core/Src/freertos.o (fflush)
C:/ST/STM32CubeIDE_1.11.0/STM32CubeIDE/plugins/com.st.stm32cube.ide.mcu.externaltools.gnu-tools-for-stm32.11.3.rel1.win32_1.1.0.202305231506/tools/bin/../lib/gcc/arm-none-eabi/11.3.1/../../../../arm-none-eabi/lib/thumb/v7-m/nofp\libc_nano.a(libc_a-findfp.o)
                              C:/ST/STM32CubeIDE_1.11.0/STM32CubeIDE/plugins/com.st.stm32cube.ide.mcu.externaltools.gnu-tools-for-stm32.11.3.rel1.win32_1.1.0.202305231506/tools/bin/../lib/gcc/arm-none-eabi/11.3.1/../../../../arm-none-eabi/lib/thumb/v7-m/nofp\libc_nano.a(libc_a-fflush.o) (__sinit)
C:/ST/STM32CubeIDE_1.11.0/STM32CubeIDE/plugins/com.st.stm32cube.ide.mcu.externaltools.gnu-tools-for-stm32.11.3.rel1.win32_1.1.0.202305231506/tools/bin/../lib/gcc/arm-none-eabi/11.3.1/../../../../arm-none-eabi/lib/thumb/v7-m/nofp\libc_nano.a(libc_a-fwalk.o)
                              C:/ST/STM32CubeIDE_1.11.0/STM32CubeIDE/plugins/com.st.stm32cube.ide.mcu.externaltools.gnu-tools-for-stm32.11.3.rel1.win32_1.1.0.202305231506/tools/bin/../lib/gcc/arm-none-eabi/11.3.1/../../../../arm-none-eabi/lib/thumb/v7-m/nofp\libc_nano.a(libc_a-fflush.o) (_fwalk_sglue)
C:/ST/STM32CubeIDE_1.11.0/STM32CubeIDE/plugins/com.st.stm32cube.ide.mcu.externaltools.gnu-tools-for-stm32.11.3.rel1.win32_1.1.0.202305231506/tools/bin/../lib/gcc/arm-none-eabi/11.3.1/../../../../arm-none-eabi/lib/thumb/v7-m/nofp\libc_nano.a(libc_a-printf.o)
                              ./Core/Src/components/platform/sdio.o (printf)
C:/ST/STM32CubeIDE_1.11.0/STM32CubeIDE/plugins/com.st.stm32cube.ide.mcu.externaltools.gnu-tools-for-stm32.11.3.rel1.win32_1.1.0.202305231506/tools/bin/../lib/gcc/arm-none-eabi/11.3.1/../../../../arm-none-eabi/lib/thumb/v7-m/nofp\libc_nano.a(libc_a-puts.o)
                              ./Core/Src/components/platform/sdio.o (puts)
C:/ST/STM32CubeIDE_1.11.0/STM32CubeIDE/plugins/com.st.stm32cube.ide.mcu.externaltools.gnu-tools-for-stm32.11.3.rel1.win32_1.1.0.202305231506/tools/bin/../lib/gcc/arm-none-eabi/11.3.1/../../../../arm-none-eabi/lib/thumb/v7-m/nofp\libc_nano.a(libc_a-stdio.o)
                              C:/ST/STM32CubeIDE_1.11.0/STM32CubeIDE/plugins/com.st.stm32cube.ide.mcu.externaltools.gnu-tools-for-stm32.11.3.rel1.win32_1.1.0.202305231506/tools/bin/../lib/gcc/arm-none-eabi/11.3.1/../../../../arm-none-eabi/lib/thumb/v7-m/nofp\libc_nano.a(libc_a-findfp.o) (__sread)
C:/ST/STM32CubeIDE_1.11.0/STM32CubeIDE/plugins/com.st.stm32cube.ide.mcu.externaltools.gnu-tools-for-stm32.11.3.rel1.win32_1.1.0.202305231506/tools/bin/../lib/gcc/arm-none-eabi/11.3.1/../../../../arm-none-eabi/lib/thumb/v7-m/nofp\libc_nano.a(libc_a-wbuf.o)
                              C:/ST/STM32CubeIDE_1.11.0/STM32CubeIDE/plugins/com.st.stm32cube.ide.mcu.externaltools.gnu-tools-for-stm32.11.3.rel1.win32_1.1.0.202305231506/tools/bin/../lib/gcc/arm-none-eabi/11.3.1/../../../../arm-none-eabi/lib/thumb/v7-m/nofp\libc_nano.a(libc_a-puts.o) (__swbuf_r)
C:/ST/STM32CubeIDE_1.11.0/STM32CubeIDE/plugins/com.st.stm32cube.ide.mcu.externaltools.gnu-tools-for-stm32.11.3.rel1.win32_1.1.0.202305231506/tools/bin/../lib/gcc/arm-none-eabi/11.3.1/../../../../arm-none-eabi/lib/thumb/v7-m/nofp\libc_nano.a(libc_a-wsetup.o)
                              C:/ST/STM32CubeIDE_1.11.0/STM32CubeIDE/plugins/com.st.stm32cube.ide.mcu.externaltools.gnu-tools-for-stm32.11.3.rel1.win32_1.1.0.202305231506/tools/bin/../lib/gcc/arm-none-eabi/11.3.1/../../../../arm-none-eabi/lib/thumb/v7-m/nofp\libc_nano.a(libc_a-puts.o) (__swsetup_r)
C:/ST/STM32CubeIDE_1.11.0/STM32CubeIDE/plugins/com.st.stm32cube.ide.mcu.externaltools.gnu-tools-for-stm32.11.3.rel1.win32_1.1.0.202305231506/tools/bin/../lib/gcc/arm-none-eabi/11.3.1/../../../../arm-none-eabi/lib/thumb/v7-m/nofp\libc_nano.a(libc_a-memset.o)
                              C:/ST/STM32CubeIDE_1.11.0/STM32CubeIDE/plugins/com.st.stm32cube.ide.mcu.externaltools.gnu-tools-for-stm32.11.3.rel1.win32_1.1.0.202305231506/tools/bin/../lib/gcc/arm-none-eabi/11.3.1/../../../../arm-none-eabi/lib/thumb/v7-m/nofp/crt0.o (memset)
[...]
Memory Configuration

Name             Origin             Length             Attributes
RAM              0x0000000020000000 0x0000000000010000 xrw
FLASH            0x0000000008000000 0x0000000000080000 xr
*default*        0x0000000000000000 0xffffffffffffffff

Linker script and memory map

LOAD C:/ST/STM32CubeIDE_1.11.0/STM32CubeIDE/plugins/com.st.stm32cube.ide.mcu.externaltools.gnu-tools-for-stm32.11.3.rel1.win32_1.1.0.202305231506/tools/bin/../lib/gcc/arm-none-eabi/11.3.1/thumb/v7-m/nofp/crti.o
LOAD C:/ST/STM32CubeIDE_1.11.0/STM32CubeIDE/plugins/com.st.stm32cube.ide.mcu.externaltools.gnu-tools-for-stm32.11.3.rel1.win32_1.1.0.202305231506/tools/bin/../lib/gcc/arm-none-eabi/11.3.1/thumb/v7-m/nofp/crtbegin.o
LOAD C:/ST/STM32CubeIDE_1.11.0/STM32CubeIDE/plugins/com.st.stm32cube.ide.mcu.externaltools.gnu-tools-for-stm32.11.3.rel1.win32_1.1.0.202305231506/tools/bin/../lib/gcc/arm-none-eabi/11.3.1/../../../../arm-none-eabi/lib/thumb/v7-m/nofp/crt0.o
LOAD ./Core/Src/components/platform/platform_os.o
LOAD ./Core/Src/components/platform/sdio.o
LOAD ./Core/Src/components/platform/sdio_driver_port.o
LOAD ./Core/Src/components/sdio_host/sdio_host_transport.o
LOAD ./Core/Src/dma.o
LOAD ./Core/Src/freertos.o
LOAD ./Core/Src/gpio.o
LOAD ./Core/Src/main.o
LOAD ./Core/Src/rtc.o
LOAD ./Core/Src/stm32f1xx_hal_msp.o
LOAD ./Core/Src/stm32f1xx_hal_timebase_tim.o
LOAD ./Core/Src/stm32f1xx_it.o
LOAD ./Core/Src/syscalls.o
LOAD ./Core/Src/sysmem.o
LOAD ./Core/Src/system_stm32f1xx.o
LOAD ./Core/Src/usart.o
LOAD ./Core/Startup/startup_stm32f103zetx.o
LOAD ./Drivers/STM32F1xx_HAL_Driver/Src/stm32f1xx_hal.o
LOAD ./Drivers/STM32F1xx_HAL_Driver/Src/stm32f1xx_hal_cortex.o
LOAD ./Drivers/STM32F1xx_HAL_Driver/Src/stm32f1xx_hal_dma.o
LOAD ./Drivers/STM32F1xx_HAL_Driver/Src/stm32f1xx_hal_exti.o
LOAD ./Drivers/STM32F1xx_HAL_Driver/Src/stm32f1xx_hal_flash.o
LOAD ./Drivers/STM32F1xx_HAL_Driver/Src/stm32f1xx_hal_flash_ex.o
LOAD ./Drivers/STM32F1xx_HAL_Driver/Src/stm32f1xx_hal_gpio.o
LOAD ./Drivers/STM32F1xx_HAL_Driver/Src/stm32f1xx_hal_gpio_ex.o
LOAD ./Drivers/STM32F1xx_HAL_Driver/Src/stm32f1xx_hal_pwr.o
LOAD ./Drivers/STM32F1xx_HAL_Driver/Src/stm32f1xx_hal_rcc.o
LOAD ./Drivers/STM32F1xx_HAL_Driver/Src/stm32f1xx_hal_rcc_ex.o
LOAD ./Drivers/STM32F1xx_HAL_Driver/Src/stm32f1xx_hal_rtc.o
LOAD ./Drivers/STM32F1xx_HAL_Driver/Src/stm32f1xx_hal_rtc_ex.o
LOAD ./Drivers/STM32F1xx_HAL_Driver/Src/stm32f1xx_hal_sd.o
LOAD ./Drivers/STM32F1xx_HAL_Driver/Src/stm32f1xx_hal_tim.o
LOAD ./Drivers/STM32F1xx_HAL_Driver/Src/stm32f1xx_hal_tim_ex.o
LOAD ./Drivers/STM32F1xx_HAL_Driver/Src/stm32f1xx_hal_uart.o
LOAD ./Drivers/STM32F1xx_HAL_Driver/Src/stm32f1xx_ll_dma.o
LOAD ./Drivers/STM32F1xx_HAL_Driver/Src/stm32f1xx_ll_exti.o
LOAD ./Drivers/STM32F1xx_HAL_Driver/Src/stm32f1xx_ll_gpio.o
LOAD ./Drivers/STM32F1xx_HAL_Driver/Src/stm32f1xx_ll_rcc.o
LOAD ./Drivers/STM32F1xx_HAL_Driver/Src/stm32f1xx_ll_sdmmc.o
LOAD ./Drivers/STM32F1xx_HAL_Driver/Src/stm32f1xx_ll_utils.o
LOAD ./Middlewares/Third_Party/FreeRTOS/Source/CMSIS_RTOS/cmsis_os.o
LOAD ./Middlewares/Third_Party/FreeRTOS/Source/croutine.o
LOAD ./Middlewares/Third_Party/FreeRTOS/Source/event_groups.o
LOAD ./Middlewares/Third_Party/FreeRTOS/Source/list.o
LOAD ./Middlewares/Third_Party/FreeRTOS/Source/queue.o
LOAD ./Middlewares/Third_Party/FreeRTOS/Source/stream_buffer.o
LOAD ./Middlewares/Third_Party/FreeRTOS/Source/tasks.o
LOAD ./Middlewares/Third_Party/FreeRTOS/Source/timers.o
LOAD ./Middlewares/Third_Party/FreeRTOS/Source/portable/GCC/ARM_CM3/port.o
LOAD ./Middlewares/Third_Party/FreeRTOS/Source/portable/MemMang/heap_4.o
START GROUP
LOAD C:/ST/STM32CubeIDE_1.11.0/STM32CubeIDE/plugins/com.st.stm32cube.ide.mcu.externaltools.gnu-tools-for-stm32.11.3.rel1.win32_1.1.0.202305231506/tools/bin/../lib/gcc/arm-none-eabi/11.3.1/../../../../arm-none-eabi/lib/thumb/v7-m/nofp\libc_nano.a
LOAD C:/ST/STM32CubeIDE_1.11.0/STM32CubeIDE/plugins/com.st.stm32cube.ide.mcu.externaltools.gnu-tools-for-stm32.11.3.rel1.win32_1.1.0.202305231506/tools/bin/../lib/gcc/arm-none-eabi/11.3.1/../../../../arm-none-eabi/lib/thumb/v7-m/nofp\libm.a
END GROUP
START GROUP
LOAD C:/ST/STM32CubeIDE_1.11.0/STM32CubeIDE/plugins/com.st.stm32cube.ide.mcu.externaltools.gnu-tools-for-stm32.11.3.rel1.win32_1.1.0.202305231506/tools/bin/../lib/gcc/arm-none-eabi/11.3.1/thumb/v7-m/nofp\libgcc.a
LOAD C:/ST/STM32CubeIDE_1.11.0/STM32CubeIDE/plugins/com.st.stm32cube.ide.mcu.externaltools.gnu-tools-for-stm32.11.3.rel1.win32_1.1.0.202305231506/tools/bin/../lib/gcc/arm-none-eabi/11.3.1/../../../../arm-none-eabi/lib/thumb/v7-m/nofp\libc_nano.a
END GROUP
START GROUP
LOAD C:/ST/STM32CubeIDE_1.11.0/STM32CubeIDE/plugins/com.st.stm32cube.ide.mcu.externaltools.gnu-tools-for-stm32.11.3.rel1.win32_1.1.0.202305231506/tools/bin/../lib/gcc/arm-none-eabi/11.3.1/thumb/v7-m/nofp\libgcc.a
LOAD C:/ST/STM32CubeIDE_1.11.0/STM32CubeIDE/plugins/com.st.stm32cube.ide.mcu.externaltools.gnu-tools-for-stm32.11.3.rel1.win32_1.1.0.202305231506/tools/bin/../lib/gcc/arm-none-eabi/11.3.1/../../../../arm-none-eabi/lib/thumb/v7-m/nofp\libc_nano.a
LOAD C:/ST/STM32CubeIDE_1.11.0/STM32CubeIDE/plugins/com.st.stm32cube.ide.mcu.externaltools.gnu-tools-for-stm32.11.3.rel1.win32_1.1.0.202305231506/tools/bin/../lib/gcc/arm-none-eabi/11.3.1/../../../../arm-none-eabi/lib/thumb/v7-m/nofp\libnosys.a
END GROUP
START GROUP
LOAD C:/ST/STM32CubeIDE_1.11.0/STM32CubeIDE/plugins/com.st.stm32cube.ide.mcu.externaltools.gnu-tools-for-stm32.11.3.rel1.win32_1.1.0.202305231506/tools/bin/../lib/gcc/arm-none-eabi/11.3.1/thumb/v7-m/nofp\libgcc.a
LOAD C:/ST/STM32CubeIDE_1.11.0/STM32CubeIDE/plugins/com.st.stm32cube.ide.mcu.externaltools.gnu-tools-for-stm32.11.3.rel1.win32_1.1.0.202305231506/tools/bin/../lib/gcc/arm-none-eabi/11.3.1/../../../../arm-none-eabi/lib/thumb/v7-m/nofp\libc_nano.a
LOAD C:/ST/STM32CubeIDE_1.11.0/STM32CubeIDE/plugins/com.st.stm32cube.ide.mcu.externaltools.gnu-tools-for-stm32.11.3.rel1.win32_1.1.0.202305231506/tools/bin/../lib/gcc/arm-none-eabi/11.3.1/../../../../arm-none-eabi/lib/thumb/v7-m/nofp\libnosys.a
END GROUP
LOAD C:/ST/STM32CubeIDE_1.11.0/STM32CubeIDE/plugins/com.st.stm32cube.ide.mcu.externaltools.gnu-tools-for-stm32.11.3.rel1.win32_1.1.0.202305231506/tools/bin/../lib/gcc/arm-none-eabi/11.3.1/thumb/v7-m/nofp/crtend.o
LOAD C:/ST/STM32CubeIDE_1.11.0/STM32CubeIDE/plugins/com.st.stm32cube.ide.mcu.externaltools.gnu-tools-for-stm32.11.3.rel1.win32_1.1.0.202305231506/tools/bin/../lib/gcc/arm-none-eabi/11.3.1/thumb/v7-m/nofp/crtn.o
                0x0000000020010000                _estack = (ORIGIN (RAM) + LENGTH (RAM))
                0x0000000000000200                _Min_Heap_Size = 0x200
                0x0000000000000400                _Min_Stack_Size = 0x400

.isr_vector     0x0000000008000000      0x1e4
                0x0000000008000000                . = ALIGN (0x4)
 *(.isr_vector)
 .isr_vector    0x0000000008000000      0x1e4 ./Core/Startup/startup_stm32f103zetx.o
                0x0000000008000000                g_pfnVectors
                0x00000000080001e4                . = ALIGN (0x4)

.text           0x00000000080001f0     0x61ac
                0x00000000080001f0                . = ALIGN (0x4)
 *(.text)
 .text          0x00000000080001f0       0x40 C:/ST/STM32CubeIDE_1.11.0/STM32CubeIDE/plugins/com.st.stm32cube.ide.mcu.externaltools.gnu-tools-for-stm32.11.3.rel1.win32_1.1.0.202305231506/tools/bin/../lib/gcc/arm-none-eabi/11.3.1/thumb/v7-m/nofp/crtbegin.o
 .text          0x0000000008000230      0x378 C:/ST/STM32CubeIDE_1.11.0/STM32CubeIDE/plugins/com.st.stm32cube.ide.mcu.externaltools.gnu-tools-for-stm32.11.3.rel1.win32_1.1.0.202305231506/tools/bin/../lib/gcc/arm-none-eabi/11.3.1/thumb/v7-m/nofp\libgcc.a(_arm_addsubdf3.o)
                0x0000000008000230                __aeabi_drsub
                0x0000000008000238                __aeabi_dsub
                0x0000000008000238                __subdf3
                0x000000000800023c                __aeabi_dadd
                0x000000000800023c                __adddf3
                0x00000000080004b4                __floatunsidf
                0x00000000080004b4                __aeabi_ui2d
                0x00000000080004d4                __floatsidf
                0x00000000080004d4                __aeabi_i2d
                0x00000000080004f8                __aeabi_f2d
                0x00000000080004f8                __extendsfdf2
                0x000000000800053c                __floatundidf
                0x000000000800053c                __aeabi_ul2d
                0x000000000800054c                __floatdidf
                0x000000000800054c                __aeabi_l2d
 .text          0x00000000080005a8      0x21c C:/ST/STM32CubeIDE_1.11.0/STM32CubeIDE/plugins/com.st.stm32cube.ide.mcu.externaltools.gnu-tools-for-stm32.11.3.rel1.win32_1.1.0.202305231506/tools/bin/../lib/gcc/arm-none-eabi/11.3.1/thumb/v7-m/nofp\libgcc.a(_arm_addsubsf3.o)
                0x00000000080005a8                __aeabi_frsub
                0x00000000080005b0                __subsf3
                0x00000000080005b0                __aeabi_fsub
                0x00000000080005b4                __aeabi_fadd
                0x00000000080005b4                __addsf3
                0x0000000008000714                __aeabi_ui2f
                0x0000000008000714                __floatunsisf
                0x000000000800071c                __aeabi_i2f
                0x000000000800071c                __floatsisf
                0x0000000008000738                __aeabi_ul2f
                0x0000000008000738                __floatundisf
                0x0000000008000748                __aeabi_l2f
                0x0000000008000748                __floatdisf
 .text          0x00000000080007c4      0x2a0 C:/ST/STM32CubeIDE_1.11.0/STM32CubeIDE/plugins/com.st.stm32cube.ide.mcu.externaltools.gnu-tools-for-stm32.11.3.rel1.win32_1.1.0.202305231506/tools/bin/../lib/gcc/arm-none-eabi/11.3.1/thumb/v7-m/nofp\libgcc.a(_arm_muldivsf3.o)
                0x00000000080007c4                __mulsf3
                0x00000000080007c4                __aeabi_fmul
                0x000000000800092c                __aeabi_fdiv
                0x000000000800092c                __divsf3
 *(.text*)
 .text.platform_os_delay
                0x0000000008000a64        0x4 ./Core/Src/components/platform/platform_os.o
                0x0000000008000a64                platform_os_delay
 .text.CheckError
                0x0000000008000a68      0x1c4 ./Core/Src/components/platform/sdio.o
 .text.WaitForResponse
                0x0000000008000c2c       0x3c ./Core/Src/components/platform/sdio.o
 .text.SendCMD53
                0x0000000008000c68       0x38 ./Core/Src/components/platform/sdio.o
 .text.GetITStatus
                0x0000000008000ca0       0x4c ./Core/Src/components/platform/sdio.o
                0x0000000008000ca0                GetITStatus
 .text.STM32WriteData
                0x0000000008000cec      0x214 ./Core/Src/components/platform/sdio.o
                0x0000000008000cec                STM32WriteData
 .text.STM32WriteReg
                0x0000000008000f00       0x4c ./Core/Src/components/platform/sdio.o
                0x0000000008000f00                STM32WriteReg
 .text.STM32ReadReg
                0x0000000008000f4c       0x48 ./Core/Src/components/platform/sdio.o
                0x0000000008000f4c                STM32ReadReg
 .text.SdioDriverInit
                0x0000000008000f94      0x290 ./Core/Src/components/platform/sdio.o
                0x0000000008000f94                SdioDriverInit
 .text.STM32ReadData
                0x0000000008001224      0x2a8 ./Core/Src/components/platform/sdio.o
                0x0000000008001224                STM32ReadData
 .text.STM32SdioInit
                0x00000000080014cc      0x16c ./Core/Src/components/platform/sdio.o
                0x00000000080014cc                STM32SdioInit
 .text.STM32WaitIntr
                0x0000000008001638       0xa0 ./Core/Src/components/platform/sdio.o
                0x0000000008001638                STM32WaitIntr
 .text.SDIO_IRQHandler
                0x00000000080016d8       0x70 ./Core/Src/components/platform/sdio.o
                0x00000000080016d8                SDIO_IRQHandler
 .text.sdio_driver_init
                0x0000000008001748       0x34 ./Core/Src/components/platform/sdio_driver_port.o
                0x0000000008001748                sdio_driver_init
 .text.sdio_driver_read_bytes
                0x000000000800177c       0x24 ./Core/Src/components/platform/sdio_driver_port.o
                0x000000000800177c                sdio_driver_read_bytes
 .text.sdio_driver_write_bytes
                0x00000000080017a0       0x24 ./Core/Src/components/platform/sdio_driver_port.o
                0x00000000080017a0                sdio_driver_write_bytes
 .text.sdio_driver_write_blocks
                0x00000000080017c4        0x4 ./Core/Src/components/platform/sdio_driver_port.o
                0x00000000080017c4                sdio_driver_write_blocks
 .text.sdio_driver_read_blocks
                0x00000000080017c8        0x4 ./Core/Src/components/platform/sdio_driver_port.o
                0x00000000080017c8                sdio_driver_read_blocks
 .text.sdio_driver_read_byte
                0x00000000080017cc       0x14 ./Core/Src/components/platform/sdio_driver_port.o
                0x00000000080017cc                sdio_driver_read_byte
 .text.sdio_driver_write_byte
                0x00000000080017e0       0x14 ./Core/Src/components/platform/sdio_driver_port.o
                0x00000000080017e0                sdio_driver_write_byte
 .text.sdio_driver_wait_int
                0x00000000080017f4       0x12 ./Core/Src/components/platform/sdio_driver_port.o
                0x00000000080017f4                sdio_driver_wait_int
 *fill*         0x0000000008001806        0x2 
 .text.sdio_host_init
                0x0000000008001808      0x314 ./Core/Src/components/sdio_host/sdio_host_transport.o
                0x0000000008001808                sdio_host_init
 .text.sdio_host_get_packet
                0x0000000008001b1c      0x12c ./Core/Src/components/sdio_host/sdio_host_transport.o
                0x0000000008001b1c                sdio_host_get_packet
 .text.sdio_host_clear_intr
                0x0000000008001c48       0x4c ./Core/Src/components/sdio_host/sdio_host_transport.o
                0x0000000008001c48                sdio_host_clear_intr
 .text.sdio_host_get_intr
                0x0000000008001c94       0x64 ./Core/Src/components/sdio_host/sdio_host_transport.o
                0x0000000008001c94                sdio_host_get_intr
 .text.sdio_host_wait_int
                0x0000000008001cf8        0x4 ./Core/Src/components/sdio_host/sdio_host_transport.o
                0x0000000008001cf8                sdio_host_wait_int
 .text.sdio_host_send_packet
                0x0000000008001cfc      0x174 ./Core/Src/components/sdio_host/sdio_host_transport.o
                0x0000000008001cfc                sdio_host_send_packet
 .text.MX_DMA_Init
                0x0000000008001e70       0x30 ./Core/Src/dma.o
                0x0000000008001e70                MX_DMA_Init
 .text.StartDefaultTask
                0x0000000008001ea0      0x140 ./Core/Src/freertos.o
                0x0000000008001ea0                StartDefaultTask
 .text.sdio_recv_task
                0x0000000008001fe0      0x160 ./Core/Src/freertos.o
                0x0000000008001fe0                sdio_recv_task
 .text.vApplicationGetIdleTaskMemory
                0x0000000008002140       0x18 ./Core/Src/freertos.o
                0x0000000008002140                vApplicationGetIdleTaskMemory
 .text.MX_FREERTOS_Init
                0x0000000008002158       0x2c ./Core/Src/freertos.o
                0x0000000008002158                MX_FREERTOS_Init
 .text.HAL_UART_RxCpltCallback
                0x0000000008002184       0xb0 ./Core/Src/freertos.o
                0x0000000008002184                HAL_UART_RxCpltCallback
 .text.MX_GPIO_Init
                0x0000000008002234       0x44 ./Core/Src/gpio.o
                0x0000000008002234                MX_GPIO_Init
 .text.SystemClock_Config
                0x0000000008002278       0x80 ./Core/Src/main.o
                0x0000000008002278                SystemClock_Config
 .text.startup.main
                0x00000000080022f8       0x24 ./Core/Src/main.o
                0x00000000080022f8                main
 .text.HAL_TIM_PeriodElapsedCallback
                0x000000000800231c        0xe ./Core/Src/main.o
                0x000000000800231c                HAL_TIM_PeriodElapsedCallback
 .text.Error_Handler
                0x000000000800232a        0x4 ./Core/Src/main.o
                0x000000000800232a                Error_Handler
 *fill*         0x000000000800232e        0x2 
 .text.MX_RTC_Init
                0x0000000008002330       0x2c ./Core/Src/rtc.o
                0x0000000008002330                MX_RTC_Init
 .text.HAL_RTC_MspInit
                0x000000000800235c       0x3c ./Core/Src/rtc.o
                0x000000000800235c                HAL_RTC_MspInit
 .text.HAL_MspInit
                0x0000000008002398       0x50 ./Core/Src/stm32f1xx_hal_msp.o
                0x0000000008002398                HAL_MspInit
 .text.HAL_InitTick
                0x00000000080023e8       0x98 ./Core/Src/stm32f1xx_hal_timebase_tim.o
                0x00000000080023e8                HAL_InitTick
 .text.NMI_Handler
                0x0000000008002480        0x2 ./Core/Src/stm32f1xx_it.o
                0x0000000008002480                NMI_Handler
 .text.HardFault_Handler
                0x0000000008002482        0x2 ./Core/Src/stm32f1xx_it.o
                0x0000000008002482                HardFault_Handler
 .text.MemManage_Handler
                0x0000000008002484        0x2 ./Core/Src/stm32f1xx_it.o
                0x0000000008002484                MemManage_Handler
 .text.BusFault_Handler
                0x0000000008002486        0x2 ./Core/Src/stm32f1xx_it.o
                0x0000000008002486                BusFault_Handler
 .text.UsageFault_Handler
                0x0000000008002488        0x2 ./Core/Src/stm32f1xx_it.o
                0x0000000008002488                UsageFault_Handler
 .text.DebugMon_Handler
                0x000000000800248a        0x2 ./Core/Src/stm32f1xx_it.o
                0x000000000800248a                DebugMon_Handler
 .text.TIM2_IRQHandler
                0x000000000800248c        0xc ./Core/Src/stm32f1xx_it.o
                0x000000000800248c                TIM2_IRQHandler
 .text.USART1_IRQHandler
                0x0000000008002498        0xc ./Core/Src/stm32f1xx_it.o
                0x0000000008002498                USART1_IRQHandler
 .text.DMA2_Channel4_5_IRQHandler
                0x00000000080024a4        0xc ./Core/Src/stm32f1xx_it.o
                0x00000000080024a4                DMA2_Channel4_5_IRQHandler
 .text._read    0x00000000080024b0       0x1c ./Core/Src/syscalls.o
                0x00000000080024b0                _read
 .text._write   0x00000000080024cc       0x1c ./Core/Src/syscalls.o
                0x00000000080024cc                _write
 .text._close   0x00000000080024e8        0x6 ./Core/Src/syscalls.o
                0x00000000080024e8                _close
 .text._fstat   0x00000000080024ee        0xa ./Core/Src/syscalls.o
                0x00000000080024ee                _fstat
 .text._isatty  0x00000000080024f8        0x4 ./Core/Src/syscalls.o
                0x00000000080024f8                _isatty
 .text._lseek   0x00000000080024fc        0x4 ./Core/Src/syscalls.o
                0x00000000080024fc                _lseek
 .text._sbrk    0x0000000008002500       0x40 ./Core/Src/sysmem.o
                0x0000000008002500                _sbrk
 .text.SystemInit
                0x0000000008002540        0x2 ./Core/Src/system_stm32f1xx.o
                0x0000000008002540                SystemInit
 *fill*         0x0000000008002542        0x2 
 .text.MX_USART1_UART_Init
                0x0000000008002544       0x38 ./Core/Src/usart.o
                0x0000000008002544                MX_USART1_UART_Init
 .text.HAL_UART_MspInit
                0x000000000800257c       0x88 ./Core/Src/usart.o
                0x000000000800257c                HAL_UART_MspInit
 .text.Reset_Handler
                0x0000000008002604       0x48 ./Core/Startup/startup_stm32f103zetx.o
                0x0000000008002604                Reset_Handler
 .text.Default_Handler
                0x000000000800264c        0x2 ./Core/Startup/startup_stm32f103zetx.o
                0x000000000800264c                RTC_Alarm_IRQHandler
                0x000000000800264c                EXTI2_IRQHandler
                0x000000000800264c                TIM8_TRG_COM_IRQHandler
                0x000000000800264c                TIM8_CC_IRQHandler
                0x000000000800264c                TIM1_CC_IRQHandler
                0x000000000800264c                TIM6_IRQHandler
                0x000000000800264c                PVD_IRQHandler
                0x000000000800264c                EXTI3_IRQHandler
                0x000000000800264c                EXTI0_IRQHandler
                0x000000000800264c                I2C2_EV_IRQHandler
                0x000000000800264c                ADC1_2_IRQHandler
                0x000000000800264c                SPI1_IRQHandler
                0x000000000800264c                TAMPER_IRQHandler
                0x000000000800264c                TIM8_UP_IRQHandler
                0x000000000800264c                DMA2_Channel2_IRQHandler
                0x000000000800264c                DMA1_Channel4_IRQHandler
                0x000000000800264c                USART3_IRQHandler
                0x000000000800264c                RTC_IRQHandler
                0x000000000800264c                DMA1_Channel7_IRQHandler
                0x000000000800264c                CAN1_RX1_IRQHandler
                0x000000000800264c                UART5_IRQHandler
                0x000000000800264c                ADC3_IRQHandler
                0x000000000800264c                TIM4_IRQHandler
                0x000000000800264c                DMA2_Channel1_IRQHandler
                0x000000000800264c                I2C1_EV_IRQHandler
                0x000000000800264c                DMA1_Channel6_IRQHandler
                0x000000000800264c                UART4_IRQHandler
                0x000000000800264c                TIM3_IRQHandler
                0x000000000800264c                RCC_IRQHandler
                0x000000000800264c                TIM1_TRG_COM_IRQHandler
                0x000000000800264c                DMA1_Channel1_IRQHandler
                0x000000000800264c                Default_Handler
                0x000000000800264c                EXTI15_10_IRQHandler
                0x000000000800264c                TIM7_IRQHandler
                0x000000000800264c                TIM5_IRQHandler
                0x000000000800264c                EXTI9_5_IRQHandler
                0x000000000800264c                SPI2_IRQHandler
                0x000000000800264c                DMA1_Channel5_IRQHandler
                0x000000000800264c                EXTI4_IRQHandler
                0x000000000800264c                USB_LP_CAN1_RX0_IRQHandler
                0x000000000800264c                USB_HP_CAN1_TX_IRQHandler
                0x000000000800264c                DMA1_Channel3_IRQHandler
                0x000000000800264c                FSMC_IRQHandler
                0x000000000800264c                TIM1_UP_IRQHandler
                0x000000000800264c                WWDG_IRQHandler
                0x000000000800264c                TIM1_BRK_IRQHandler
                0x000000000800264c                EXTI1_IRQHandler
                0x000000000800264c                USART2_IRQHandler
                0x000000000800264c                I2C2_ER_IRQHandler
                0x000000000800264c                DMA1_Channel2_IRQHandler
                0x000000000800264c                TIM8_BRK_IRQHandler
                0x000000000800264c                CAN1_SCE_IRQHandler
                0x000000000800264c                FLASH_IRQHandler
                0x000000000800264c                SPI3_IRQHandler
                0x000000000800264c                I2C1_ER_IRQHandler
                0x000000000800264c                USBWakeUp_IRQHandler
                0x000000000800264c                DMA2_Channel3_IRQHandler
 *fill*         0x000000000800264e        0x2 
 .text.HAL_Init
                0x0000000008002650       0x24 ./Drivers/STM32F1xx_HAL_Driver/Src/stm32f1xx_hal.o
                0x0000000008002650                HAL_Init
 .text.HAL_IncTick
                0x0000000008002674       0x18 ./Drivers/STM32F1xx_HAL_Driver/Src/stm32f1xx_hal.o
                0x0000000008002674                HAL_IncTick
 .text.HAL_GetTick
                0x000000000800268c        0xc ./Drivers/STM32F1xx_HAL_Driver/Src/stm32f1xx_hal.o
                0x000000000800268c                HAL_GetTick
 .text.HAL_Delay
                0x0000000008002698       0x24 ./Drivers/STM32F1xx_HAL_Driver/Src/stm32f1xx_hal.o
                0x0000000008002698                HAL_Delay
 .text.HAL_NVIC_SetPriorityGrouping
                0x00000000080026bc       0x24 ./Drivers/STM32F1xx_HAL_Driver/Src/stm32f1xx_hal_cortex.o
                0x00000000080026bc                HAL_NVIC_SetPriorityGrouping
 .text.HAL_NVIC_SetPriority
                0x00000000080026e0       0x60 ./Drivers/STM32F1xx_HAL_Driver/Src/stm32f1xx_hal_cortex.o
                0x00000000080026e0                HAL_NVIC_SetPriority
 .text.HAL_NVIC_EnableIRQ
                0x0000000008002740       0x1c ./Drivers/STM32F1xx_HAL_Driver/Src/stm32f1xx_hal_cortex.o
                0x0000000008002740                HAL_NVIC_EnableIRQ
 .text.HAL_DMA_Abort
                0x000000000800275c       0x3e ./Drivers/STM32F1xx_HAL_Driver/Src/stm32f1xx_hal_dma.o
                0x000000000800275c                HAL_DMA_Abort
 *fill*         0x000000000800279a        0x2 
 .text.HAL_DMA_Abort_IT
                0x000000000800279c      0x144 ./Drivers/STM32F1xx_HAL_Driver/Src/stm32f1xx_hal_dma.o
                0x000000000800279c                HAL_DMA_Abort_IT
 .text.HAL_DMA_IRQHandler
                0x00000000080028e0      0x280 ./Drivers/STM32F1xx_HAL_Driver/Src/stm32f1xx_hal_dma.o
                0x00000000080028e0                HAL_DMA_IRQHandler
 .text.HAL_GPIO_Init
                0x0000000008002b60      0x1d0 ./Drivers/STM32F1xx_HAL_Driver/Src/stm32f1xx_hal_gpio.o
                0x0000000008002b60                HAL_GPIO_Init
 .text.HAL_GPIO_ReadPin
                0x0000000008002d30        0xc ./Drivers/STM32F1xx_HAL_Driver/Src/stm32f1xx_hal_gpio.o
                0x0000000008002d30                HAL_GPIO_ReadPin
 .text.HAL_GPIO_WritePin
                0x0000000008002d3c        0xa ./Drivers/STM32F1xx_HAL_Driver/Src/stm32f1xx_hal_gpio.o
                0x0000000008002d3c                HAL_GPIO_WritePin
 *fill*         0x0000000008002d46        0x2 
 .text.HAL_PWR_EnableBkUpAccess
                0x0000000008002d48        0xc ./Drivers/STM32F1xx_HAL_Driver/Src/stm32f1xx_hal_pwr.o
                0x0000000008002d48                HAL_PWR_EnableBkUpAccess
 .text.HAL_RCC_OscConfig
                0x0000000008002d54      0x338 ./Drivers/STM32F1xx_HAL_Driver/Src/stm32f1xx_hal_rcc.o
                0x0000000008002d54                HAL_RCC_OscConfig
 .text.HAL_RCC_GetSysClockFreq
                0x000000000800308c       0x4c ./Drivers/STM32F1xx_HAL_Driver/Src/stm32f1xx_hal_rcc.o
                0x000000000800308c                HAL_RCC_GetSysClockFreq
 .text.HAL_RCC_ClockConfig
                0x00000000080030d8      0x138 ./Drivers/STM32F1xx_HAL_Driver/Src/stm32f1xx_hal_rcc.o
                0x00000000080030d8                HAL_RCC_ClockConfig
 .text.HAL_RCC_GetHCLKFreq
                0x0000000008003210        0xc ./Drivers/STM32F1xx_HAL_Driver/Src/stm32f1xx_hal_rcc.o
                0x0000000008003210                HAL_RCC_GetHCLKFreq
 .text.HAL_RCC_GetPCLK1Freq
                0x000000000800321c       0x20 ./Drivers/STM32F1xx_HAL_Driver/Src/stm32f1xx_hal_rcc.o
                0x000000000800321c                HAL_RCC_GetPCLK1Freq
 .text.HAL_RCC_GetPCLK2Freq
                0x000000000800323c       0x20 ./Drivers/STM32F1xx_HAL_Driver/Src/stm32f1xx_hal_rcc.o
                0x000000000800323c                HAL_RCC_GetPCLK2Freq
 .text.HAL_RCC_GetClockConfig
                0x000000000800325c       0x3c ./Drivers/STM32F1xx_HAL_Driver/Src/stm32f1xx_hal_rcc.o
                0x000000000800325c                HAL_RCC_GetClockConfig
 .text.HAL_RCCEx_PeriphCLKConfig
                0x0000000008003298       0xf4 ./Drivers/STM32F1xx_HAL_Driver/Src/stm32f1xx_hal_rcc_ex.o
                0x0000000008003298                HAL_RCCEx_PeriphCLKConfig
 .text.HAL_RCCEx_GetPeriphCLKFreq
                0x000000000800338c       0xd8 ./Drivers/STM32F1xx_HAL_Driver/Src/stm32f1xx_hal_rcc_ex.o
                0x000000000800338c                HAL_RCCEx_GetPeriphCLKFreq
 .text.RTC_EnterInitMode
                0x0000000008003464       0x2e ./Drivers/STM32F1xx_HAL_Driver/Src/stm32f1xx_hal_rtc.o
 .text.RTC_ExitInitMode
                0x0000000008003492       0x30 ./Drivers/STM32F1xx_HAL_Driver/Src/stm32f1xx_hal_rtc.o
 .text.HAL_RTC_WaitForSynchro
                0x00000000080034c2       0x36 ./Drivers/STM32F1xx_HAL_Driver/Src/stm32f1xx_hal_rtc.o
                0x00000000080034c2                HAL_RTC_WaitForSynchro
 .text.HAL_RTC_Init
                0x00000000080034f8       0x90 ./Drivers/STM32F1xx_HAL_Driver/Src/stm32f1xx_hal_rtc.o
                0x00000000080034f8                HAL_RTC_Init
 .text.HAL_TIM_Base_MspInit
                0x0000000008003588        0x2 ./Drivers/STM32F1xx_HAL_Driver/Src/stm32f1xx_hal_tim.o
                0x0000000008003588                HAL_TIM_Base_MspInit
 *fill*         0x000000000800358a        0x2 
 .text.HAL_TIM_Base_Start_IT
                0x000000000800358c       0x64 ./Drivers/STM32F1xx_HAL_Driver/Src/stm32f1xx_hal_tim.o
                0x000000000800358c                HAL_TIM_Base_Start_IT
 .text.HAL_TIM_OC_DelayElapsedCallback
                0x00000000080035f0        0x2 ./Drivers/STM32F1xx_HAL_Driver/Src/stm32f1xx_hal_tim.o
                0x00000000080035f0                HAL_TIM_OC_DelayElapsedCallback
 .text.HAL_TIM_IC_CaptureCallback
                0x00000000080035f2        0x2 ./Drivers/STM32F1xx_HAL_Driver/Src/stm32f1xx_hal_tim.o
                0x00000000080035f2                HAL_TIM_IC_CaptureCallback
 .text.HAL_TIM_PWM_PulseFinishedCallback
                0x00000000080035f4        0x2 ./Drivers/STM32F1xx_HAL_Driver/Src/stm32f1xx_hal_tim.o
                0x00000000080035f4                HAL_TIM_PWM_PulseFinishedCallback
 .text.HAL_TIM_TriggerCallback
                0x00000000080035f6        0x2 ./Drivers/STM32F1xx_HAL_Driver/Src/stm32f1xx_hal_tim.o
                0x00000000080035f6                HAL_TIM_TriggerCallback
 .text.HAL_TIM_IRQHandler
                0x00000000080035f8      0x144 ./Drivers/STM32F1xx_HAL_Driver/Src/stm32f1xx_hal_tim.o
                0x00000000080035f8                HAL_TIM_IRQHandler
 .text.TIM_Base_SetConfig
                0x000000000800373c       0x98 ./Drivers/STM32F1xx_HAL_Driver/Src/stm32f1xx_hal_tim.o
                0x000000000800373c                TIM_Base_SetConfig
 .text.HAL_TIM_Base_Init
                0x00000000080037d4       0x58 ./Drivers/STM32F1xx_HAL_Driver/Src/stm32f1xx_hal_tim.o
                0x00000000080037d4                HAL_TIM_Base_Init
 .text.HAL_TIMEx_CommutCallback
                0x000000000800382c        0x2 ./Drivers/STM32F1xx_HAL_Driver/Src/stm32f1xx_hal_tim_ex.o
                0x000000000800382c                HAL_TIMEx_CommutCallback
 .text.HAL_TIMEx_BreakCallback
                0x000000000800382e        0x2 ./Drivers/STM32F1xx_HAL_Driver/Src/stm32f1xx_hal_tim_ex.o
                0x000000000800382e                HAL_TIMEx_BreakCallback
 .text.UART_EndRxTransfer
                0x0000000008003830       0x5c ./Drivers/STM32F1xx_HAL_Driver/Src/stm32f1xx_hal_uart.o
 .text.UART_SetConfig
                0x000000000800388c       0x74 ./Drivers/STM32F1xx_HAL_Driver/Src/stm32f1xx_hal_uart.o
 .text.HAL_UART_Init
                0x0000000008003900       0x5e ./Drivers/STM32F1xx_HAL_Driver/Src/stm32f1xx_hal_uart.o
                0x0000000008003900                HAL_UART_Init
 .text.HAL_UART_TxCpltCallback
                0x000000000800395e        0x2 ./Drivers/STM32F1xx_HAL_Driver/Src/stm32f1xx_hal_uart.o
                0x000000000800395e                HAL_UART_TxCpltCallback
 .text.HAL_UART_ErrorCallback
                0x0000000008003960        0x2 ./Drivers/STM32F1xx_HAL_Driver/Src/stm32f1xx_hal_uart.o
                0x0000000008003960                HAL_UART_ErrorCallback
 .text.UART_DMAAbortOnError
                0x0000000008003962       0x10 ./Drivers/STM32F1xx_HAL_Driver/Src/stm32f1xx_hal_uart.o
 .text.HAL_UARTEx_RxEventCallback
                0x0000000008003972        0x2 ./Drivers/STM32F1xx_HAL_Driver/Src/stm32f1xx_hal_uart.o
                0x0000000008003972                HAL_UARTEx_RxEventCallback
 .text.UART_Receive_IT.isra.0
                0x0000000008003974       0xb6 ./Drivers/STM32F1xx_HAL_Driver/Src/stm32f1xx_hal_uart.o
 *fill*         0x0000000008003a2a        0x2 
 .text.HAL_UART_IRQHandler
                0x0000000008003a2c      0x294 ./Drivers/STM32F1xx_HAL_Driver/Src/stm32f1xx_hal_uart.o
                0x0000000008003a2c                HAL_UART_IRQHandler
 .text.UART_Start_Receive_IT
                0x0000000008003cc0       0x32 ./Drivers/STM32F1xx_HAL_Driver/Src/stm32f1xx_hal_uart.o
                0x0000000008003cc0                UART_Start_Receive_IT
 .text.HAL_UART_Receive_IT
                0x0000000008003cf2       0x22 ./Drivers/STM32F1xx_HAL_Driver/Src/stm32f1xx_hal_uart.o
                0x0000000008003cf2                HAL_UART_Receive_IT
 .text.LL_DMA_Init
                0x0000000008003d14       0x50 ./Drivers/STM32F1xx_HAL_Driver/Src/stm32f1xx_ll_dma.o
                0x0000000008003d14                LL_DMA_Init
 .text.SDIO_Init
                0x0000000008003d64       0x38 ./Drivers/STM32F1xx_HAL_Driver/Src/stm32f1xx_ll_sdmmc.o
                0x0000000008003d64                SDIO_Init
 .text.SDIO_PowerState_ON
                0x0000000008003d9c        0x8 ./Drivers/STM32F1xx_HAL_Driver/Src/stm32f1xx_ll_sdmmc.o
                0x0000000008003d9c                SDIO_PowerState_ON
 .text.SDIO_SendCommand
                0x0000000008003da4       0x26 ./Drivers/STM32F1xx_HAL_Driver/Src/stm32f1xx_ll_sdmmc.o
                0x0000000008003da4                SDIO_SendCommand
 .text.SDIO_GetResponse
                0x0000000008003dca        0x6 ./Drivers/STM32F1xx_HAL_Driver/Src/stm32f1xx_ll_sdmmc.o
                0x0000000008003dca                SDIO_GetResponse
 .text.SDIO_ConfigData
                0x0000000008003dd0       0x26 ./Drivers/STM32F1xx_HAL_Driver/Src/stm32f1xx_ll_sdmmc.o
                0x0000000008003dd0                SDIO_ConfigData
 .text.osKernelStart
                0x0000000008003df6        0xa ./Middlewares/Third_Party/FreeRTOS/Source/CMSIS_RTOS/cmsis_os.o
                0x0000000008003df6                osKernelStart
 .text.osThreadCreate
                0x0000000008003e00       0x50 ./Middlewares/Third_Party/FreeRTOS/Source/CMSIS_RTOS/cmsis_os.o
                0x0000000008003e00                osThreadCreate
 .text.vListInitialise
                0x0000000008003e50       0x16 ./Middlewares/Third_Party/FreeRTOS/Source/list.o
                0x0000000008003e50                vListInitialise
 .text.vListInitialiseItem
                0x0000000008003e66        0x6 ./Middlewares/Third_Party/FreeRTOS/Source/list.o
                0x0000000008003e66                vListInitialiseItem
 .text.vListInsertEnd
                0x0000000008003e6c       0x18 ./Middlewares/Third_Party/FreeRTOS/Source/list.o
                0x0000000008003e6c                vListInsertEnd
 .text.vListInsert
                0x0000000008003e84       0x2e ./Middlewares/Third_Party/FreeRTOS/Source/list.o
                0x0000000008003e84                vListInsert
 .text.uxListRemove
                0x0000000008003eb2       0x20 ./Middlewares/Third_Party/FreeRTOS/Source/list.o
                0x0000000008003eb2                uxListRemove
 .text.prvIsQueueEmpty
                0x0000000008003ed2       0x16 ./Middlewares/Third_Party/FreeRTOS/Source/queue.o
 .text.prvCopyDataToQueue
                0x0000000008003ee8       0x6a ./Middlewares/Third_Party/FreeRTOS/Source/queue.o
 .text.prvUnlockQueue
                0x0000000008003f52       0x70 ./Middlewares/Third_Party/FreeRTOS/Source/queue.o
 .text.xQueueGenericReset
                0x0000000008003fc2       0x7e ./Middlewares/Third_Party/FreeRTOS/Source/queue.o
                0x0000000008003fc2                xQueueGenericReset
 .text.xQueueGenericCreate
                0x0000000008004040       0x48 ./Middlewares/Third_Party/FreeRTOS/Source/queue.o
                0x0000000008004040                xQueueGenericCreate
 .text.xQueueGenericSend
                0x0000000008004088      0x166 ./Middlewares/Third_Party/FreeRTOS/Source/queue.o
                0x0000000008004088                xQueueGenericSend
 .text.xQueueCreateMutex
                0x00000000080041ee       0x34 ./Middlewares/Third_Party/FreeRTOS/Source/queue.o
                0x00000000080041ee                xQueueCreateMutex
 .text.xQueueGiveFromISR
                0x0000000008004222       0xa8 ./Middlewares/Third_Party/FreeRTOS/Source/queue.o
                0x0000000008004222                xQueueGiveFromISR
 .text.xQueueSemaphoreTake
                0x00000000080042ca      0x186 ./Middlewares/Third_Party/FreeRTOS/Source/queue.o
                0x00000000080042ca                xQueueSemaphoreTake
 .text.prvAddNewTaskToReadyList
                0x0000000008004450       0xfc ./Middlewares/Third_Party/FreeRTOS/Source/tasks.o
 .text.prvAddCurrentTaskToDelayedList
                0x000000000800454c       0x88 ./Middlewares/Third_Party/FreeRTOS/Source/tasks.o
 .text.prvResetNextTaskUnblockTime
                0x00000000080045d4       0x24 ./Middlewares/Third_Party/FreeRTOS/Source/tasks.o
 .text.prvDeleteTCB
                0x00000000080045f8       0x3c ./Middlewares/Third_Party/FreeRTOS/Source/tasks.o
 .text.prvIdleTask
                0x0000000008004634       0x60 ./Middlewares/Third_Party/FreeRTOS/Source/tasks.o
 .text.prvInitialiseNewTask.constprop.0
                0x0000000008004694       0xa0 ./Middlewares/Third_Party/FreeRTOS/Source/tasks.o
 .text.xTaskCreateStatic
                0x0000000008004734       0x6e ./Middlewares/Third_Party/FreeRTOS/Source/tasks.o
                0x0000000008004734                xTaskCreateStatic
 .text.xTaskCreate
                0x00000000080047a2       0x5a ./Middlewares/Third_Party/FreeRTOS/Source/tasks.o
                0x00000000080047a2                xTaskCreate
 .text.vTaskStartScheduler
                0x00000000080047fc       0x84 ./Middlewares/Third_Party/FreeRTOS/Source/tasks.o
                0x00000000080047fc                vTaskStartScheduler
 .text.vTaskSuspendAll
                0x0000000008004880       0x10 ./Middlewares/Third_Party/FreeRTOS/Source/tasks.o
                0x0000000008004880                vTaskSuspendAll
 .text.xTaskIncrementTick
                0x0000000008004890      0x124 ./Middlewares/Third_Party/FreeRTOS/Source/tasks.o
                0x0000000008004890                xTaskIncrementTick
 .text.xTaskResumeAll
                0x00000000080049b4       0xec ./Middlewares/Third_Party/FreeRTOS/Source/tasks.o
                0x00000000080049b4                xTaskResumeAll
 .text.vTaskDelay
                0x0000000008004aa0       0x48 ./Middlewares/Third_Party/FreeRTOS/Source/tasks.o
                0x0000000008004aa0                vTaskDelay
 .text.vTaskSwitchContext
                0x0000000008004ae8       0x84 ./Middlewares/Third_Party/FreeRTOS/Source/tasks.o
                0x0000000008004ae8                vTaskSwitchContext
 .text.vTaskPlaceOnEventList
                0x0000000008004b6c       0x34 ./Middlewares/Third_Party/FreeRTOS/Source/tasks.o
                0x0000000008004b6c                vTaskPlaceOnEventList
 .text.xTaskRemoveFromEventList
                0x0000000008004ba0       0x84 ./Middlewares/Third_Party/FreeRTOS/Source/tasks.o
                0x0000000008004ba0                xTaskRemoveFromEventList
 .text.vTaskInternalSetTimeOutState
                0x0000000008004c24       0x18 ./Middlewares/Third_Party/FreeRTOS/Source/tasks.o
                0x0000000008004c24                vTaskInternalSetTimeOutState
 .text.xTaskCheckForTimeOut
                0x0000000008004c3c       0x78 ./Middlewares/Third_Party/FreeRTOS/Source/tasks.o
                0x0000000008004c3c                xTaskCheckForTimeOut
 .text.vTaskMissedYield
                0x0000000008004cb4        0xc ./Middlewares/Third_Party/FreeRTOS/Source/tasks.o
                0x0000000008004cb4                vTaskMissedYield
 .text.xTaskGetSchedulerState
                0x0000000008004cc0       0x20 ./Middlewares/Third_Party/FreeRTOS/Source/tasks.o
                0x0000000008004cc0                xTaskGetSchedulerState
 .text.xTaskPriorityInherit
                0x0000000008004ce0       0xa4 ./Middlewares/Third_Party/FreeRTOS/Source/tasks.o
                0x0000000008004ce0                xTaskPriorityInherit
 .text.xTaskPriorityDisinherit
                0x0000000008004d84       0xa0 ./Middlewares/Third_Party/FreeRTOS/Source/tasks.o
                0x0000000008004d84                xTaskPriorityDisinherit
 .text.vTaskPriorityDisinheritAfterTimeout
                0x0000000008004e24       0xb0 ./Middlewares/Third_Party/FreeRTOS/Source/tasks.o
                0x0000000008004e24                vTaskPriorityDisinheritAfterTimeout
 .text.pvTaskIncrementMutexHeldCount
                0x0000000008004ed4       0x18 ./Middlewares/Third_Party/FreeRTOS/Source/tasks.o
                0x0000000008004ed4                pvTaskIncrementMutexHeldCount
 .text.prvPortStartFirstTask
                0x0000000008004eec       0x20 ./Middlewares/Third_Party/FreeRTOS/Source/portable/GCC/ARM_CM3/port.o
 .text.prvTaskExitError
                0x0000000008004f0c       0x40 ./Middlewares/Third_Party/FreeRTOS/Source/portable/GCC/ARM_CM3/port.o
 .text.pxPortInitialiseStack
                0x0000000008004f4c       0x24 ./Middlewares/Third_Party/FreeRTOS/Source/portable/GCC/ARM_CM3/port.o
                0x0000000008004f4c                pxPortInitialiseStack
 .text.SVC_Handler
                0x0000000008004f70       0x24 ./Middlewares/Third_Party/FreeRTOS/Source/portable/GCC/ARM_CM3/port.o
                0x0000000008004f70                SVC_Handler
 .text.vPortEnterCritical
                0x0000000008004f94       0x40 ./Middlewares/Third_Party/FreeRTOS/Source/portable/GCC/ARM_CM3/port.o
                0x0000000008004f94                vPortEnterCritical
 .text.vPortExitCritical
                0x0000000008004fd4       0x28 ./Middlewares/Third_Party/FreeRTOS/Source/portable/GCC/ARM_CM3/port.o
                0x0000000008004fd4                vPortExitCritical
 *fill*         0x0000000008004ffc        0x4 
 .text.PendSV_Handler
                0x0000000008005000       0x44 ./Middlewares/Third_Party/FreeRTOS/Source/portable/GCC/ARM_CM3/port.o
                0x0000000008005000                PendSV_Handler
 .text.SysTick_Handler
                0x0000000008005044       0x2c ./Middlewares/Third_Party/FreeRTOS/Source/portable/GCC/ARM_CM3/port.o
                0x0000000008005044                SysTick_Handler
 .text.vPortSetupTimerInterrupt
                0x0000000008005070       0x24 ./Middlewares/Third_Party/FreeRTOS/Source/portable/GCC/ARM_CM3/port.o
                0x0000000008005070                vPortSetupTimerInterrupt
 .text.xPortStartScheduler
                0x0000000008005094       0xb8 ./Middlewares/Third_Party/FreeRTOS/Source/portable/GCC/ARM_CM3/port.o
                0x0000000008005094                xPortStartScheduler
 .text.vPortValidateInterruptPriority
                0x000000000800514c       0x5c ./Middlewares/Third_Party/FreeRTOS/Source/portable/GCC/ARM_CM3/port.o
                0x000000000800514c                vPortValidateInterruptPriority
 .text.prvInsertBlockIntoFreeList
                0x00000000080051a8       0x4c ./Middlewares/Third_Party/FreeRTOS/Source/portable/MemMang/heap_4.o
 .text.pvPortMalloc
                0x00000000080051f4      0x124 ./Middlewares/Third_Party/FreeRTOS/Source/portable/MemMang/heap_4.o
                0x00000000080051f4                pvPortMalloc
 .text.vPortFree
                0x0000000008005318       0x70 ./Middlewares/Third_Party/FreeRTOS/Source/portable/MemMang/heap_4.o
                0x0000000008005318                vPortFree
 .text.__sflush_r
                0x0000000008005388      0x104 C:/ST/STM32CubeIDE_1.11.0/STM32CubeIDE/plugins/com.st.stm32cube.ide.mcu.externaltools.gnu-tools-for-stm32.11.3.rel1.win32_1.1.0.202305231506/tools/bin/../lib/gcc/arm-none-eabi/11.3.1/../../../../arm-none-eabi/lib/thumb/v7-m/nofp\libc_nano.a(libc_a-fflush.o)
                0x0000000008005388                __sflush_r
 .text._fflush_r
                0x000000000800548c       0x50 C:/ST/STM32CubeIDE_1.11.0/STM32CubeIDE/plugins/com.st.stm32cube.ide.mcu.externaltools.gnu-tools-for-stm32.11.3.rel1.win32_1.1.0.202305231506/tools/bin/../lib/gcc/arm-none-eabi/11.3.1/../../../../arm-none-eabi/lib/thumb/v7-m/nofp\libc_nano.a(libc_a-fflush.o)
                0x000000000800548c                _fflush_r
 .text.fflush   0x00000000080054dc       0x28 C:/ST/STM32CubeIDE_1.11.0/STM32CubeIDE/plugins/com.st.stm32cube.ide.mcu.externaltools.gnu-tools-for-stm32.11.3.rel1.win32_1.1.0.202305231506/tools/bin/../lib/gcc/arm-none-eabi/11.3.1/../../../../arm-none-eabi/lib/thumb/v7-m/nofp\libc_nano.a(libc_a-fflush.o)
                0x00000000080054dc                fflush
 .text.std      0x0000000008005504       0x48 C:/ST/STM32CubeIDE_1.11.0/STM32CubeIDE/plugins/com.st.stm32cube.ide.mcu.externaltools.gnu-tools-for-stm32.11.3.rel1.win32_1.1.0.202305231506/tools/bin/../lib/gcc/arm-none-eabi/11.3.1/../../../../arm-none-eabi/lib/thumb/v7-m/nofp\libc_nano.a(libc_a-findfp.o)
 .text.stdio_exit_handler
                0x000000000800554c       0x18 C:/ST/STM32CubeIDE_1.11.0/STM32CubeIDE/plugins/com.st.stm32cube.ide.mcu.externaltools.gnu-tools-for-stm32.11.3.rel1.win32_1.1.0.202305231506/tools/bin/../lib/gcc/arm-none-eabi/11.3.1/../../../../arm-none-eabi/lib/thumb/v7-m/nofp\libc_nano.a(libc_a-findfp.o)
 .text.cleanup_stdio
                0x0000000008005564       0x40 C:/ST/STM32CubeIDE_1.11.0/STM32CubeIDE/plugins/com.st.stm32cube.ide.mcu.externaltools.gnu-tools-for-stm32.11.3.rel1.win32_1.1.0.202305231506/tools/bin/../lib/gcc/arm-none-eabi/11.3.1/../../../../arm-none-eabi/lib/thumb/v7-m/nofp\libc_nano.a(libc_a-findfp.o)
 .text.global_stdio_init.part.0
                0x00000000080055a4       0x3c C:/ST/STM32CubeIDE_1.11.0/STM32CubeIDE/plugins/com.st.stm32cube.ide.mcu.externaltools.gnu-tools-for-stm32.11.3.rel1.win32_1.1.0.202305231506/tools/bin/../lib/gcc/arm-none-eabi/11.3.1/../../../../arm-none-eabi/lib/thumb/v7-m/nofp\libc_nano.a(libc_a-findfp.o)
 .text.__sfp_lock_acquire
                0x00000000080055e0        0xc C:/ST/STM32CubeIDE_1.11.0/STM32CubeIDE/plugins/com.st.stm32cube.ide.mcu.externaltools.gnu-tools-for-stm32.11.3.rel1.win32_1.1.0.202305231506/tools/bin/../lib/gcc/arm-none-eabi/11.3.1/../../../../arm-none-eabi/lib/thumb/v7-m/nofp\libc_nano.a(libc_a-findfp.o)
                0x00000000080055e0                __sfp_lock_acquire
 .text.__sfp_lock_release
                0x00000000080055ec        0xc C:/ST/STM32CubeIDE_1.11.0/STM32CubeIDE/plugins/com.st.stm32cube.ide.mcu.externaltools.gnu-tools-for-stm32.11.3.rel1.win32_1.1.0.202305231506/tools/bin/../lib/gcc/arm-none-eabi/11.3.1/../../../../arm-none-eabi/lib/thumb/v7-m/nofp\libc_nano.a(libc_a-findfp.o)
                0x00000000080055ec                __sfp_lock_release
 .text.__sinit  0x00000000080055f8       0x30 C:/ST/STM32CubeIDE_1.11.0/STM32CubeIDE/plugins/com.st.stm32cube.ide.mcu.externaltools.gnu-tools-for-stm32.11.3.rel1.win32_1.1.0.202305231506/tools/bin/../lib/gcc/arm-none-eabi/11.3.1/../../../../arm-none-eabi/lib/thumb/v7-m/nofp\libc_nano.a(libc_a-findfp.o)
                0x00000000080055f8                __sinit
 .text._fwalk_sglue
                0x0000000008005628       0x3c C:/ST/STM32CubeIDE_1.11.0/STM32CubeIDE/plugins/com.st.stm32cube.ide.mcu.externaltools.gnu-tools-for-stm32.11.3.rel1.win32_1.1.0.202305231506/tools/bin/../lib/gcc/arm-none-eabi/11.3.1/../../../../arm-none-eabi/lib/thumb/v7-m/nofp\libc_nano.a(libc_a-fwalk.o)
                0x0000000008005628                _fwalk_sglue
 .text.printf   0x0000000008005664       0x24 C:/ST/STM32CubeIDE_1.11.0/STM32CubeIDE/plugins/com.st.stm32cube.ide.mcu.externaltools.gnu-tools-for-stm32.11.3.rel1.win32_1.1.0.202305231506/tools/bin/../lib/gcc/arm-none-eabi/11.3.1/../../../../arm-none-eabi/lib/thumb/v7-m/nofp\libc_nano.a(libc_a-printf.o)
                0x0000000008005664                iprintf
                0x0000000008005664                printf
 .text._puts_r  0x0000000008005688       0xa8 C:/ST/STM32CubeIDE_1.11.0/STM32CubeIDE/plugins/com.st.stm32cube.ide.mcu.externaltools.gnu-tools-for-stm32.11.3.rel1.win32_1.1.0.202305231506/tools/bin/../lib/gcc/arm-none-eabi/11.3.1/../../../../arm-none-eabi/lib/thumb/v7-m/nofp\libc_nano.a(libc_a-puts.o)
                0x0000000008005688                _puts_r
 .text.puts     0x0000000008005730       0x10 C:/ST/STM32CubeIDE_1.11.0/STM32CubeIDE/plugins/com.st.stm32cube.ide.mcu.externaltools.gnu-tools-for-stm32.11.3.rel1.win32_1.1.0.202305231506/tools/bin/../lib/gcc/arm-none-eabi/11.3.1/../../../../arm-none-eabi/lib/thumb/v7-m/nofp\libc_nano.a(libc_a-puts.o)
                0x0000000008005730                puts
 .text.__sread  0x0000000008005740       0x22 C:/ST/STM32CubeIDE_1.11.0/STM32CubeIDE/plugins/com.st.stm32cube.ide.mcu.externaltools.gnu-tools-for-stm32.11.3.rel1.win32_1.1.0.202305231506/tools/bin/../lib/gcc/arm-none-eabi/11.3.1/../../../../arm-none-eabi/lib/thumb/v7-m/nofp\libc_nano.a(libc_a-stdio.o)
                0x0000000008005740                __sread
 .text.__swrite
                0x0000000008005762       0x38 C:/ST/STM32CubeIDE_1.11.0/STM32CubeIDE/plugins/com.st.stm32cube.ide.mcu.externaltools.gnu-tools-for-stm32.11.3.rel1.win32_1.1.0.202305231506/tools/bin/../lib/gcc/arm-none-eabi/11.3.1/../../../../arm-none-eabi/lib/thumb/v7-m/nofp\libc_nano.a(libc_a-stdio.o)
                0x0000000008005762                __swrite
 .text.__sseek  0x000000000800579a       0x24 C:/ST/STM32CubeIDE_1.11.0/STM32CubeIDE/plugins/com.st.stm32cube.ide.mcu.externaltools.gnu-tools-for-stm32.11.3.rel1.win32_1.1.0.202305231506/tools/bin/../lib/gcc/arm-none-eabi/11.3.1/../../../../arm-none-eabi/lib/thumb/v7-m/nofp\libc_nano.a(libc_a-stdio.o)
                0x000000000800579a                __sseek
 .text.__sclose
                0x00000000080057be        0x8 C:/ST/STM32CubeIDE_1.11.0/STM32CubeIDE/plugins/com.st.stm32cube.ide.mcu.externaltools.gnu-tools-for-stm32.11.3.rel1.win32_1.1.0.202305231506/tools/bin/../lib/gcc/arm-none-eabi/11.3.1/../../../../arm-none-eabi/lib/thumb/v7-m/nofp\libc_nano.a(libc_a-stdio.o)
                0x00000000080057be                __sclose
 .text.__swbuf_r
                0x00000000080057c6       0x7a C:/ST/STM32CubeIDE_1.11.0/STM32CubeIDE/plugins/com.st.stm32cube.ide.mcu.externaltools.gnu-tools-for-stm32.11.3.rel1.win32_1.1.0.202305231506/tools/bin/../lib/gcc/arm-none-eabi/11.3.1/../../../../arm-none-eabi/lib/thumb/v7-m/nofp\libc_nano.a(libc_a-wbuf.o)
                0x00000000080057c6                __swbuf_r
 .text.__swsetup_r
                0x0000000008005840       0xb0 C:/ST/STM32CubeIDE_1.11.0/STM32CubeIDE/plugins/com.st.stm32cube.ide.mcu.externaltools.gnu-tools-for-stm32.11.3.rel1.win32_1.1.0.202305231506/tools/bin/../lib/gcc/arm-none-eabi/11.3.1/../../../../arm-none-eabi/lib/thumb/v7-m/nofp\libc_nano.a(libc_a-wsetup.o)
                0x0000000008005840                __swsetup_r
 .text.memset   0x00000000080058f0       0x10 C:/ST/STM32CubeIDE_1.11.0/STM32CubeIDE/plugins/com.st.stm32cube.ide.mcu.externaltools.gnu-tools-for-stm32.11.3.rel1.win32_1.1.0.202305231506/tools/bin/../lib/gcc/arm-none-eabi/11.3.1/../../../../arm-none-eabi/lib/thumb/v7-m/nofp\libc_nano.a(libc_a-memset.o)
                0x00000000080058f0                memset
 .text._close_r
                0x0000000008005900       0x20 C:/ST/STM32CubeIDE_1.11.0/STM32CubeIDE/plugins/com.st.stm32cube.ide.mcu.externaltools.gnu-tools-for-stm32.11.3.rel1.win32_1.1.0.202305231506/tools/bin/../lib/gcc/arm-none-eabi/11.3.1/../../../../arm-none-eabi/lib/thumb/v7-m/nofp\libc_nano.a(libc_a-closer.o)
                0x0000000008005900                _close_r
 .text._reclaim_reent
                0x0000000008005920       0xac C:/ST/STM32CubeIDE_1.11.0/STM32CubeIDE/plugins/com.st.stm32cube.ide.mcu.externaltools.gnu-tools-for-stm32.11.3.rel1.win32_1.1.0.202305231506/tools/bin/../lib/gcc/arm-none-eabi/11.3.1/../../../../arm-none-eabi/lib/thumb/v7-m/nofp\libc_nano.a(libc_a-reent.o)
                0x0000000008005920                _reclaim_reent
 .text._lseek_r
                0x00000000080059cc       0x24 C:/ST/STM32CubeIDE_1.11.0/STM32CubeIDE/plugins/com.st.stm32cube.ide.mcu.externaltools.gnu-tools-for-stm32.11.3.rel1.win32_1.1.0.202305231506/tools/bin/../lib/gcc/arm-none-eabi/11.3.1/../../../../arm-none-eabi/lib/thumb/v7-m/nofp\libc_nano.a(libc_a-lseekr.o)
                0x00000000080059cc                _lseek_r
 .text._read_r  0x00000000080059f0       0x24 C:/ST/STM32CubeIDE_1.11.0/STM32CubeIDE/plugins/com.st.stm32cube.ide.mcu.externaltools.gnu-tools-for-stm32.11.3.rel1.win32_1.1.0.202305231506/tools/bin/../lib/gcc/arm-none-eabi/11.3.1/../../../../arm-none-eabi/lib/thumb/v7-m/nofp\libc_nano.a(libc_a-readr.o)
                0x00000000080059f0                _read_r
 .text._write_r
                0x0000000008005a14       0x24 C:/ST/STM32CubeIDE_1.11.0/STM32CubeIDE/plugins/com.st.stm32cube.ide.mcu.externaltools.gnu-tools-for-stm32.11.3.rel1.win32_1.1.0.202305231506/tools/bin/../lib/gcc/arm-none-eabi/11.3.1/../../../../arm-none-eabi/lib/thumb/v7-m/nofp\libc_nano.a(libc_a-writer.o)
                0x0000000008005a14                _write_r
 .text.__errno  0x0000000008005a38        0xc C:/ST/STM32CubeIDE_1.11.0/STM32CubeIDE/plugins/com.st.stm32cube.ide.mcu.externaltools.gnu-tools-for-stm32.11.3.rel1.win32_1.1.0.202305231506/tools/bin/../lib/gcc/arm-none-eabi/11.3.1/../../../../arm-none-eabi/lib/thumb/v7-m/nofp\libc_nano.a(libc_a-errno.o)
                0x0000000008005a38                __errno
 .text.__libc_init_array
                0x0000000008005a44       0x48 C:/ST/STM32CubeIDE_1.11.0/STM32CubeIDE/plugins/com.st.stm32cube.ide.mcu.externaltools.gnu-tools-for-stm32.11.3.rel1.win32_1.1.0.202305231506/tools/bin/../lib/gcc/arm-none-eabi/11.3.1/../../../../arm-none-eabi/lib/thumb/v7-m/nofp\libc_nano.a(libc_a-init.o)
                0x0000000008005a44                __libc_init_array
 .text.__retarget_lock_acquire_recursive
                0x0000000008005a8c        0x2 C:/ST/STM32CubeIDE_1.11.0/STM32CubeIDE/plugins/com.st.stm32cube.ide.mcu.externaltools.gnu-tools-for-stm32.11.3.rel1.win32_1.1.0.202305231506/tools/bin/../lib/gcc/arm-none-eabi/11.3.1/../../../../arm-none-eabi/lib/thumb/v7-m/nofp\libc_nano.a(libc_a-lock.o)
                0x0000000008005a8c                __retarget_lock_acquire_recursive
 .text.__retarget_lock_release_recursive
                0x0000000008005a8e        0x2 C:/ST/STM32CubeIDE_1.11.0/STM32CubeIDE/plugins/com.st.stm32cube.ide.mcu.externaltools.gnu-tools-for-stm32.11.3.rel1.win32_1.1.0.202305231506/tools/bin/../lib/gcc/arm-none-eabi/11.3.1/../../../../arm-none-eabi/lib/thumb/v7-m/nofp\libc_nano.a(libc_a-lock.o)
                0x0000000008005a8e                __retarget_lock_release_recursive
 .text.memcpy   0x0000000008005a90       0x1c C:/ST/STM32CubeIDE_1.11.0/STM32CubeIDE/plugins/com.st.stm32cube.ide.mcu.externaltools.gnu-tools-for-stm32.11.3.rel1.win32_1.1.0.202305231506/tools/bin/../lib/gcc/arm-none-eabi/11.3.1/../../../../arm-none-eabi/lib/thumb/v7-m/nofp\libc_nano.a(libc_a-memcpy-stub.o)
                0x0000000008005a90                memcpy
 .text._free_r  0x0000000008005aac       0x90 C:/ST/STM32CubeIDE_1.11.0/STM32CubeIDE/plugins/com.st.stm32cube.ide.mcu.externaltools.gnu-tools-for-stm32.11.3.rel1.win32_1.1.0.202305231506/tools/bin/../lib/gcc/arm-none-eabi/11.3.1/../../../../arm-none-eabi/lib/thumb/v7-m/nofp\libc_nano.a(libc_a-freer.o)
                0x0000000008005aac                _free_r
 .text.sbrk_aligned
                0x0000000008005b3c       0x40 C:/ST/STM32CubeIDE_1.11.0/STM32CubeIDE/plugins/com.st.stm32cube.ide.mcu.externaltools.gnu-tools-for-stm32.11.3.rel1.win32_1.1.0.202305231506/tools/bin/../lib/gcc/arm-none-eabi/11.3.1/../../../../arm-none-eabi/lib/thumb/v7-m/nofp\libc_nano.a(libc_a-mallocr.o)
 .text._malloc_r
                0x0000000008005b7c      0x100 C:/ST/STM32CubeIDE_1.11.0/STM32CubeIDE/plugins/com.st.stm32cube.ide.mcu.externaltools.gnu-tools-for-stm32.11.3.rel1.win32_1.1.0.202305231506/tools/bin/../lib/gcc/arm-none-eabi/11.3.1/../../../../arm-none-eabi/lib/thumb/v7-m/nofp\libc_nano.a(libc_a-mallocr.o)
                0x0000000008005b7c                _malloc_r
 .text.__malloc_lock
                0x0000000008005c7c        0xc C:/ST/STM32CubeIDE_1.11.0/STM32CubeIDE/plugins/com.st.stm32cube.ide.mcu.externaltools.gnu-tools-for-stm32.11.3.rel1.win32_1.1.0.202305231506/tools/bin/../lib/gcc/arm-none-eabi/11.3.1/../../../../arm-none-eabi/lib/thumb/v7-m/nofp\libc_nano.a(libc_a-mlock.o)
                0x0000000008005c7c                __malloc_lock
 .text.__malloc_unlock
                0x0000000008005c88        0xc C:/ST/STM32CubeIDE_1.11.0/STM32CubeIDE/plugins/com.st.stm32cube.ide.mcu.externaltools.gnu-tools-for-stm32.11.3.rel1.win32_1.1.0.202305231506/tools/bin/../lib/gcc/arm-none-eabi/11.3.1/../../../../arm-none-eabi/lib/thumb/v7-m/nofp\libc_nano.a(libc_a-mlock.o)
                0x0000000008005c88                __malloc_unlock
 .text.__sfputc_r
                0x0000000008005c94       0x2a C:/ST/STM32CubeIDE_1.11.0/STM32CubeIDE/plugins/com.st.stm32cube.ide.mcu.externaltools.gnu-tools-for-stm32.11.3.rel1.win32_1.1.0.202305231506/tools/bin/../lib/gcc/arm-none-eabi/11.3.1/../../../../arm-none-eabi/lib/thumb/v7-m/nofp\libc_nano.a(libc_a-nano-vfprintf.o)
 .text.__sfputs_r
                0x0000000008005cbe       0x24 C:/ST/STM32CubeIDE_1.11.0/STM32CubeIDE/plugins/com.st.stm32cube.ide.mcu.externaltools.gnu-tools-for-stm32.11.3.rel1.win32_1.1.0.202305231506/tools/bin/../lib/gcc/arm-none-eabi/11.3.1/../../../../arm-none-eabi/lib/thumb/v7-m/nofp\libc_nano.a(libc_a-nano-vfprintf.o)
                0x0000000008005cbe                __sfputs_r
 *fill*         0x0000000008005ce2        0x2 
 .text._vfprintf_r
                0x0000000008005ce4      0x234 C:/ST/STM32CubeIDE_1.11.0/STM32CubeIDE/plugins/com.st.stm32cube.ide.mcu.externaltools.gnu-tools-for-stm32.11.3.rel1.win32_1.1.0.202305231506/tools/bin/../lib/gcc/arm-none-eabi/11.3.1/../../../../arm-none-eabi/lib/thumb/v7-m/nofp\libc_nano.a(libc_a-nano-vfprintf.o)
                0x0000000008005ce4                _vfprintf_r
                0x0000000008005ce4                _vfiprintf_r
 .text._printf_common
                0x0000000008005f18       0xe4 C:/ST/STM32CubeIDE_1.11.0/STM32CubeIDE/plugins/com.st.stm32cube.ide.mcu.externaltools.gnu-tools-for-stm32.11.3.rel1.win32_1.1.0.202305231506/tools/bin/../lib/gcc/arm-none-eabi/11.3.1/../../../../arm-none-eabi/lib/thumb/v7-m/nofp\libc_nano.a(libc_a-nano-vfprintf_i.o)
                0x0000000008005f18                _printf_common
 .text._printf_i
                0x0000000008005ffc      0x244 C:/ST/STM32CubeIDE_1.11.0/STM32CubeIDE/plugins/com.st.stm32cube.ide.mcu.externaltools.gnu-tools-for-stm32.11.3.rel1.win32_1.1.0.202305231506/tools/bin/../lib/gcc/arm-none-eabi/11.3.1/../../../../arm-none-eabi/lib/thumb/v7-m/nofp\libc_nano.a(libc_a-nano-vfprintf_i.o)
                0x0000000008005ffc                _printf_i
 .text.__swhatbuf_r
                0x0000000008006240       0x4a C:/ST/STM32CubeIDE_1.11.0/STM32CubeIDE/plugins/com.st.stm32cube.ide.mcu.externaltools.gnu-tools-for-stm32.11.3.rel1.win32_1.1.0.202305231506/tools/bin/../lib/gcc/arm-none-eabi/11.3.1/../../../../arm-none-eabi/lib/thumb/v7-m/nofp\libc_nano.a(libc_a-makebuf.o)
                0x0000000008006240                __swhatbuf_r
 .text.__smakebuf_r
                0x000000000800628a       0x78 C:/ST/STM32CubeIDE_1.11.0/STM32CubeIDE/plugins/com.st.stm32cube.ide.mcu.externaltools.gnu-tools-for-stm32.11.3.rel1.win32_1.1.0.202305231506/tools/bin/../lib/gcc/arm-none-eabi/11.3.1/../../../../arm-none-eabi/lib/thumb/v7-m/nofp\libc_nano.a(libc_a-makebuf.o)
                0x000000000800628a                __smakebuf_r
 *fill*         0x0000000008006302        0x2 
 .text._fstat_r
                0x0000000008006304       0x24 C:/ST/STM32CubeIDE_1.11.0/STM32CubeIDE/plugins/com.st.stm32cube.ide.mcu.externaltools.gnu-tools-for-stm32.11.3.rel1.win32_1.1.0.202305231506/tools/bin/../lib/gcc/arm-none-eabi/11.3.1/../../../../arm-none-eabi/lib/thumb/v7-m/nofp\libc_nano.a(libc_a-fstatr.o)
                0x0000000008006304                _fstat_r
 .text._isatty_r
                0x0000000008006328       0x20 C:/ST/STM32CubeIDE_1.11.0/STM32CubeIDE/plugins/com.st.stm32cube.ide.mcu.externaltools.gnu-tools-for-stm32.11.3.rel1.win32_1.1.0.202305231506/tools/bin/../lib/gcc/arm-none-eabi/11.3.1/../../../../arm-none-eabi/lib/thumb/v7-m/nofp\libc_nano.a(libc_a-isattyr.o)
                0x0000000008006328                _isatty_r
 .text._sbrk_r  0x0000000008006348       0x20 C:/ST/STM32CubeIDE_1.11.0/STM32CubeIDE/plugins/com.st.stm32cube.ide.mcu.externaltools.gnu-tools-for-stm32.11.3.rel1.win32_1.1.0.202305231506/tools/bin/../lib/gcc/arm-none-eabi/11.3.1/../../../../arm-none-eabi/lib/thumb/v7-m/nofp\libc_nano.a(libc_a-sbrkr.o)
                0x0000000008006348                _sbrk_r
 .text.memchr   0x0000000008006368       0x1c C:/ST/STM32CubeIDE_1.11.0/STM32CubeIDE/plugins/com.st.stm32cube.ide.mcu.externaltools.gnu-tools-for-stm32.11.3.rel1.win32_1.1.0.202305231506/tools/bin/../lib/gcc/arm-none-eabi/11.3.1/../../../../arm-none-eabi/lib/thumb/v7-m/nofp\libc_nano.a(libc_a-memchr-stub.o)
                0x0000000008006368                memchr
 *(.glue_7)
 .glue_7        0x0000000008006384        0x0 linker stubs
 *(.glue_7t)
 .glue_7t       0x0000000008006384        0x0 linker stubs
 *(.eh_frame)
 .eh_frame      0x0000000008006384        0x0 C:/ST/STM32CubeIDE_1.11.0/STM32CubeIDE/plugins/com.st.stm32cube.ide.mcu.externaltools.gnu-tools-for-stm32.11.3.rel1.win32_1.1.0.202305231506/tools/bin/../lib/gcc/arm-none-eabi/11.3.1/thumb/v7-m/nofp/crtbegin.o
 *(.init)
 .init          0x0000000008006384        0x4 C:/ST/STM32CubeIDE_1.11.0/STM32CubeIDE/plugins/com.st.stm32cube.ide.mcu.externaltools.gnu-tools-for-stm32.11.3.rel1.win32_1.1.0.202305231506/tools/bin/../lib/gcc/arm-none-eabi/11.3.1/thumb/v7-m/nofp/crti.o
                0x0000000008006384                _init
 .init          0x0000000008006388        0x8 C:/ST/STM32CubeIDE_1.11.0/STM32CubeIDE/plugins/com.st.stm32cube.ide.mcu.externaltools.gnu-tools-for-stm32.11.3.rel1.win32_1.1.0.202305231506/tools/bin/../lib/gcc/arm-none-eabi/11.3.1/thumb/v7-m/nofp/crtn.o
 *(.fini)
 .fini          0x0000000008006390        0x4 C:/ST/STM32CubeIDE_1.11.0/STM32CubeIDE/plugins/com.st.stm32cube.ide.mcu.externaltools.gnu-tools-for-stm32.11.3.rel1.win32_1.1.0.202305231506/tools/bin/../lib/gcc/arm-none-eabi/11.3.1/thumb/v7-m/nofp/crti.o
                0x0000000008006390                _fini
 .fini          0x0000000008006394        0x8 C:/ST/STM32CubeIDE_1.11.0/STM32CubeIDE/plugins/com.st.stm32cube.ide.mcu.externaltools.gnu-tools-for-stm32.11.3.rel1.win32_1.1.0.202305231506/tools/bin/../lib/gcc/arm-none-eabi/11.3.1/thumb/v7-m/nofp/crtn.o
                0x000000000800639c                . = ALIGN (0x4)
                0x000000000800639c                _etext = .

.vfp11_veneer   0x000000000800639c        0x0
 .vfp11_veneer  0x000000000800639c        0x0 linker stubs

.v4_bx          0x000000000800639c        0x0
 .v4_bx         0x000000000800639c        0x0 linker stubs

.iplt           0x000000000800639c        0x0
 .iplt          0x000000000800639c        0x0 C:/ST/STM32CubeIDE_1.11.0/STM32CubeIDE/plugins/com.st.stm32cube.ide.mcu.externaltools.gnu-tools-for-stm32.11.3.rel1.win32_1.1.0.202305231506/tools/bin/../lib/gcc/arm-none-eabi/11.3.1/thumb/v7-m/nofp/crtbegin.o

.rodata         0x000000000800639c      0x6c8
                0x000000000800639c                . = ALIGN (0x4)
 *(.rodata)
 .rodata        0x000000000800639c       0x1c ./Core/Src/freertos.o
 *(.rodata*)
 .rodata.CheckError.str1.1
                0x00000000080063b8       0xb1 ./Core/Src/components/platform/sdio.o
                                         0xb3 (size before relaxing)
 .rodata.GetITStatus.str1.1
                0x0000000008006469       0x10 ./Core/Src/components/platform/sdio.o
 .rodata.STM32WriteData.str1.1
                0x0000000008006479       0x6d ./Core/Src/components/platform/sdio.o
 .rodata.SdioDriverInit.str1.1
                0x00000000080064e6       0x8a ./Core/Src/components/platform/sdio.o
 .rodata.STM32ReadData.str1.1
                0x0000000008006570       0x33 ./Core/Src/components/platform/sdio.o
 .rodata.STM32SdioInit.str1.1
                0x00000000080065a3       0x52 ./Core/Src/components/platform/sdio.o
 .rodata.STM32WaitIntr.str1.1
                0x00000000080065f5        0x9 ./Core/Src/components/platform/sdio.o
 .rodata.SDIO_IRQHandler.str1.1
                0x00000000080065fe       0x17 ./Core/Src/components/platform/sdio.o
 .rodata.TAG    0x0000000008006615        0xb ./Core/Src/components/platform/sdio.o
 .rodata.__FUNCTION__.0
                0x0000000008006620        0xe ./Core/Src/components/platform/sdio.o
 .rodata.__FUNCTION__.1
                0x000000000800662e        0xd ./Core/Src/components/platform/sdio.o
 .rodata.__FUNCTION__.2
                0x000000000800663b        0xe ./Core/Src/components/platform/sdio.o
 .rodata.__FUNCTION__.3
                0x0000000008006649        0xf ./Core/Src/components/platform/sdio.o
 .rodata.__FUNCTION__.4
                0x0000000008006658        0xf ./Core/Src/components/platform/sdio.o
 .rodata.sdio_driver_read_bytes.str1.1
                0x0000000008006667       0x1e ./Core/Src/components/platform/sdio_driver_port.o
 .rodata.sdio_driver_write_bytes.str1.1
                0x0000000008006685       0x1f ./Core/Src/components/platform/sdio_driver_port.o
 .rodata.sdio_host_init.str1.1
                0x00000000080066a4       0xfc ./Core/Src/components/sdio_host/sdio_host_transport.o
                                        0x10c (size before relaxing)
 .rodata.sdio_host_get_packet.str1.1
                0x00000000080067a0       0x3b ./Core/Src/components/sdio_host/sdio_host_transport.o
 .rodata.sdio_host_clear_intr.str1.1
                0x00000000080067db       0x11 ./Core/Src/components/sdio_host/sdio_host_transport.o
 .rodata.sdio_host_get_intr.str1.1
                0x00000000080067ec        0x9 ./Core/Src/components/sdio_host/sdio_host_transport.o
                                         0x10 (size before relaxing)
 .rodata.sdio_host_send_packet.str1.1
                0x00000000080067f5       0xa4 ./Core/Src/components/sdio_host/sdio_host_transport.o
                                         0xab (size before relaxing)
 .rodata.TAG    0x0000000008006899        0xf ./Core/Src/components/sdio_host/sdio_host_transport.o
 .rodata.StartDefaultTask.str1.1
                0x00000000080068a8       0x8c ./Core/Src/freertos.o
                                         0x9c (size before relaxing)
 .rodata.sdio_recv_task.str1.1
                0x0000000008006934       0x9a ./Core/Src/freertos.o
                                         0xa1 (size before relaxing)
 .rodata.str1.1
                0x00000000080069ce        0xc ./Core/Src/freertos.o
 .rodata.__FUNCTION__.0
                0x00000000080069da        0xf ./Core/Src/freertos.o
 .rodata.AHBPrescTable
                0x00000000080069e9       0x10 ./Core/Src/system_stm32f1xx.o
                0x00000000080069e9                AHBPrescTable
 .rodata.APBPrescTable
                0x00000000080069f9        0x8 ./Core/Src/system_stm32f1xx.o
                0x00000000080069f9                APBPrescTable
 .rodata.aPLLMULFactorTable.1
                0x0000000008006a01       0x10 ./Drivers/STM32F1xx_HAL_Driver/Src/stm32f1xx_hal_rcc.o
 .rodata.aPredivFactorTable.0
                0x0000000008006a11        0x2 ./Drivers/STM32F1xx_HAL_Driver/Src/stm32f1xx_hal_rcc.o
 .rodata.aPLLMULFactorTable.1
                0x0000000008006a13       0x10 ./Drivers/STM32F1xx_HAL_Driver/Src/stm32f1xx_hal_rcc_ex.o
 .rodata.aPredivFactorTable.0
                0x0000000008006a23        0x2 ./Drivers/STM32F1xx_HAL_Driver/Src/stm32f1xx_hal_rcc_ex.o
 .rodata.CHANNEL_OFFSET_TAB
                0x0000000008006a25        0x7 ./Drivers/STM32F1xx_HAL_Driver/Src/stm32f1xx_ll_dma.o
 .rodata.vTaskStartScheduler.str1.1
                0x0000000008006a2c        0x5 ./Middlewares/Third_Party/FreeRTOS/Source/tasks.o
 .rodata._vfprintf_r.str1.1
                0x0000000008006a31       0x11 C:/ST/STM32CubeIDE_1.11.0/STM32CubeIDE/plugins/com.st.stm32cube.ide.mcu.externaltools.gnu-tools-for-stm32.11.3.rel1.win32_1.1.0.202305231506/tools/bin/../lib/gcc/arm-none-eabi/11.3.1/../../../../arm-none-eabi/lib/thumb/v7-m/nofp\libc_nano.a(libc_a-nano-vfprintf.o)
 .rodata._printf_i.str1.1
                0x0000000008006a42       0x22 C:/ST/STM32CubeIDE_1.11.0/STM32CubeIDE/plugins/com.st.stm32cube.ide.mcu.externaltools.gnu-tools-for-stm32.11.3.rel1.win32_1.1.0.202305231506/tools/bin/../lib/gcc/arm-none-eabi/11.3.1/../../../../arm-none-eabi/lib/thumb/v7-m/nofp\libc_nano.a(libc_a-nano-vfprintf_i.o)
                0x0000000008006a64                . = ALIGN (0x4)

.rel.dyn        0x0000000008006a64        0x0
 .rel.iplt      0x0000000008006a64        0x0 C:/ST/STM32CubeIDE_1.11.0/STM32CubeIDE/plugins/com.st.stm32cube.ide.mcu.externaltools.gnu-tools-for-stm32.11.3.rel1.win32_1.1.0.202305231506/tools/bin/../lib/gcc/arm-none-eabi/11.3.1/thumb/v7-m/nofp/crtbegin.o

.ARM.extab      0x0000000008006a64        0x0
                0x0000000008006a64                . = ALIGN (0x4)
 *(.ARM.extab* .gnu.linkonce.armextab.*)
                0x0000000008006a64                . = ALIGN (0x4)

.ARM            0x0000000008006a64        0x0
                0x0000000008006a64                . = ALIGN (0x4)
                0x0000000008006a64                __exidx_start = .
 *(.ARM.exidx*)
                0x0000000008006a64                __exidx_end = .
                0x0000000008006a64                . = ALIGN (0x4)

.preinit_array  0x0000000008006a64        0x0
                0x0000000008006a64                . = ALIGN (0x4)
                0x0000000008006a64                PROVIDE (__preinit_array_start = .)
 *(.preinit_array*)
                0x0000000008006a64                PROVIDE (__preinit_array_end = .)
                0x0000000008006a64                . = ALIGN (0x4)

.init_array     0x0000000008006a64        0x4
                0x0000000008006a64                . = ALIGN (0x4)
                0x0000000008006a64                PROVIDE (__init_array_start = .)
 *(SORT_BY_NAME(.init_array.*))
 *(.init_array*)
 .init_array    0x0000000008006a64        0x4 C:/ST/STM32CubeIDE_1.11.0/STM32CubeIDE/plugins/com.st.stm32cube.ide.mcu.externaltools.gnu-tools-for-stm32.11.3.rel1.win32_1.1.0.202305231506/tools/bin/../lib/gcc/arm-none-eabi/11.3.1/thumb/v7-m/nofp/crtbegin.o
                0x0000000008006a68                PROVIDE (__init_array_end = .)
                0x0000000008006a68                . = ALIGN (0x4)

.fini_array     0x0000000008006a68        0x4
                0x0000000008006a68                . = ALIGN (0x4)
                [!provide]                        PROVIDE (__fini_array_start = .)
 *(SORT_BY_NAME(.fini_array.*))
 *(.fini_array*)
 .fini_array    0x0000000008006a68        0x4 C:/ST/STM32CubeIDE_1.11.0/STM32CubeIDE/plugins/com.st.stm32cube.ide.mcu.externaltools.gnu-tools-for-stm32.11.3.rel1.win32_1.1.0.202305231506/tools/bin/../lib/gcc/arm-none-eabi/11.3.1/thumb/v7-m/nofp/crtbegin.o
                [!provide]                        PROVIDE (__fini_array_end = .)
                0x0000000008006a6c                . = ALIGN (0x4)
                0x0000000008006a6c                _sidata = LOADADDR (.data)

.data           0x0000000020000000       0x70 load address 0x0000000008006a6c
                0x0000000020000000                . = ALIGN (0x4)
                0x0000000020000000                _sdata = .
 *(.data)
 *(.data*)
 .data.sdio_debugLevel
                0x0000000020000000        0x4 ./Core/Src/freertos.o
                0x0000000020000000                sdio_debugLevel
 .data.SystemCoreClock
                0x0000000020000004        0x4 ./Core/Src/system_stm32f1xx.o
                0x0000000020000004                SystemCoreClock
 .data.uwTickFreq
                0x0000000020000008        0x1 ./Drivers/STM32F1xx_HAL_Driver/Src/stm32f1xx_hal.o
                0x0000000020000008                uwTickFreq
 *fill*         0x0000000020000009        0x3 
 .data.uwTickPrio
                0x000000002000000c        0x4 ./Drivers/STM32F1xx_HAL_Driver/Src/stm32f1xx_hal.o
                0x000000002000000c                uwTickPrio
 .data.uxCriticalNesting
                0x0000000020000010        0x4 ./Middlewares/Third_Party/FreeRTOS/Source/portable/GCC/ARM_CM3/port.o
 .data.__sglue  0x0000000020000014        0xc C:/ST/STM32CubeIDE_1.11.0/STM32CubeIDE/plugins/com.st.stm32cube.ide.mcu.externaltools.gnu-tools-for-stm32.11.3.rel1.win32_1.1.0.202305231506/tools/bin/../lib/gcc/arm-none-eabi/11.3.1/../../../../arm-none-eabi/lib/thumb/v7-m/nofp\libc_nano.a(libc_a-findfp.o)
                0x0000000020000014                __sglue
 .data._impure_data
                0x0000000020000020       0x4c C:/ST/STM32CubeIDE_1.11.0/STM32CubeIDE/plugins/com.st.stm32cube.ide.mcu.externaltools.gnu-tools-for-stm32.11.3.rel1.win32_1.1.0.202305231506/tools/bin/../lib/gcc/arm-none-eabi/11.3.1/../../../../arm-none-eabi/lib/thumb/v7-m/nofp\libc_nano.a(libc_a-impure.o)
                0x0000000020000020                _impure_data
 .data._impure_ptr
                0x000000002000006c        0x4 C:/ST/STM32CubeIDE_1.11.0/STM32CubeIDE/plugins/com.st.stm32cube.ide.mcu.externaltools.gnu-tools-for-stm32.11.3.rel1.win32_1.1.0.202305231506/tools/bin/../lib/gcc/arm-none-eabi/11.3.1/../../../../arm-none-eabi/lib/thumb/v7-m/nofp\libc_nano.a(libc_a-impure.o)
                0x000000002000006c                _impure_ptr
 *(.RamFunc)
 *(.RamFunc*)
                0x0000000020000070                . = ALIGN (0x4)
                0x0000000020000070                _edata = .

.igot.plt       0x0000000020000070        0x0 load address 0x0000000008006adc
 .igot.plt      0x0000000020000070        0x0 C:/ST/STM32CubeIDE_1.11.0/STM32CubeIDE/plugins/com.st.stm32cube.ide.mcu.externaltools.gnu-tools-for-stm32.11.3.rel1.win32_1.1.0.202305231506/tools/bin/../lib/gcc/arm-none-eabi/11.3.1/thumb/v7-m/nofp/crtbegin.o
                0x0000000020000070                . = ALIGN (0x4)

.bss            0x0000000020000070     0x2490 load address 0x0000000008006adc
                0x0000000020000070                _sbss = .
                0x0000000020000070                __bss_start__ = _sbss
 *(.bss)
 .bss           0x0000000020000070       0x1c C:/ST/STM32CubeIDE_1.11.0/STM32CubeIDE/plugins/com.st.stm32cube.ide.mcu.externaltools.gnu-tools-for-stm32.11.3.rel1.win32_1.1.0.202305231506/tools/bin/../lib/gcc/arm-none-eabi/11.3.1/thumb/v7-m/nofp/crtbegin.o
 *(.bss*)
 .bss.hdma_sdio
                0x000000002000008c       0x44 ./Core/Src/components/platform/sdio.o
                0x000000002000008c                hdma_sdio
 .bss.sdio_cmd  0x00000000200000d0       0x14 ./Core/Src/components/platform/sdio.o
 .bss.sdio_data
                0x00000000200000e4       0x18 ./Core/Src/components/platform/sdio.o
 .bss.semahandle
                0x00000000200000fc        0x4 ./Core/Src/components/platform/sdio.o
 .bss.sdio_recv_SemHandle
                0x0000000020000100        0x4 ./Core/Src/components/platform/sdio_driver_port.o
                0x0000000020000100                sdio_recv_SemHandle
 .bss.rx_got_bytes
                0x0000000020000104        0x4 ./Core/Src/components/sdio_host/sdio_host_transport.o
 .bss.tx_sent_buffers
                0x0000000020000108        0x4 ./Core/Src/components/sdio_host/sdio_host_transport.o
 .bss.RxBuffer  0x000000002000010c      0x100 ./Core/Src/freertos.o
                0x000000002000010c                RxBuffer
 .bss.RxBufferBackup
                0x000000002000020c      0x100 ./Core/Src/freertos.o
                0x000000002000020c                RxBufferBackup
 .bss.Uart1_Rx_Cnt
                0x000000002000030c        0x4 ./Core/Src/freertos.o
                0x000000002000030c                Uart1_Rx_Cnt
 .bss.Uart1_Rx_Cnt_Backup
                0x0000000020000310        0x4 ./Core/Src/freertos.o
                0x0000000020000310                Uart1_Rx_Cnt_Backup
 .bss.UartBinarySemHandle
                0x0000000020000314        0x4 ./Core/Src/freertos.o
 .bss.aRxBuffer
                0x0000000020000318        0x1 ./Core/Src/freertos.o
                0x0000000020000318                aRxBuffer
 *fill*         0x0000000020000319        0x3 
 .bss.defaultTaskHandle
                0x000000002000031c        0x4 ./Core/Src/freertos.o
                0x000000002000031c                defaultTaskHandle
 .bss.rcv_buffer
                0x0000000020000320     0x1000 ./Core/Src/freertos.o
                0x0000000020000320                rcv_buffer
 .bss.xIdleStack
                0x0000000020001320      0x200 ./Core/Src/freertos.o
 .bss.xIdleTaskTCBBuffer
                0x0000000020001520       0xa0 ./Core/Src/freertos.o
 .bss.hrtc      0x00000000200015c0       0x14 ./Core/Src/rtc.o
                0x00000000200015c0                hrtc
 .bss.htim2     0x00000000200015d4       0x48 ./Core/Src/stm32f1xx_hal_timebase_tim.o
                0x00000000200015d4                htim2
 .bss.__sbrk_heap_end
                0x000000002000161c        0x4 ./Core/Src/sysmem.o
 .bss.huart1    0x0000000020001620       0x48 ./Core/Src/usart.o
                0x0000000020001620                huart1
 .bss.uwTick    0x0000000020001668        0x4 ./Drivers/STM32F1xx_HAL_Driver/Src/stm32f1xx_hal.o
                0x0000000020001668                uwTick
 .bss.pxCurrentTCB
                0x000000002000166c        0x4 ./Middlewares/Third_Party/FreeRTOS/Source/tasks.o
                0x000000002000166c                pxCurrentTCB
 .bss.pxDelayedTaskList
                0x0000000020001670        0x4 ./Middlewares/Third_Party/FreeRTOS/Source/tasks.o
 .bss.pxOverflowDelayedTaskList
                0x0000000020001674        0x4 ./Middlewares/Third_Party/FreeRTOS/Source/tasks.o
 .bss.pxReadyTasksLists
                0x0000000020001678       0x8c ./Middlewares/Third_Party/FreeRTOS/Source/tasks.o
 .bss.uxCurrentNumberOfTasks
                0x0000000020001704        0x4 ./Middlewares/Third_Party/FreeRTOS/Source/tasks.o
 .bss.uxDeletedTasksWaitingCleanUp
                0x0000000020001708        0x4 ./Middlewares/Third_Party/FreeRTOS/Source/tasks.o
 .bss.uxPendedTicks
                0x000000002000170c        0x4 ./Middlewares/Third_Party/FreeRTOS/Source/tasks.o
 .bss.uxSchedulerSuspended
                0x0000000020001710        0x4 ./Middlewares/Third_Party/FreeRTOS/Source/tasks.o
 .bss.uxTaskNumber
                0x0000000020001714        0x4 ./Middlewares/Third_Party/FreeRTOS/Source/tasks.o
 .bss.uxTopReadyPriority
                0x0000000020001718        0x4 ./Middlewares/Third_Party/FreeRTOS/Source/tasks.o
 .bss.xDelayedTaskList1
                0x000000002000171c       0x14 ./Middlewares/Third_Party/FreeRTOS/Source/tasks.o
 .bss.xDelayedTaskList2
                0x0000000020001730       0x14 ./Middlewares/Third_Party/FreeRTOS/Source/tasks.o
 .bss.xNextTaskUnblockTime
                0x0000000020001744        0x4 ./Middlewares/Third_Party/FreeRTOS/Source/tasks.o
 .bss.xNumOfOverflows
                0x0000000020001748        0x4 ./Middlewares/Third_Party/FreeRTOS/Source/tasks.o
 .bss.xPendingReadyList
                0x000000002000174c       0x14 ./Middlewares/Third_Party/FreeRTOS/Source/tasks.o
 .bss.xSchedulerRunning
                0x0000000020001760        0x4 ./Middlewares/Third_Party/FreeRTOS/Source/tasks.o
 .bss.xSuspendedTaskList
                0x0000000020001764       0x14 ./Middlewares/Third_Party/FreeRTOS/Source/tasks.o
 .bss.xTasksWaitingTermination
                0x0000000020001778       0x14 ./Middlewares/Third_Party/FreeRTOS/Source/tasks.o
 .bss.xTickCount
                0x000000002000178c        0x4 ./Middlewares/Third_Party/FreeRTOS/Source/tasks.o
 .bss.xYieldPending
                0x0000000020001790        0x4 ./Middlewares/Third_Party/FreeRTOS/Source/tasks.o
 .bss.ucMaxSysCallPriority
                0x0000000020001794        0x1 ./Middlewares/Third_Party/FreeRTOS/Source/portable/GCC/ARM_CM3/port.o
 *fill*         0x0000000020001795        0x3 
 .bss.ulMaxPRIGROUPValue
                0x0000000020001798        0x4 ./Middlewares/Third_Party/FreeRTOS/Source/portable/GCC/ARM_CM3/port.o
 .bss.pxEnd     0x000000002000179c        0x4 ./Middlewares/Third_Party/FreeRTOS/Source/portable/MemMang/heap_4.o
 .bss.ucHeap    0x00000000200017a0      0xc00 ./Middlewares/Third_Party/FreeRTOS/Source/portable/MemMang/heap_4.o
 .bss.xBlockAllocatedBit
                0x00000000200023a0        0x4 ./Middlewares/Third_Party/FreeRTOS/Source/portable/MemMang/heap_4.o
 .bss.xFreeBytesRemaining
                0x00000000200023a4        0x4 ./Middlewares/Third_Party/FreeRTOS/Source/portable/MemMang/heap_4.o
 .bss.xMinimumEverFreeBytesRemaining
                0x00000000200023a8        0x4 ./Middlewares/Third_Party/FreeRTOS/Source/portable/MemMang/heap_4.o
 .bss.xStart    0x00000000200023ac        0x8 ./Middlewares/Third_Party/FreeRTOS/Source/portable/MemMang/heap_4.o
 .bss.__sf      0x00000000200023b4      0x138 C:/ST/STM32CubeIDE_1.11.0/STM32CubeIDE/plugins/com.st.stm32cube.ide.mcu.externaltools.gnu-tools-for-stm32.11.3.rel1.win32_1.1.0.202305231506/tools/bin/../lib/gcc/arm-none-eabi/11.3.1/../../../../arm-none-eabi/lib/thumb/v7-m/nofp\libc_nano.a(libc_a-findfp.o)
                0x00000000200023b4                __sf
 .bss.__stdio_exit_handler
                0x00000000200024ec        0x4 C:/ST/STM32CubeIDE_1.11.0/STM32CubeIDE/plugins/com.st.stm32cube.ide.mcu.externaltools.gnu-tools-for-stm32.11.3.rel1.win32_1.1.0.202305231506/tools/bin/../lib/gcc/arm-none-eabi/11.3.1/../../../../arm-none-eabi/lib/thumb/v7-m/nofp\libc_nano.a(libc_a-findfp.o)
                0x00000000200024ec                __stdio_exit_handler
 .bss.errno     0x00000000200024f0        0x4 C:/ST/STM32CubeIDE_1.11.0/STM32CubeIDE/plugins/com.st.stm32cube.ide.mcu.externaltools.gnu-tools-for-stm32.11.3.rel1.win32_1.1.0.202305231506/tools/bin/../lib/gcc/arm-none-eabi/11.3.1/../../../../arm-none-eabi/lib/thumb/v7-m/nofp\libc_nano.a(libc_a-reent.o)
                0x00000000200024f0                errno
 .bss.__lock___malloc_recursive_mutex
                0x00000000200024f4        0x1 C:/ST/STM32CubeIDE_1.11.0/STM32CubeIDE/plugins/com.st.stm32cube.ide.mcu.externaltools.gnu-tools-for-stm32.11.3.rel1.win32_1.1.0.202305231506/tools/bin/../lib/gcc/arm-none-eabi/11.3.1/../../../../arm-none-eabi/lib/thumb/v7-m/nofp\libc_nano.a(libc_a-lock.o)
                0x00000000200024f4                __lock___malloc_recursive_mutex
 .bss.__lock___sfp_recursive_mutex
                0x00000000200024f5        0x1 C:/ST/STM32CubeIDE_1.11.0/STM32CubeIDE/plugins/com.st.stm32cube.ide.mcu.externaltools.gnu-tools-for-stm32.11.3.rel1.win32_1.1.0.202305231506/tools/bin/../lib/gcc/arm-none-eabi/11.3.1/../../../../arm-none-eabi/lib/thumb/v7-m/nofp\libc_nano.a(libc_a-lock.o)
                0x00000000200024f5                __lock___sfp_recursive_mutex
 *fill*         0x00000000200024f6        0x2 
 .bss.__malloc_free_list
                0x00000000200024f8        0x4 C:/ST/STM32CubeIDE_1.11.0/STM32CubeIDE/plugins/com.st.stm32cube.ide.mcu.externaltools.gnu-tools-for-stm32.11.3.rel1.win32_1.1.0.202305231506/tools/bin/../lib/gcc/arm-none-eabi/11.3.1/../../../../arm-none-eabi/lib/thumb/v7-m/nofp\libc_nano.a(libc_a-mallocr.o)
                0x00000000200024f8                __malloc_free_list
 .bss.__malloc_sbrk_start
                0x00000000200024fc        0x4 C:/ST/STM32CubeIDE_1.11.0/STM32CubeIDE/plugins/com.st.stm32cube.ide.mcu.externaltools.gnu-tools-for-stm32.11.3.rel1.win32_1.1.0.202305231506/tools/bin/../lib/gcc/arm-none-eabi/11.3.1/../../../../arm-none-eabi/lib/thumb/v7-m/nofp\libc_nano.a(libc_a-mallocr.o)
                0x00000000200024fc                __malloc_sbrk_start
 *(COMMON)
                0x0000000020002500                . = ALIGN (0x4)
                0x0000000020002500                _ebss = .
                0x0000000020002500                __bss_end__ = _ebss

._user_heap_stack
                0x0000000020002500      0x600 load address 0x0000000008006adc
                0x0000000020002500                . = ALIGN (0x8)
                [!provide]                        PROVIDE (end = .)
                0x0000000020002500                PROVIDE (_end = .)
                0x0000000020002700                . = (. + _Min_Heap_Size)
 *fill*         0x0000000020002500      0x200 
                0x0000000020002b00                . = (. + _Min_Stack_Size)
 *fill*         0x0000000020002700      0x400 
                0x0000000020002b00                . = ALIGN (0x8)

/DISCARD/
 libc.a(*)
 libm.a(*)
 libgcc.a(*)

.ARM.attributes
                0x0000000000000000       0x29
 *(.ARM.attributes)
 .ARM.attributes
                0x0000000000000000       0x1d C:/ST/STM32CubeIDE_1.11.0/STM32CubeIDE/plugins/com.st.stm32cube.ide.mcu.externaltools.gnu-tools-for-stm32.11.3.rel1.win32_1.1.0.202305231506/tools/bin/../lib/gcc/arm-none-eabi/11.3.1/thumb/v7-m/nofp/crti.o
 .ARM.attributes
                0x000000000000001d       0x2d C:/ST/STM32CubeIDE_1.11.0/STM32CubeIDE/plugins/com.st.stm32cube.ide.mcu.externaltools.gnu-tools-for-stm32.11.3.rel1.win32_1.1.0.202305231506/tools/bin/../lib/gcc/arm-none-eabi/11.3.1/thumb/v7-m/nofp/crtbegin.o
 .ARM.attributes
                0x000000000000004a       0x2d ./Core/Src/components/platform/platform_os.o
 .ARM.attributes
                0x0000000000000077       0x2d ./Core/Src/components/platform/sdio.o
 .ARM.attributes
                0x00000000000000a4       0x2d ./Core/Src/components/platform/sdio_driver_port.o
 .ARM.attributes
                0x00000000000000d1       0x2d ./Core/Src/components/sdio_host/sdio_host_transport.o
 .ARM.attributes
                0x00000000000000fe       0x2d ./Core/Src/dma.o
 .ARM.attributes
                0x000000000000012b       0x2d ./Core/Src/freertos.o
 .ARM.attributes
                0x0000000000000158       0x2d ./Core/Src/gpio.o
 .ARM.attributes
                0x0000000000000185       0x2d ./Core/Src/main.o
 .ARM.attributes
                0x00000000000001b2       0x2d ./Core/Src/rtc.o
 .ARM.attributes
                0x00000000000001df       0x2d ./Core/Src/stm32f1xx_hal_msp.o
 .ARM.attributes
                0x000000000000020c       0x2d ./Core/Src/stm32f1xx_hal_timebase_tim.o
 .ARM.attributes
                0x0000000000000239       0x2d ./Core/Src/stm32f1xx_it.o
 .ARM.attributes
                0x0000000000000266       0x2d ./Core/Src/syscalls.o
 .ARM.attributes
                0x0000000000000293       0x2d ./Core/Src/sysmem.o
 .ARM.attributes
                0x00000000000002c0       0x2d ./Core/Src/system_stm32f1xx.o
 .ARM.attributes
                0x00000000000002ed       0x2d ./Core/Src/usart.o
 .ARM.attributes
                0x000000000000031a       0x21 ./Core/Startup/startup_stm32f103zetx.o
 .ARM.attributes
                0x000000000000033b       0x2d ./Drivers/STM32F1xx_HAL_Driver/Src/stm32f1xx_hal.o
 .ARM.attributes
                0x0000000000000368       0x2d ./Drivers/STM32F1xx_HAL_Driver/Src/stm32f1xx_hal_cortex.o
 .ARM.attributes
                0x0000000000000395       0x2d ./Drivers/STM32F1xx_HAL_Driver/Src/stm32f1xx_hal_dma.o
 .ARM.attributes
                0x00000000000003c2       0x2d ./Drivers/STM32F1xx_HAL_Driver/Src/stm32f1xx_hal_gpio.o
 .ARM.attributes
                0x00000000000003ef       0x2d ./Drivers/STM32F1xx_HAL_Driver/Src/stm32f1xx_hal_pwr.o
 .ARM.attributes
                0x000000000000041c       0x2d ./Drivers/STM32F1xx_HAL_Driver/Src/stm32f1xx_hal_rcc.o
 .ARM.attributes
                0x0000000000000449       0x2d ./Drivers/STM32F1xx_HAL_Driver/Src/stm32f1xx_hal_rcc_ex.o
 .ARM.attributes
                0x0000000000000476       0x2d ./Drivers/STM32F1xx_HAL_Driver/Src/stm32f1xx_hal_rtc.o
 .ARM.attributes
                0x00000000000004a3       0x2d ./Drivers/STM32F1xx_HAL_Driver/Src/stm32f1xx_hal_tim.o
 .ARM.attributes
                0x00000000000004d0       0x2d ./Drivers/STM32F1xx_HAL_Driver/Src/stm32f1xx_hal_tim_ex.o
 .ARM.attributes
                0x00000000000004fd       0x2d ./Drivers/STM32F1xx_HAL_Driver/Src/stm32f1xx_hal_uart.o
 .ARM.attributes
                0x000000000000052a       0x2d ./Drivers/STM32F1xx_HAL_Driver/Src/stm32f1xx_ll_dma.o
 .ARM.attributes
                0x0000000000000557       0x2d ./Drivers/STM32F1xx_HAL_Driver/Src/stm32f1xx_ll_sdmmc.o
 .ARM.attributes
                0x0000000000000584       0x2d ./Middlewares/Third_Party/FreeRTOS/Source/CMSIS_RTOS/cmsis_os.o
 .ARM.attributes
                0x00000000000005b1       0x2d ./Middlewares/Third_Party/FreeRTOS/Source/list.o
 .ARM.attributes
                0x00000000000005de       0x2d ./Middlewares/Third_Party/FreeRTOS/Source/queue.o
 .ARM.attributes
                0x000000000000060b       0x2d ./Middlewares/Third_Party/FreeRTOS/Source/tasks.o
 .ARM.attributes
                0x0000000000000638       0x2d ./Middlewares/Third_Party/FreeRTOS/Source/portable/GCC/ARM_CM3/port.o
 .ARM.attributes
                0x0000000000000665       0x2d ./Middlewares/Third_Party/FreeRTOS/Source/portable/MemMang/heap_4.o
 .ARM.attributes
                0x0000000000000692       0x2d C:/ST/STM32CubeIDE_1.11.0/STM32CubeIDE/plugins/com.st.stm32cube.ide.mcu.externaltools.gnu-tools-for-stm32.11.3.rel1.win32_1.1.0.202305231506/tools/bin/../lib/gcc/arm-none-eabi/11.3.1/../../../../arm-none-eabi/lib/thumb/v7-m/nofp\libc_nano.a(libc_a-fflush.o)
 .ARM.attributes
                0x00000000000006bf       0x2d C:/ST/STM32CubeIDE_1.11.0/STM32CubeIDE/plugins/com.st.stm32cube.ide.mcu.externaltools.gnu-tools-for-stm32.11.3.rel1.win32_1.1.0.202305231506/tools/bin/../lib/gcc/arm-none-eabi/11.3.1/../../../../arm-none-eabi/lib/thumb/v7-m/nofp\libc_nano.a(libc_a-findfp.o)
 .ARM.attributes
                0x00000000000006ec       0x2d C:/ST/STM32CubeIDE_1.11.0/STM32CubeIDE/plugins/com.st.stm32cube.ide.mcu.externaltools.gnu-tools-for-stm32.11.3.rel1.win32_1.1.0.202305231506/tools/bin/../lib/gcc/arm-none-eabi/11.3.1/../../../../arm-none-eabi/lib/thumb/v7-m/nofp\libc_nano.a(libc_a-fwalk.o)
 .ARM.attributes
                0x0000000000000719       0x2d C:/ST/STM32CubeIDE_1.11.0/STM32CubeIDE/plugins/com.st.stm32cube.ide.mcu.externaltools.gnu-tools-for-stm32.11.3.rel1.win32_1.1.0.202305231506/tools/bin/../lib/gcc/arm-none-eabi/11.3.1/../../../../arm-none-eabi/lib/thumb/v7-m/nofp\libc_nano.a(libc_a-printf.o)
 .ARM.attributes
                0x0000000000000746       0x2d C:/ST/STM32CubeIDE_1.11.0/STM32CubeIDE/plugins/com.st.stm32cube.ide.mcu.externaltools.gnu-tools-for-stm32.11.3.rel1.win32_1.1.0.202305231506/tools/bin/../lib/gcc/arm-none-eabi/11.3.1/../../../../arm-none-eabi/lib/thumb/v7-m/nofp\libc_nano.a(libc_a-puts.o)
 .ARM.attributes
                0x0000000000000773       0x2d C:/ST/STM32CubeIDE_1.11.0/STM32CubeIDE/plugins/com.st.stm32cube.ide.mcu.externaltools.gnu-tools-for-stm32.11.3.rel1.win32_1.1.0.202305231506/tools/bin/../lib/gcc/arm-none-eabi/11.3.1/../../../../arm-none-eabi/lib/thumb/v7-m/nofp\libc_nano.a(libc_a-stdio.o)
 .ARM.attributes
                0x00000000000007a0       0x2d C:/ST/STM32CubeIDE_1.11.0/STM32CubeIDE/plugins/com.st.stm32cube.ide.mcu.externaltools.gnu-tools-for-stm32.11.3.rel1.win32_1.1.0.202305231506/tools/bin/../lib/gcc/arm-none-eabi/11.3.1/../../../../arm-none-eabi/lib/thumb/v7-m/nofp\libc_nano.a(libc_a-wbuf.o)
 .ARM.attributes
                0x00000000000007cd       0x2d C:/ST/STM32CubeIDE_1.11.0/STM32CubeIDE/plugins/com.st.stm32cube.ide.mcu.externaltools.gnu-tools-for-stm32.11.3.rel1.win32_1.1.0.202305231506/tools/bin/../lib/gcc/arm-none-eabi/11.3.1/../../../../arm-none-eabi/lib/thumb/v7-m/nofp\libc_nano.a(libc_a-wsetup.o)
 .ARM.attributes